Archive member included to satisfy reference by file (symbol)

D:/Games/Dolphin-x64/CodeMii/devkitPro/libogc/lib/cube\libogc.a(console.o)
                              template.o (CON_Init)
D:/Games/Dolphin-x64/CodeMii/devkitPro/libogc/lib/cube\libogc.a(video.o)
                              D:/Games/Dolphin-x64/CodeMii/devkitPro/libogc/lib/cube\libogc.a(console.o) (VIDEO_GetCurrentFramebuffer)
D:/Games/Dolphin-x64/CodeMii/devkitPro/libogc/lib/cube\libogc.a(pad.o)
                              template.o (PAD_Init)
D:/Games/Dolphin-x64/CodeMii/devkitPro/libogc/lib/cube\libogc.a(system.o)
                              D:/Games/Dolphin-x64/CodeMii/devkitPro/libogc/lib/cube\libogc.a(video.o) (__SYS_LockSram)
D:/Games/Dolphin-x64/CodeMii/devkitPro/libogc/lib/cube\libogc.a(system_asm.o)
                              D:/Games/Dolphin-x64/CodeMii/devkitPro/libogc/lib/cube\libogc.a(system.o) (__reset)
D:/Games/Dolphin-x64/CodeMii/devkitPro/libogc/lib/cube\libogc.a(cond.o)
                              D:/Games/Dolphin-x64/CodeMii/devkitPro/libogc/lib/cube\libogc.a(system.o) (__lwp_cond_init)
D:/Games/Dolphin-x64/CodeMii/devkitPro/libogc/lib/cube\libogc.a(decrementer.o)
                              D:/Games/Dolphin-x64/CodeMii/devkitPro/libogc/lib/cube\libogc.a(system.o) (__decrementer_init)
D:/Games/Dolphin-x64/CodeMii/devkitPro/libogc/lib/cube\libogc.a(message.o)
                              D:/Games/Dolphin-x64/CodeMii/devkitPro/libogc/lib/cube\libogc.a(system.o) (__lwp_mqbox_init)
D:/Games/Dolphin-x64/CodeMii/devkitPro/libogc/lib/cube\libogc.a(si.o)
                              D:/Games/Dolphin-x64/CodeMii/devkitPro/libogc/lib/cube\libogc.a(pad.o) (SI_Busy)
D:/Games/Dolphin-x64/CodeMii/devkitPro/libogc/lib/cube\libogc.a(ogc_crt0.o)
                              (_start)
D:/Games/Dolphin-x64/CodeMii/devkitPro/libogc/lib/cube\libogc.a(console_font_8x16.o)
                              D:/Games/Dolphin-x64/CodeMii/devkitPro/libogc/lib/cube\libogc.a(console.o) (console_font_8x16)
D:/Games/Dolphin-x64/CodeMii/devkitPro/libogc/lib/cube\libogc.a(timesupp.o)
                              D:/Games/Dolphin-x64/CodeMii/devkitPro/libogc/lib/cube\libogc.a(system.o) (gettick)
D:/Games/Dolphin-x64/CodeMii/devkitPro/libogc/lib/cube\libogc.a(lock_supp.o)
                              D:/Games/Dolphin-x64/CodeMii/devkitPro/libogc/lib/cube\libogc.a(system.o) (__libogc_lock_init)
D:/Games/Dolphin-x64/CodeMii/devkitPro/libogc/lib/cube\libogc.a(newlibc.o)
                              D:/Games/Dolphin-x64/CodeMii/devkitPro/libogc/lib/cube\libogc.a(system.o) (__libc_init)
D:/Games/Dolphin-x64/CodeMii/devkitPro/libogc/lib/cube\libogc.a(usbgecko.o)
                              D:/Games/Dolphin-x64/CodeMii/devkitPro/libogc/lib/cube\libogc.a(console.o) (usb_isgeckoalive)
D:/Games/Dolphin-x64/CodeMii/devkitPro/libogc/lib/cube\libogc.a(sbrk.o)
                              D:/Games/Dolphin-x64/CodeMii/devkitPro/libogc/lib/cube\libogc.a(system.o) (__libogc_sbrk_r)
D:/Games/Dolphin-x64/CodeMii/devkitPro/libogc/lib/cube\libogc.a(malloc_lock.o)
                              D:/Games/Dolphin-x64/CodeMii/devkitPro/libogc/lib/cube\libogc.a(system.o) (__memlock_init)
D:/Games/Dolphin-x64/CodeMii/devkitPro/libogc/lib/cube\libogc.a(argv.o)
                              D:/Games/Dolphin-x64/CodeMii/devkitPro/libogc/lib/cube\libogc.a(ogc_crt0.o) (__CheckARGV)
D:/Games/Dolphin-x64/CodeMii/devkitPro/libogc/lib/cube\libogc.a(lwp_priority.o)
                              D:/Games/Dolphin-x64/CodeMii/devkitPro/libogc/lib/cube\libogc.a(system.o) (__lwp_priority_init)
D:/Games/Dolphin-x64/CodeMii/devkitPro/libogc/lib/cube\libogc.a(lwp_threadq.o)
                              D:/Games/Dolphin-x64/CodeMii/devkitPro/libogc/lib/cube\libogc.a(cond.o) (__lwp_threadqueue_init)
D:/Games/Dolphin-x64/CodeMii/devkitPro/libogc/lib/cube\libogc.a(lwp_threads.o)
                              D:/Games/Dolphin-x64/CodeMii/devkitPro/libogc/lib/cube\libogc.a(cond.o) (_thr_executing)
D:/Games/Dolphin-x64/CodeMii/devkitPro/libogc/lib/cube\libogc.a(lwp_messages.o)
                              D:/Games/Dolphin-x64/CodeMii/devkitPro/libogc/lib/cube\libogc.a(message.o) (__lwpmq_initialize)
D:/Games/Dolphin-x64/CodeMii/devkitPro/libogc/lib/cube\libogc.a(lwp.o)
                              D:/Games/Dolphin-x64/CodeMii/devkitPro/libogc/lib/cube\libogc.a(system.o) (__lwp_sysinit)
D:/Games/Dolphin-x64/CodeMii/devkitPro/libogc/lib/cube\libogc.a(lwp_handler.o)
                              D:/Games/Dolphin-x64/CodeMii/devkitPro/libogc/lib/cube\libogc.a(lwp_threads.o) (_cpu_context_save_fp)
D:/Games/Dolphin-x64/CodeMii/devkitPro/libogc/lib/cube\libogc.a(lwp_stack.o)
                              D:/Games/Dolphin-x64/CodeMii/devkitPro/libogc/lib/cube\libogc.a(lwp_threads.o) (__lwp_stack_allocate)
D:/Games/Dolphin-x64/CodeMii/devkitPro/libogc/lib/cube\libogc.a(lwp_mutex.o)
[...]
Memory Configuration

Name             Origin             Length             Attributes
*default*        0x0000000000000000 0xffffffffffffffff

Linker script and memory map

                0x0000000080003100                . = 0x80003100

.init           0x0000000080003100      0x194
 *crt0.o(*.init)
 .init          0x0000000080003100      0x170 D:/Games/Dolphin-x64/CodeMii/devkitPro/libogc/lib/cube\libogc.a(ogc_crt0.o)
                0x0000000080003100                _start
                0x0000000080003240                _memset
 *(.init)
 .init          0x0000000080003270        0xc d:/games/dolphin-x64/codemii/devkitpro/devkitppc/bin/../lib/gcc/powerpc-eabi/11.1.0/ecrti.o
                0x0000000080003270                __init
 .init          0x000000008000327c        0x4 d:/games/dolphin-x64/codemii/devkitpro/devkitppc/bin/../lib/gcc/powerpc-eabi/11.1.0/crtbegin.o
 .init          0x0000000080003280        0x4 d:/games/dolphin-x64/codemii/devkitpro/devkitppc/bin/../lib/gcc/powerpc-eabi/11.1.0/crtend.o
 .init          0x0000000080003284       0x10 d:/games/dolphin-x64/codemii/devkitpro/devkitppc/bin/../lib/gcc/powerpc-eabi/11.1.0/ecrtn.o

.rela.dyn       0x0000000080003294        0x0
 .rela.iplt     0x0000000080003294        0x0 d:/games/dolphin-x64/codemii/devkitpro/devkitppc/bin/../lib/gcc/powerpc-eabi/11.1.0/crtbegin.o

.plt
 *(.plt)

.interp
 *(.interp)

.hash
 *(.hash)

.dynsym
 *(.dynsym)

.dynstr
 *(.dynstr)

.gnu.version
 *(.gnu.version)

.gnu.version_d
 *(.gnu.version_d)

.gnu.version_r
 *(.gnu.version_r)

.rel.init
 *(.rel.init)

.rela.init      0x0000000080003294        0x0
 *(.rela.init)
 .rela.init     0x0000000080003294        0x0 d:/games/dolphin-x64/codemii/devkitpro/devkitppc/bin/../lib/gcc/powerpc-eabi/11.1.0/crtbegin.o

.rel.text
 *(.rel.text .rel.text.* .rel.gnu.linkonce.t.*)

.rela.text      0x0000000080003294        0x0
 *(.rela.text .rela.text.* .rela.gnu.linkonce.t.*)
 .rela.text.__do_global_dtors_aux
                0x0000000080003294        0x0 d:/games/dolphin-x64/codemii/devkitpro/devkitppc/bin/../lib/gcc/powerpc-eabi/11.1.0/crtbegin.o
 .rela.text.frame_dummy
                0x0000000080003294        0x0 d:/games/dolphin-x64/codemii/devkitpro/devkitppc/bin/../lib/gcc/powerpc-eabi/11.1.0/crtbegin.o
 .rela.text.SYS_Init
                0x0000000080003294        0x0 d:/games/dolphin-x64/codemii/devkitpro/devkitppc/bin/../lib/gcc/powerpc-eabi/11.1.0/crtbegin.o
 .rela.text.__CheckARGV
                0x0000000080003294        0x0 d:/games/dolphin-x64/codemii/devkitpro/devkitppc/bin/../lib/gcc/powerpc-eabi/11.1.0/crtbegin.o
 .rela.text.__lwp_sysinit
                0x0000000080003294        0x0 d:/games/dolphin-x64/codemii/devkitpro/devkitppc/bin/../lib/gcc/powerpc-eabi/11.1.0/crtbegin.o
 .rela.text.__irq_init
                0x0000000080003294        0x0 d:/games/dolphin-x64/codemii/devkitpro/devkitppc/bin/../lib/gcc/powerpc-eabi/11.1.0/crtbegin.o
 .rela.text.GX_AbortFrame
                0x0000000080003294        0x0 d:/games/dolphin-x64/codemii/devkitpro/devkitppc/bin/../lib/gcc/powerpc-eabi/11.1.0/crtbegin.o

.rel.fini
 *(.rel.fini)

.rela.fini
 *(.rela.fini)

.rel.rodata
 *(.rel.rodata .rel.rodata.* .rel.gnu.linkonce.r.*)

.rela.rodata
 *(.rela.rodata .rela.rodata.* .rela.gnu.linkonce.r.*)

.rel.data
 *(.rel.data .rel.data.* .rel.gnu.linkonce.d.*)

.rela.data
 *(.rela.data .rela.data.* .rela.gnu.linkonce.d.*)

.rel.tdata
 *(.rel.tdata .rel.tdata.* .rel.gnu.linkonce.td.*)

.rela.tdata
 *(.rela.tdata .rela.tdata.* .rela.gnu.linkonce.td.*)

.rel.tbss
 *(.rel.tbss .rel.tbss.* .rel.gnu.linkonce.tb.*)

.rela.tbss
 *(.rela.tbss .rela.tbss.* .rela.gnu.linkonce.tb.*)

.rel.ctors
 *(.rel.ctors)

.rela.ctors
 *(.rela.ctors)

.rel.dtors
 *(.rel.dtors)

.rela.dtors
 *(.rela.dtors)

.rel.got
 *(.rel.got)

.rela.got
 *(.rela.got)

.rela.got1
 *(.rela.got1)

.rela.got2
 *(.rela.got2)

.rel.sdata
 *(.rel.sdata .rel.sdata.* .rel.gnu.linkonce.s.*)

.rela.sdata
 *(.rela.sdata .rela.sdata.* .rela.gnu.linkonce.s.*)

.rel.sbss
 *(.rel.sbss .rel.sbss.* .rel.gnu.linkonce.sb.*)

.rela.sbss
 *(.rela.sbss .rela.sbss.* .rel.gnu.linkonce.sb.*)

.rel.sdata2
 *(.rel.sdata2 .rel.sdata2.* .rel.gnu.linkonce.s2.*)

.rela.sdata2    0x0000000080003294        0x0
 *(.rela.sdata2 .rela.sdata2.* .rela.gnu.linkonce.s2.*)
 .rela.sdata2.__sys_inIPL
                0x0000000080003294        0x0 d:/games/dolphin-x64/codemii/devkitpro/devkitppc/bin/../lib/gcc/powerpc-eabi/11.1.0/crtbegin.o

.rel.sbss2
 *(.rel.sbss2 .rel.sbss2.* .rel.gnu.linkonce.sb2.*)

.rela.sbss2
 *(.rela.sbss2 .rela.sbss2.* .rela.gnu.linkonce.sb2.*)

.rel.bss
 *(.rel.bss .rel.bss.* .rel.gnu.linkonce.b.*)

.rela.bss
 *(.rela.bss .rela.bss.* .rela.gnu.linkonce.b.*)

.rel.plt
 *(.rel.plt)

.rela.plt
 *(.rela.plt)

.text           0x00000000800032a0    0x13b40
 *(.text)
 .text          0x00000000800032a0      0x434 D:/Games/Dolphin-x64/CodeMii/devkitPro/libogc/lib/cube\libogc.a(system_asm.o)
                0x00000000800032a0                __realmode
                0x00000000800032b8                __configBATS
                0x000000008000338c                __InitFPRS
                0x00000000800034b8                __InitPS
                0x0000000080003514                __InitCache
                0x000000008000356c                __InitSystem
                0x00000000800035e4                __flush_cache
                0x0000000080003618                __reset
                0x0000000080003688                __InitBATS
                0x00000000800036a4                SYS_SwitchFiber
 *fill*         0x00000000800036d4        0xc 00000000
 .text          0x00000000800036e0      0x44c D:/Games/Dolphin-x64/CodeMii/devkitPro/libogc/lib/cube\libogc.a(lwp_handler.o)
                0x00000000800036e0                _cpu_context_save_fp
                0x0000000080003820                _cpu_context_restore_fp
                0x0000000080003960                _cpu_context_switch
                0x0000000080003a40                _cpu_context_save
                0x0000000080003ac0                _cpu_context_restore
 .text          0x0000000080003b2c      0x1ac D:/Games/Dolphin-x64/CodeMii/devkitPro/libogc/lib/cube\libogc.a(irq_handler.o)
                0x0000000080003b2c                irq_exceptionhandler
 .text          0x0000000080003cd8      0x4f4 D:/Games/Dolphin-x64/CodeMii/devkitPro/libogc/lib/cube\libogc.a(cache_asm.o)
                0x0000000080003cd8                DCFlashInvalidate
                0x0000000080003cec                DCEnable
                0x0000000080003d00                DCDisable
                0x0000000080003d14                DCFreeze
                0x0000000080003d28                DCUnfreeze
                0x0000000080003d3c                DCTouchLoad
                0x0000000080003d44                DCBlockZero
                0x0000000080003d4c                DCBlockStore
                0x0000000080003d54                DCBlockFlush
                0x0000000080003d5c                DCBlockInvalidate
                0x0000000080003d64                DCInvalidateRange
                0x0000000080003d94                DCFlushRange
                0x0000000080003dc8                DCStoreRange
                0x0000000080003dfc                DCFlushRangeNoSync
                0x0000000080003e2c                DCStoreRangeNoSync
                0x0000000080003e5c                DCZeroRange
                0x0000000080003e8c                DCTouchRange
                0x0000000080003ebc                ICInvalidateRange
                0x0000000080003ef4                ICFlashInvalidate
                0x0000000080003f08                ICEnable
                0x0000000080003f1c                ICDisable
                0x0000000080003f30                ICFreeze
                0x0000000080003f44                ICUnfreeze
                0x0000000080003f58                ICBlockInvalidate
                0x0000000080003f60                ICSync
                0x0000000080003f68                L2Init
                0x0000000080003fb0                L2Enable
                0x0000000080003fcc                L2Disable
                0x0000000080003fe4                L2GlobalInvalidate
                0x000000008000403c                __LCEnable
                0x0000000080004108                LCDisable
                0x0000000080004130                LCAllocOneTag
                0x0000000080004144                LCAllocTags
                0x0000000080004184                LCLoadBlocks
                0x00000000800041a8                LCStoreBlocks
 .text          0x00000000800041cc      0x1ac D:/Games/Dolphin-x64/CodeMii/devkitPro/libogc/lib/cube\libogc.a(decrementer_handler.o)
                0x00000000800041cc                dec_exceptionhandler
 .text          0x0000000080004378      0x35c D:/Games/Dolphin-x64/CodeMii/devkitPro/libogc/lib/cube\libogc.a(exception_handler.o)
                0x0000000080004378                exceptionhandler_start
                0x00000000800043f4                exceptionhandler_patch
                0x0000000080004428                exceptionhandler_end
                0x000000008000442c                default_exceptionhandler
                0x000000008000455c                fpu_exceptionhandler
                0x00000000800046a4                systemcallhandler_start
                0x00000000800046d0                systemcallhandler_end
 .text          0x00000000800046d4       0x48 d:/games/dolphin-x64/codemii/devkitpro/devkitppc/bin/../lib/gcc/powerpc-eabi/11.1.0\libgcc.a(eabi.o)
                0x00000000800046d4                __eabi
 *(.text.*)
 .text.__do_global_dtors_aux
                0x000000008000471c       0xcc d:/games/dolphin-x64/codemii/devkitpro/devkitppc/bin/../lib/gcc/powerpc-eabi/11.1.0/crtbegin.o
 .text.frame_dummy
                0x00000000800047e8       0x24 d:/games/dolphin-x64/codemii/devkitpro/devkitppc/bin/../lib/gcc/powerpc-eabi/11.1.0/crtbegin.o
 .text.__crtmain
                0x000000008000480c       0x44 d:/games/dolphin-x64/codemii/devkitpro/devkitppc/bin/../lib/gcc/powerpc-eabi/11.1.0/../../../../powerpc-eabi/lib/crtmain.o
                0x0000000080004810                __crtmain
 .text.Initialise
                0x0000000080004850       0xc0 template.o
                0x0000000080004850                Initialise
 .text.startup.main
                0x0000000080004910       0x70 template.o
                0x0000000080004910                main
 .text.__console_clear_line
                0x0000000080004980       0x98 D:/Games/Dolphin-x64/CodeMii/devkitPro/libogc/lib/cube\libogc.a(console.o)
 .text.__console_clear
                0x0000000080004a18       0xbc D:/Games/Dolphin-x64/CodeMii/devkitPro/libogc/lib/cube\libogc.a(console.o)
 .text.__console_write
                0x0000000080004ad4      0x7e0 D:/Games/Dolphin-x64/CodeMii/devkitPro/libogc/lib/cube\libogc.a(console.o)
                0x0000000080004ad4                __console_write
 .text.__console_init
                0x00000000800052b4      0x108 D:/Games/Dolphin-x64/CodeMii/devkitPro/libogc/lib/cube\libogc.a(console.o)
                0x00000000800052b4                __console_init
 .text.CON_Init
                0x00000000800053bc        0x4 D:/Games/Dolphin-x64/CodeMii/devkitPro/libogc/lib/cube\libogc.a(console.o)
                0x00000000800053bc                CON_Init
 .text.CON_EnableGecko
                0x00000000800053c0      0x100 D:/Games/Dolphin-x64/CodeMii/devkitPro/libogc/lib/cube\libogc.a(console.o)
                0x00000000800053c0                CON_EnableGecko
 .text.__VIRetraceHandler
                0x00000000800054c0      0x1fc D:/Games/Dolphin-x64/CodeMii/devkitPro/libogc/lib/cube\libogc.a(video.o)
 .text.__setFbbRegs.constprop.0
                0x00000000800056bc      0x188 D:/Games/Dolphin-x64/CodeMii/devkitPro/libogc/lib/cube\libogc.a(video.o)
 .text.VIDEO_Init
                0x0000000080005844      0x4e4 D:/Games/Dolphin-x64/CodeMii/devkitPro/libogc/lib/cube\libogc.a(video.o)
                0x0000000080005844                VIDEO_Init
 .text.VIDEO_Configure
                0x0000000080005d28      0x5e0 D:/Games/Dolphin-x64/CodeMii/devkitPro/libogc/lib/cube\libogc.a(video.o)
                0x0000000080005d28                VIDEO_Configure
 .text.VIDEO_WaitVSync
                0x0000000080006308       0x74 D:/Games/Dolphin-x64/CodeMii/devkitPro/libogc/lib/cube\libogc.a(video.o)
                0x0000000080006308                VIDEO_WaitVSync
 .text.VIDEO_SetFramebuffer
                0x000000008000637c      0x108 D:/Games/Dolphin-x64/CodeMii/devkitPro/libogc/lib/cube\libogc.a(video.o)
                0x000000008000637c                VIDEO_SetFramebuffer
 .text.VIDEO_SetNextFramebuffer
                0x0000000080006484       0x70 D:/Games/Dolphin-x64/CodeMii/devkitPro/libogc/lib/cube\libogc.a(video.o)
                0x0000000080006484                VIDEO_SetNextFramebuffer
 .text.VIDEO_Flush
                0x00000000800064f4       0xf4 D:/Games/Dolphin-x64/CodeMii/devkitPro/libogc/lib/cube\libogc.a(video.o)
                0x00000000800064f4                VIDEO_Flush
 .text.VIDEO_SetBlack
                0x00000000800065e8      0x144 D:/Games/Dolphin-x64/CodeMii/devkitPro/libogc/lib/cube\libogc.a(video.o)
                0x00000000800065e8                VIDEO_SetBlack
 .text.VIDEO_GetCurrentTvMode
                0x000000008000672c       0x7c D:/Games/Dolphin-x64/CodeMii/devkitPro/libogc/lib/cube\libogc.a(video.o)
                0x000000008000672c                VIDEO_GetCurrentTvMode
 .text.VIDEO_GetPreferredMode
                0x00000000800067a8       0xa0 D:/Games/Dolphin-x64/CodeMii/devkitPro/libogc/lib/cube\libogc.a(video.o)
                0x00000000800067a8                VIDEO_GetPreferredMode
 .text.VIDEO_GetCurrentLine
                0x0000000080006848       0x9c D:/Games/Dolphin-x64/CodeMii/devkitPro/libogc/lib/cube\libogc.a(video.o)
                0x0000000080006848                VIDEO_GetCurrentLine
 .text.VIDEO_GetFrameBufferSize
                0x00000000800068e4       0x30 D:/Games/Dolphin-x64/CodeMii/devkitPro/libogc/lib/cube\libogc.a(video.o)
                0x00000000800068e4                VIDEO_GetFrameBufferSize
 .text.SPEC1_MakeStatus
                0x0000000080006914       0xf8 D:/Games/Dolphin-x64/CodeMii/devkitPro/libogc/lib/cube\libogc.a(pad.o)
 .text.__pad_samplinghandler
                0x0000000080006a0c        0x4 D:/Games/Dolphin-x64/CodeMii/devkitPro/libogc/lib/cube\libogc.a(pad.o)
 .text.__pad_doreset
                0x0000000080006a10       0x50 D:/Games/Dolphin-x64/CodeMii/devkitPro/libogc/lib/cube\libogc.a(pad.o)
 .text.__pad_updateorigin
                0x0000000080006a60       0xa0 D:/Games/Dolphin-x64/CodeMii/devkitPro/libogc/lib/cube\libogc.a(pad.o)
 .text.__pad_disable
                0x0000000080006b00       0xbc D:/Games/Dolphin-x64/CodeMii/devkitPro/libogc/lib/cube\libogc.a(pad.o)
 .text.__pad_receivecheckcallback
                0x0000000080006bbc       0x84 D:/Games/Dolphin-x64/CodeMii/devkitPro/libogc/lib/cube\libogc.a(pad.o)
 .text.__pad_typeandstatuscallback
                0x0000000080006c40      0x1ac D:/Games/Dolphin-x64/CodeMii/devkitPro/libogc/lib/cube\libogc.a(pad.o)
 .text.__pad_originupdatecallback
                0x0000000080006dec       0x74 D:/Games/Dolphin-x64/CodeMii/devkitPro/libogc/lib/cube\libogc.a(pad.o)
 .text.__pad_onreset
                0x0000000080006e60      0x108 D:/Games/Dolphin-x64/CodeMii/devkitPro/libogc/lib/cube\libogc.a(pad.o)
 .text.SPEC2_MakeStatus
                0x0000000080006f68      0x1f8 D:/Games/Dolphin-x64/CodeMii/devkitPro/libogc/lib/cube\libogc.a(pad.o)
 .text.__pad_origincallback
                0x0000000080007160       0x74 D:/Games/Dolphin-x64/CodeMii/devkitPro/libogc/lib/cube\libogc.a(pad.o)
 .text.__pad_probecallback
                0x00000000800071d4       0x88 D:/Games/Dolphin-x64/CodeMii/devkitPro/libogc/lib/cube\libogc.a(pad.o)
 .text.__PADDisableRecalibration
                0x000000008000725c       0x58 D:/Games/Dolphin-x64/CodeMii/devkitPro/libogc/lib/cube\libogc.a(pad.o)
                0x000000008000725c                __PADDisableRecalibration
 .text.PAD_Reset
                0x00000000800072b4       0xf0 D:/Games/Dolphin-x64/CodeMii/devkitPro/libogc/lib/cube\libogc.a(pad.o)
                0x00000000800072b4                PAD_Reset
 .text.PAD_Read
                0x00000000800073a4      0x2f8 D:/Games/Dolphin-x64/CodeMii/devkitPro/libogc/lib/cube\libogc.a(pad.o)
                0x00000000800073a4                PAD_Read
 .text.PAD_Init
                0x000000008000769c       0xf8 D:/Games/Dolphin-x64/CodeMii/devkitPro/libogc/lib/cube\libogc.a(pad.o)
                0x000000008000769c                PAD_Init
 .text.PAD_ScanPads
                0x0000000080007794      0x154 D:/Games/Dolphin-x64/CodeMii/devkitPro/libogc/lib/cube\libogc.a(pad.o)
                0x0000000080007794                PAD_ScanPads
 .text.PAD_ButtonsDown
                0x00000000800078e8       0x38 D:/Games/Dolphin-x64/CodeMii/devkitPro/libogc/lib/cube\libogc.a(pad.o)
                0x00000000800078e8                PAD_ButtonsDown
 .text.__reload
                0x0000000080007920       0x14 D:/Games/Dolphin-x64/CodeMii/devkitPro/libogc/lib/cube\libogc.a(system.o)
                0x0000000080007920                __reload
 .text.__call_resetfuncs
                0x0000000080007934       0xbc D:/Games/Dolphin-x64/CodeMii/devkitPro/libogc/lib/cube\libogc.a(system.o)
 .text.__MEMInterruptHandler
                0x00000000800079f0       0x14 D:/Games/Dolphin-x64/CodeMii/devkitPro/libogc/lib/cube\libogc.a(system.o)
 .text.__RSWDefaultHandler
                0x0000000080007a04        0x4 D:/Games/Dolphin-x64/CodeMii/devkitPro/libogc/lib/cube\libogc.a(system.o)
 .text.__RSWHandler
                0x0000000080007a08       0xf4 D:/Games/Dolphin-x64/CodeMii/devkitPro/libogc/lib/cube\libogc.a(system.o)
 .text.__sys_alarmhandler
                0x0000000080007afc       0xfc D:/Games/Dolphin-x64/CodeMii/devkitPro/libogc/lib/cube\libogc.a(system.o)
 .text.__sram_write
                0x0000000080007bf8      0x148 D:/Games/Dolphin-x64/CodeMii/devkitPro/libogc/lib/cube\libogc.a(system.o)
 .text.__sram_writecallback
                0x0000000080007d40       0x54 D:/Games/Dolphin-x64/CodeMii/devkitPro/libogc/lib/cube\libogc.a(system.o)
 .text.__mem_onreset
                0x0000000080007d94       0x48 D:/Games/Dolphin-x64/CodeMii/devkitPro/libogc/lib/cube\libogc.a(system.o)
 .text.__unlocksram
                0x0000000080007ddc      0x180 D:/Games/Dolphin-x64/CodeMii/devkitPro/libogc/lib/cube\libogc.a(system.o)
 .text.__syscall_sbrk_r
                0x0000000080007f5c        0x4 D:/Games/Dolphin-x64/CodeMii/devkitPro/libogc/lib/cube\libogc.a(system.o)
                0x0000000080007f5c                __syscall_sbrk_r
 .text.__syscall_lock_init
                0x0000000080007f60        0x4 D:/Games/Dolphin-x64/CodeMii/devkitPro/libogc/lib/cube\libogc.a(system.o)
                0x0000000080007f60                __syscall_lock_init
 .text.__syscall_lock_close
                0x0000000080007f64        0x4 D:/Games/Dolphin-x64/CodeMii/devkitPro/libogc/lib/cube\libogc.a(system.o)
                0x0000000080007f64                __syscall_lock_close
 .text.__syscall_lock_release
                0x0000000080007f68        0x4 D:/Games/Dolphin-x64/CodeMii/devkitPro/libogc/lib/cube\libogc.a(system.o)
                0x0000000080007f68                __syscall_lock_release
 .text.__syscall_lock_acquire
                0x0000000080007f6c        0x4 D:/Games/Dolphin-x64/CodeMii/devkitPro/libogc/lib/cube\libogc.a(system.o)
                0x0000000080007f6c                __syscall_lock_acquire
 .text.__syscall_malloc_lock
                0x0000000080007f70        0x4 D:/Games/Dolphin-x64/CodeMii/devkitPro/libogc/lib/cube\libogc.a(system.o)
                0x0000000080007f70                __syscall_malloc_lock
 .text.__syscall_malloc_unlock
                0x0000000080007f74        0x4 D:/Games/Dolphin-x64/CodeMii/devkitPro/libogc/lib/cube\libogc.a(system.o)
                0x0000000080007f74                __syscall_malloc_unlock
 .text.__SYS_LockSram
                0x0000000080007f78       0x5c D:/Games/Dolphin-x64/CodeMii/devkitPro/libogc/lib/cube\libogc.a(system.o)
                0x0000000080007f78                __SYS_LockSram
 .text.__SYS_UnlockSram
                0x0000000080007fd4        0x8 D:/Games/Dolphin-x64/CodeMii/devkitPro/libogc/lib/cube\libogc.a(system.o)
                0x0000000080007fd4                __SYS_UnlockSram
 .text.__SYS_PreInit
                0x0000000080007fdc        0x4 D:/Games/Dolphin-x64/CodeMii/devkitPro/libogc/lib/cube\libogc.a(system.o)
                0x0000000080007fdc                __SYS_PreInit
 .text.SYS_PreMain
                0x0000000080007fe0        0x4 D:/Games/Dolphin-x64/CodeMii/devkitPro/libogc/lib/cube\libogc.a(system.o)
                0x0000000080007fe0                SYS_PreMain
 .text.SYS_ResetButtonDown
                0x0000000080007fe4       0x18 D:/Games/Dolphin-x64/CodeMii/devkitPro/libogc/lib/cube\libogc.a(system.o)
                0x0000000080007fe4                SYS_ResetButtonDown
 .text.SYS_ResetSystem
                0x0000000080007ffc      0x300 D:/Games/Dolphin-x64/CodeMii/devkitPro/libogc/lib/cube\libogc.a(system.o)
                0x0000000080007ffc                SYS_ResetSystem
 .text.__syscall_exit
                0x00000000800082fc       0x34 D:/Games/Dolphin-x64/CodeMii/devkitPro/libogc/lib/cube\libogc.a(system.o)
                0x00000000800082fc                __syscall_exit
 .text.SYS_RegisterResetFunc
                0x0000000080008330       0x78 D:/Games/Dolphin-x64/CodeMii/devkitPro/libogc/lib/cube\libogc.a(system.o)
                0x0000000080008330                SYS_RegisterResetFunc
 .text.SYS_SetArena1Lo
                0x00000000800083a8       0x38 D:/Games/Dolphin-x64/CodeMii/devkitPro/libogc/lib/cube\libogc.a(system.o)
                0x00000000800083a8                SYS_SetArena1Lo
 .text.SYS_GetArena1Lo
                0x00000000800083e0       0x38 D:/Games/Dolphin-x64/CodeMii/devkitPro/libogc/lib/cube\libogc.a(system.o)
                0x00000000800083e0                SYS_GetArena1Lo
 .text.SYS_GetArena1Hi
                0x0000000080008418       0x38 D:/Games/Dolphin-x64/CodeMii/devkitPro/libogc/lib/cube\libogc.a(system.o)
                0x0000000080008418                SYS_GetArena1Hi
 .text.SYS_AllocateFramebuffer
                0x0000000080008450       0x28 D:/Games/Dolphin-x64/CodeMii/devkitPro/libogc/lib/cube\libogc.a(system.o)
                0x0000000080008450                SYS_AllocateFramebuffer
 .text.SYS_CreateAlarm
                0x0000000080008478      0x10c D:/Games/Dolphin-x64/CodeMii/devkitPro/libogc/lib/cube\libogc.a(system.o)
                0x0000000080008478                SYS_CreateAlarm
 .text.SYS_SetAlarm
                0x0000000080008584      0x1dc D:/Games/Dolphin-x64/CodeMii/devkitPro/libogc/lib/cube\libogc.a(system.o)
                0x0000000080008584                SYS_SetAlarm
 .text.SYS_CancelAlarm
                0x0000000080008760       0xdc D:/Games/Dolphin-x64/CodeMii/devkitPro/libogc/lib/cube\libogc.a(system.o)
                0x0000000080008760                SYS_CancelAlarm
 .text.SYS_GetWirelessID
                0x000000008000883c       0x90 D:/Games/Dolphin-x64/CodeMii/devkitPro/libogc/lib/cube\libogc.a(system.o)
                0x000000008000883c                SYS_GetWirelessID
 .text.SYS_SetWirelessID
                0x00000000800088cc       0x90 D:/Games/Dolphin-x64/CodeMii/devkitPro/libogc/lib/cube\libogc.a(system.o)
                0x00000000800088cc                SYS_SetWirelessID
 .text.SYS_SetGBSMode
                0x000000008000895c       0xa8 D:/Games/Dolphin-x64/CodeMii/devkitPro/libogc/lib/cube\libogc.a(system.o)
                0x000000008000895c                SYS_SetGBSMode
 .text.__sram_init
                0x0000000080008a04      0x1b4 D:/Games/Dolphin-x64/CodeMii/devkitPro/libogc/lib/cube\libogc.a(system.o)
                0x0000000080008a04                __sram_init
 .text.SYS_Init
                0x0000000080008bb8      0x664 D:/Games/Dolphin-x64/CodeMii/devkitPro/libogc/lib/cube\libogc.a(system.o)
                0x0000000080008bb8                SYS_Init
 .text.__lwp_cond_init
                0x000000008000921c       0x14 D:/Games/Dolphin-x64/CodeMii/devkitPro/libogc/lib/cube\libogc.a(cond.o)
                0x000000008000921c                __lwp_cond_init
 .text.__decrementer_init
                0x0000000080009230        0x4 D:/Games/Dolphin-x64/CodeMii/devkitPro/libogc/lib/cube\libogc.a(decrementer.o)
                0x0000000080009230                __decrementer_init
 .text.c_decrementer_handler
                0x0000000080009234        0xc D:/Games/Dolphin-x64/CodeMii/devkitPro/libogc/lib/cube\libogc.a(decrementer.o)
                0x0000000080009234                c_decrementer_handler
 .text.__lwp_mqbox_init
                0x0000000080009240       0x14 D:/Games/Dolphin-x64/CodeMii/devkitPro/libogc/lib/cube\libogc.a(message.o)
                0x0000000080009240                __lwp_mqbox_init
 .text.__si_transfer
                0x0000000080009254      0x188 D:/Games/Dolphin-x64/CodeMii/devkitPro/libogc/lib/cube\libogc.a(si.o)
 .text.__si_alarmhandler
                0x00000000800093dc       0xe0 D:/Games/Dolphin-x64/CodeMii/devkitPro/libogc/lib/cube\libogc.a(si.o)
 .text.__si_completetransfer
                0x00000000800094bc      0x1f4 D:/Games/Dolphin-x64/CodeMii/devkitPro/libogc/lib/cube\libogc.a(si.o)
 .text.__si_transfernext
                0x00000000800096b0       0xe8 D:/Games/Dolphin-x64/CodeMii/devkitPro/libogc/lib/cube\libogc.a(si.o)
 .text.SI_Busy  0x0000000080009798       0x18 D:/Games/Dolphin-x64/CodeMii/devkitPro/libogc/lib/cube\libogc.a(si.o)
                0x0000000080009798                SI_Busy
 .text.SI_IsChanBusy
                0x00000000800097b0       0x38 D:/Games/Dolphin-x64/CodeMii/devkitPro/libogc/lib/cube\libogc.a(si.o)
                0x00000000800097b0                SI_IsChanBusy
 .text.SI_SetXY
                0x00000000800097e8       0x64 D:/Games/Dolphin-x64/CodeMii/devkitPro/libogc/lib/cube\libogc.a(si.o)
                0x00000000800097e8                SI_SetXY
 .text.SI_EnablePolling
                0x000000008000984c       0x80 D:/Games/Dolphin-x64/CodeMii/devkitPro/libogc/lib/cube\libogc.a(si.o)
                0x000000008000984c                SI_EnablePolling
 .text.SI_DisablePolling
                0x00000000800098cc       0x58 D:/Games/Dolphin-x64/CodeMii/devkitPro/libogc/lib/cube\libogc.a(si.o)
                0x00000000800098cc                SI_DisablePolling
 .text.SI_SetSamplingRate
                0x0000000080009924       0xdc D:/Games/Dolphin-x64/CodeMii/devkitPro/libogc/lib/cube\libogc.a(si.o)
                0x0000000080009924                SI_SetSamplingRate
 .text.SI_RefreshSamplingRate
                0x0000000080009a00        0x8 D:/Games/Dolphin-x64/CodeMii/devkitPro/libogc/lib/cube\libogc.a(si.o)
                0x0000000080009a00                SI_RefreshSamplingRate
 .text.SI_GetStatus
                0x0000000080009a08       0x78 D:/Games/Dolphin-x64/CodeMii/devkitPro/libogc/lib/cube\libogc.a(si.o)
                0x0000000080009a08                SI_GetStatus
 .text.SI_GetResponseRaw
                0x0000000080009a80       0xe8 D:/Games/Dolphin-x64/CodeMii/devkitPro/libogc/lib/cube\libogc.a(si.o)
                0x0000000080009a80                SI_GetResponseRaw
 .text.SI_GetResponse
                0x0000000080009b68       0xb8 D:/Games/Dolphin-x64/CodeMii/devkitPro/libogc/lib/cube\libogc.a(si.o)
                0x0000000080009b68                SI_GetResponse
 .text.SI_SetCommand
                0x0000000080009c20       0x10 D:/Games/Dolphin-x64/CodeMii/devkitPro/libogc/lib/cube\libogc.a(si.o)
                0x0000000080009c20                SI_SetCommand
 .text.SI_Transfer
                0x0000000080009c30      0x274 D:/Games/Dolphin-x64/CodeMii/devkitPro/libogc/lib/cube\libogc.a(si.o)
                0x0000000080009c30                SI_Transfer
 .text.__si_gettypecallback
                0x0000000080009ea4      0x2c0 D:/Games/Dolphin-x64/CodeMii/devkitPro/libogc/lib/cube\libogc.a(si.o)
 .text.__si_interrupthandler
                0x000000008000a164      0x26c D:/Games/Dolphin-x64/CodeMii/devkitPro/libogc/lib/cube\libogc.a(si.o)
 .text.SI_GetType
                0x000000008000a3d0      0x1f4 D:/Games/Dolphin-x64/CodeMii/devkitPro/libogc/lib/cube\libogc.a(si.o)
                0x000000008000a3d0                SI_GetType
 .text.SI_GetTypeAsync
                0x000000008000a5c4      0x138 D:/Games/Dolphin-x64/CodeMii/devkitPro/libogc/lib/cube\libogc.a(si.o)
                0x000000008000a5c4                SI_GetTypeAsync
 .text.SI_EnablePollingInterrupt
                0x000000008000a6fc       0x80 D:/Games/Dolphin-x64/CodeMii/devkitPro/libogc/lib/cube\libogc.a(si.o)
                0x000000008000a6fc                SI_EnablePollingInterrupt
 .text.SI_UnregisterPollingHandler
                0x000000008000a77c       0xdc D:/Games/Dolphin-x64/CodeMii/devkitPro/libogc/lib/cube\libogc.a(si.o)
                0x000000008000a77c                SI_UnregisterPollingHandler
 .text.__si_init
                0x000000008000a858       0xe8 D:/Games/Dolphin-x64/CodeMii/devkitPro/libogc/lib/cube\libogc.a(si.o)
                0x000000008000a858                __si_init
 .text.gettick  0x000000008000a940        0x8 D:/Games/Dolphin-x64/CodeMii/devkitPro/libogc/lib/cube\libogc.a(timesupp.o)
                0x000000008000a940                gettick
 .text.gettime  0x000000008000a948       0x18 D:/Games/Dolphin-x64/CodeMii/devkitPro/libogc/lib/cube\libogc.a(timesupp.o)
                0x000000008000a948                gettime
 .text.diff_usec
                0x000000008000a960       0x88 D:/Games/Dolphin-x64/CodeMii/devkitPro/libogc/lib/cube\libogc.a(timesupp.o)
                0x000000008000a960                diff_usec
 .text.__timesystem_init
                0x000000008000a9e8       0x1c D:/Games/Dolphin-x64/CodeMii/devkitPro/libogc/lib/cube\libogc.a(timesupp.o)
                0x000000008000a9e8                __timesystem_init
 .text.udelay   0x000000008000aa04       0xac D:/Games/Dolphin-x64/CodeMii/devkitPro/libogc/lib/cube\libogc.a(timesupp.o)
                0x000000008000aa04                udelay
 .text.__libogc_lock_init
                0x000000008000aab0       0x78 D:/Games/Dolphin-x64/CodeMii/devkitPro/libogc/lib/cube\libogc.a(lock_supp.o)
                0x000000008000aab0                __libogc_lock_init
 .text.__libogc_lock_close
                0x000000008000ab28       0x64 D:/Games/Dolphin-x64/CodeMii/devkitPro/libogc/lib/cube\libogc.a(lock_supp.o)
                0x000000008000ab28                __libogc_lock_close
 .text.__libogc_lock_acquire
                0x000000008000ab8c       0x20 D:/Games/Dolphin-x64/CodeMii/devkitPro/libogc/lib/cube\libogc.a(lock_supp.o)
                0x000000008000ab8c                __libogc_lock_acquire
 .text.__libogc_lock_release
                0x000000008000abac       0x20 D:/Games/Dolphin-x64/CodeMii/devkitPro/libogc/lib/cube\libogc.a(lock_supp.o)
                0x000000008000abac                __libogc_lock_release
 .text.__libc_create_hook
                0x000000008000abcc       0x10 D:/Games/Dolphin-x64/CodeMii/devkitPro/libogc/lib/cube\libogc.a(newlibc.o)
                0x000000008000abcc                __libc_create_hook
 .text.__libc_start_hook
                0x000000008000abdc       0x9c D:/Games/Dolphin-x64/CodeMii/devkitPro/libogc/lib/cube\libogc.a(newlibc.o)
                0x000000008000abdc                __libc_start_hook
 .text.__libc_delete_hook
                0x000000008000ac78      0x108 D:/Games/Dolphin-x64/CodeMii/devkitPro/libogc/lib/cube\libogc.a(newlibc.o)
                0x000000008000ac78                __libc_delete_hook
 .text.__libc_init
                0x000000008000ad80       0xb0 D:/Games/Dolphin-x64/CodeMii/devkitPro/libogc/lib/cube\libogc.a(newlibc.o)
                0x000000008000ad80                __libc_init
 .text.__usbgecko_exi_unlock
                0x000000008000ae30       0x34 D:/Games/Dolphin-x64/CodeMii/devkitPro/libogc/lib/cube\libogc.a(usbgecko.o)
 .text.usb_isgeckoalive
                0x000000008000ae64      0x1c0 D:/Games/Dolphin-x64/CodeMii/devkitPro/libogc/lib/cube\libogc.a(usbgecko.o)
                0x000000008000ae64                usb_isgeckoalive
 .text.usb_sendbuffer_ex
                0x000000008000b024      0x214 D:/Games/Dolphin-x64/CodeMii/devkitPro/libogc/lib/cube\libogc.a(usbgecko.o)
                0x000000008000b024                usb_sendbuffer_ex
 .text.usb_sendbuffer
                0x000000008000b238        0x8 D:/Games/Dolphin-x64/CodeMii/devkitPro/libogc/lib/cube\libogc.a(usbgecko.o)
                0x000000008000b238                usb_sendbuffer
 .text.usb_sendbuffer_safe_ex
                0x000000008000b240      0x29c D:/Games/Dolphin-x64/CodeMii/devkitPro/libogc/lib/cube\libogc.a(usbgecko.o)
                0x000000008000b240                usb_sendbuffer_safe_ex
 .text.usb_sendbuffer_safe
                0x000000008000b4dc        0x8 D:/Games/Dolphin-x64/CodeMii/devkitPro/libogc/lib/cube\libogc.a(usbgecko.o)
                0x000000008000b4dc                usb_sendbuffer_safe
 .text.__libogc_sbrk_r
                0x000000008000b4e4       0xe0 D:/Games/Dolphin-x64/CodeMii/devkitPro/libogc/lib/cube\libogc.a(sbrk.o)
                0x000000008000b4e4                __libogc_sbrk_r
 .text.__memlock_init
                0x000000008000b5c4       0x7c D:/Games/Dolphin-x64/CodeMii/devkitPro/libogc/lib/cube\libogc.a(malloc_lock.o)
                0x000000008000b5c4                __memlock_init
 .text.__libogc_malloc_lock
                0x000000008000b640      0x1fc D:/Games/Dolphin-x64/CodeMii/devkitPro/libogc/lib/cube\libogc.a(malloc_lock.o)
                0x000000008000b640                __libogc_malloc_lock
 .text.__libogc_malloc_unlock
                0x000000008000b83c       0x64 D:/Games/Dolphin-x64/CodeMii/devkitPro/libogc/lib/cube\libogc.a(malloc_lock.o)
                0x000000008000b83c                __libogc_malloc_unlock
 .text.__CheckARGV
                0x000000008000b8a0       0x80 D:/Games/Dolphin-x64/CodeMii/devkitPro/libogc/lib/cube\libogc.a(argv.o)
                0x000000008000b8a0                __CheckARGV
 .text.__lwp_priority_init
                0x000000008000b920       0x1c D:/Games/Dolphin-x64/CodeMii/devkitPro/libogc/lib/cube\libogc.a(lwp_priority.o)
                0x000000008000b920                __lwp_priority_init
 .text.__lwp_threadqueue_enqueuefifo
                0x000000008000b93c      0x144 D:/Games/Dolphin-x64/CodeMii/devkitPro/libogc/lib/cube\libogc.a(lwp_threadq.o)
                0x000000008000b93c                __lwp_threadqueue_enqueuefifo
 .text.__lwp_threadqueue_dequeuefifo
                0x000000008000ba80      0x14c D:/Games/Dolphin-x64/CodeMii/devkitPro/libogc/lib/cube\libogc.a(lwp_threadq.o)
                0x000000008000ba80                __lwp_threadqueue_dequeuefifo
 .text.__lwp_threadqueue_enqueuepriority
                0x000000008000bbcc      0x334 D:/Games/Dolphin-x64/CodeMii/devkitPro/libogc/lib/cube\libogc.a(lwp_threadq.o)
                0x000000008000bbcc                __lwp_threadqueue_enqueuepriority
 .text.__lwp_threadqueue_dequeuepriority
                0x000000008000bf00      0x1d8 D:/Games/Dolphin-x64/CodeMii/devkitPro/libogc/lib/cube\libogc.a(lwp_threadq.o)
                0x000000008000bf00                __lwp_threadqueue_dequeuepriority
 .text.__lwp_threadqueue_init
                0x000000008000c0d8       0x64 D:/Games/Dolphin-x64/CodeMii/devkitPro/libogc/lib/cube\libogc.a(lwp_threadq.o)
                0x000000008000c0d8                __lwp_threadqueue_init
 .text.__lwp_threadqueue_enqueue
                0x000000008000c13c      0x138 D:/Games/Dolphin-x64/CodeMii/devkitPro/libogc/lib/cube\libogc.a(lwp_threadq.o)
                0x000000008000c13c                __lwp_threadqueue_enqueue
 .text.__lwp_threadqueue_dequeue
                0x000000008000c274       0x24 D:/Games/Dolphin-x64/CodeMii/devkitPro/libogc/lib/cube\libogc.a(lwp_threadq.o)
                0x000000008000c274                __lwp_threadqueue_dequeue
 .text.__lwp_threadqueue_flush
                0x000000008000c298       0x68 D:/Games/Dolphin-x64/CodeMii/devkitPro/libogc/lib/cube\libogc.a(lwp_threadq.o)
                0x000000008000c298                __lwp_threadqueue_flush
 .text.__lwp_threadqueue_extractfifo
                0x000000008000c300       0xe8 D:/Games/Dolphin-x64/CodeMii/devkitPro/libogc/lib/cube\libogc.a(lwp_threadq.o)
                0x000000008000c300                __lwp_threadqueue_extractfifo
 .text.__lwp_threadqueue_extractpriority
                0x000000008000c3e8      0x148 D:/Games/Dolphin-x64/CodeMii/devkitPro/libogc/lib/cube\libogc.a(lwp_threadq.o)
                0x000000008000c3e8                __lwp_threadqueue_extractpriority
 .text.__lwp_threadqueue_timeout
                0x000000008000c530       0xd0 D:/Games/Dolphin-x64/CodeMii/devkitPro/libogc/lib/cube\libogc.a(lwp_threadq.o)
 .text.__lwp_threadqueue_extractproxy
                0x000000008000c600       0x88 D:/Games/Dolphin-x64/CodeMii/devkitPro/libogc/lib/cube\libogc.a(lwp_threadq.o)
                0x000000008000c600                __lwp_threadqueue_extractproxy
 .text.__lwp_isr_in_progress
                0x000000008000c688        0x8 D:/Games/Dolphin-x64/CodeMii/devkitPro/libogc/lib/cube\libogc.a(lwp_threads.o)
                0x000000008000c688                __lwp_isr_in_progress
 .text.__thread_dispatch_fp
                0x000000008000c690       0x88 D:/Games/Dolphin-x64/CodeMii/devkitPro/libogc/lib/cube\libogc.a(lwp_threads.o)
                0x000000008000c690                __thread_dispatch_fp
 .text.__thread_dispatch
                0x000000008000c718      0x110 D:/Games/Dolphin-x64/CodeMii/devkitPro/libogc/lib/cube\libogc.a(lwp_threads.o)
                0x000000008000c718                __thread_dispatch
 .text.__lwp_thread_resettimeslice
                0x000000008000c828       0xb4 D:/Games/Dolphin-x64/CodeMii/devkitPro/libogc/lib/cube\libogc.a(lwp_threads.o)
                0x000000008000c828                __lwp_thread_resettimeslice
 .text.__lwp_thread_tickle_timeslice
                0x000000008000c8dc       0xc8 D:/Games/Dolphin-x64/CodeMii/devkitPro/libogc/lib/cube\libogc.a(lwp_threads.o)
                0x000000008000c8dc                __lwp_thread_tickle_timeslice
 .text.__lwp_thread_setstate
                0x000000008000c9a4      0x16c D:/Games/Dolphin-x64/CodeMii/devkitPro/libogc/lib/cube\libogc.a(lwp_threads.o)
                0x000000008000c9a4                __lwp_thread_setstate
 .text.__lwp_thread_clearstate
                0x000000008000cb10       0xe4 D:/Games/Dolphin-x64/CodeMii/devkitPro/libogc/lib/cube\libogc.a(lwp_threads.o)
                0x000000008000cb10                __lwp_thread_clearstate
 .text.__lwp_thread_settransient
                0x000000008000cbf4       0xb4 D:/Games/Dolphin-x64/CodeMii/devkitPro/libogc/lib/cube\libogc.a(lwp_threads.o)
                0x000000008000cbf4                __lwp_thread_settransient
 .text.__lwp_thread_changepriority
                0x000000008000cca8      0x1f8 D:/Games/Dolphin-x64/CodeMii/devkitPro/libogc/lib/cube\libogc.a(lwp_threads.o)
                0x000000008000cca8                __lwp_thread_changepriority
 .text.__lwp_thread_ready
                0x000000008000cea0       0xf0 D:/Games/Dolphin-x64/CodeMii/devkitPro/libogc/lib/cube\libogc.a(lwp_threads.o)
                0x000000008000cea0                __lwp_thread_ready
 .text.__lwp_thread_init
                0x000000008000cf90      0x168 D:/Games/Dolphin-x64/CodeMii/devkitPro/libogc/lib/cube\libogc.a(lwp_threads.o)
                0x000000008000cf90                __lwp_thread_init
 .text.__lwp_thread_close
                0x000000008000d0f8      0x138 D:/Games/Dolphin-x64/CodeMii/devkitPro/libogc/lib/cube\libogc.a(lwp_threads.o)
                0x000000008000d0f8                __lwp_thread_close
 .text.__lwp_thread_handler
                0x000000008000d230       0xd8 D:/Games/Dolphin-x64/CodeMii/devkitPro/libogc/lib/cube\libogc.a(lwp_threads.o)
 .text.__lwp_thread_closeall
                0x000000008000d308       0xb4 D:/Games/Dolphin-x64/CodeMii/devkitPro/libogc/lib/cube\libogc.a(lwp_threads.o)
                0x000000008000d308                __lwp_thread_closeall
 .text.__lwp_thread_start
                0x000000008000d3bc       0xe8 D:/Games/Dolphin-x64/CodeMii/devkitPro/libogc/lib/cube\libogc.a(lwp_threads.o)
                0x000000008000d3bc                __lwp_thread_start
 .text.__lwp_thread_startmultitasking
                0x000000008000d4a4       0xac D:/Games/Dolphin-x64/CodeMii/devkitPro/libogc/lib/cube\libogc.a(lwp_threads.o)
                0x000000008000d4a4                __lwp_thread_startmultitasking
 .text.__lwp_thread_stopmultitasking
                0x000000008000d550       0x58 D:/Games/Dolphin-x64/CodeMii/devkitPro/libogc/lib/cube\libogc.a(lwp_threads.o)
                0x000000008000d550                __lwp_thread_stopmultitasking
 .text.__lwp_thread_coreinit
                0x000000008000d5a8       0xc8 D:/Games/Dolphin-x64/CodeMii/devkitPro/libogc/lib/cube\libogc.a(lwp_threads.o)
                0x000000008000d5a8                __lwp_thread_coreinit
 .text.idle_func
                0x000000008000d670        0x4 D:/Games/Dolphin-x64/CodeMii/devkitPro/libogc/lib/cube\libogc.a(lwp.o)
 .text.__lwp_sysinit
                0x000000008000d674      0x114 D:/Games/Dolphin-x64/CodeMii/devkitPro/libogc/lib/cube\libogc.a(lwp.o)
                0x000000008000d674                __lwp_sysinit
 .text.LWP_InitQueue
                0x000000008000d788      0x148 D:/Games/Dolphin-x64/CodeMii/devkitPro/libogc/lib/cube\libogc.a(lwp.o)
                0x000000008000d788                LWP_InitQueue
 .text.LWP_ThreadSleep
                0x000000008000d8d0      0x110 D:/Games/Dolphin-x64/CodeMii/devkitPro/libogc/lib/cube\libogc.a(lwp.o)
                0x000000008000d8d0                LWP_ThreadSleep
 .text.LWP_ThreadBroadcast
                0x000000008000d9e0       0x88 D:/Games/Dolphin-x64/CodeMii/devkitPro/libogc/lib/cube\libogc.a(lwp.o)
                0x000000008000d9e0                LWP_ThreadBroadcast
 .text.__lwp_stack_allocate
                0x000000008000da68       0x60 D:/Games/Dolphin-x64/CodeMii/devkitPro/libogc/lib/cube\libogc.a(lwp_stack.o)
                0x000000008000da68                __lwp_stack_allocate
 .text.__lwp_stack_free
                0x000000008000dac8       0x1c D:/Games/Dolphin-x64/CodeMii/devkitPro/libogc/lib/cube\libogc.a(lwp_stack.o)
                0x000000008000dac8                __lwp_stack_free
 .text.__lwp_mutex_initialize
                0x000000008000dae4       0xa4 D:/Games/Dolphin-x64/CodeMii/devkitPro/libogc/lib/cube\libogc.a(lwp_mutex.o)
                0x000000008000dae4                __lwp_mutex_initialize
 .text.__lwp_mutex_surrender
                0x000000008000db88      0x164 D:/Games/Dolphin-x64/CodeMii/devkitPro/libogc/lib/cube\libogc.a(lwp_mutex.o)
                0x000000008000db88                __lwp_mutex_surrender
 .text.__lwp_mutex_seize_irq_blocking
                0x000000008000dcec       0xf8 D:/Games/Dolphin-x64/CodeMii/devkitPro/libogc/lib/cube\libogc.a(lwp_mutex.o)
                0x000000008000dcec                __lwp_mutex_seize_irq_blocking
 .text.__lwp_mutex_flush
                0x000000008000dde4        0x4 D:/Games/Dolphin-x64/CodeMii/devkitPro/libogc/lib/cube\libogc.a(lwp_mutex.o)
                0x000000008000dde4                __lwp_mutex_flush
 .text.__lwp_wd_settimer
                0x000000008000dde8       0xe0 D:/Games/Dolphin-x64/CodeMii/devkitPro/libogc/lib/cube\libogc.a(lwp_watchdog.o)
 .text.__lwp_watchdog_init
                0x000000008000dec8       0x2c D:/Games/Dolphin-x64/CodeMii/devkitPro/libogc/lib/cube\libogc.a(lwp_watchdog.o)
                0x000000008000dec8                __lwp_watchdog_init
 .text.__lwp_wd_insert
                0x000000008000def4      0x194 D:/Games/Dolphin-x64/CodeMii/devkitPro/libogc/lib/cube\libogc.a(lwp_watchdog.o)
                0x000000008000def4                __lwp_wd_insert
 .text.__lwp_wd_remove
                0x000000008000e088      0x138 D:/Games/Dolphin-x64/CodeMii/devkitPro/libogc/lib/cube\libogc.a(lwp_watchdog.o)
                0x000000008000e088                __lwp_wd_remove
 .text.__lwp_wd_tickle
                0x000000008000e1c0      0x120 D:/Games/Dolphin-x64/CodeMii/devkitPro/libogc/lib/cube\libogc.a(lwp_watchdog.o)
                0x000000008000e1c0                __lwp_wd_tickle
 .text.__lwp_wkspace_init
                0x000000008000e2e0       0xc0 D:/Games/Dolphin-x64/CodeMii/devkitPro/libogc/lib/cube\libogc.a(lwp_wkspace.o)
                0x000000008000e2e0                __lwp_wkspace_init
 .text.__lwp_objmgr_initinfo
                0x000000008000e3a0      0x1a0 D:/Games/Dolphin-x64/CodeMii/devkitPro/libogc/lib/cube\libogc.a(lwp_objmgr.o)
                0x000000008000e3a0                __lwp_objmgr_initinfo
 .text.__lwp_objmgr_getisrdisable
                0x000000008000e540       0x60 D:/Games/Dolphin-x64/CodeMii/devkitPro/libogc/lib/cube\libogc.a(lwp_objmgr.o)
                0x000000008000e540                __lwp_objmgr_getisrdisable
 .text.__lwp_objmgr_getnoprotection
                0x000000008000e5a0       0x24 D:/Games/Dolphin-x64/CodeMii/devkitPro/libogc/lib/cube\libogc.a(lwp_objmgr.o)
                0x000000008000e5a0                __lwp_objmgr_getnoprotection
 .text.__lwp_objmgr_get
                0x000000008000e5c4       0x70 D:/Games/Dolphin-x64/CodeMii/devkitPro/libogc/lib/cube\libogc.a(lwp_objmgr.o)
                0x000000008000e5c4                __lwp_objmgr_get
 .text.__lwp_objmgr_allocate
                0x000000008000e634       0x88 D:/Games/Dolphin-x64/CodeMii/devkitPro/libogc/lib/cube\libogc.a(lwp_objmgr.o)
                0x000000008000e634                __lwp_objmgr_allocate
 .text.__lwp_objmgr_free
                0x000000008000e6bc       0x60 D:/Games/Dolphin-x64/CodeMii/devkitPro/libogc/lib/cube\libogc.a(lwp_objmgr.o)
                0x000000008000e6bc                __lwp_objmgr_free
 .text.__lwp_heap_init
                0x000000008000e71c       0xa4 D:/Games/Dolphin-x64/CodeMii/devkitPro/libogc/lib/cube\libogc.a(lwp_heap.o)
                0x000000008000e71c                __lwp_heap_init
 .text.__lwp_heap_allocate
                0x000000008000e7c0      0x16c D:/Games/Dolphin-x64/CodeMii/devkitPro/libogc/lib/cube\libogc.a(lwp_heap.o)
                0x000000008000e7c0                __lwp_heap_allocate
 .text.__lwp_heap_free
                0x000000008000e92c      0x188 D:/Games/Dolphin-x64/CodeMii/devkitPro/libogc/lib/cube\libogc.a(lwp_heap.o)
                0x000000008000e92c                __lwp_heap_free
 .text.__systemcall_init
                0x000000008000eab4       0x70 D:/Games/Dolphin-x64/CodeMii/devkitPro/libogc/lib/cube\libogc.a(exception.o)
                0x000000008000eab4                __systemcall_init
 .text.__exception_init
                0x000000008000eb24      0x12c D:/Games/Dolphin-x64/CodeMii/devkitPro/libogc/lib/cube\libogc.a(exception.o)
                0x000000008000eb24                __exception_init
 .text.__exception_close
                0x000000008000ec50       0xac D:/Games/Dolphin-x64/CodeMii/devkitPro/libogc/lib/cube\libogc.a(exception.o)
                0x000000008000ec50                __exception_close
 .text.__exception_closeall
                0x000000008000ecfc       0x80 D:/Games/Dolphin-x64/CodeMii/devkitPro/libogc/lib/cube\libogc.a(exception.o)
                0x000000008000ecfc                __exception_closeall
 .text.c_default_exceptionhandler
                0x000000008000ed7c      0x444 D:/Games/Dolphin-x64/CodeMii/devkitPro/libogc/lib/cube\libogc.a(exception.o)
                0x000000008000ed7c                c_default_exceptionhandler
 .text.__SetInterrupts
                0x000000008000f1c0      0x270 D:/Games/Dolphin-x64/CodeMii/devkitPro/libogc/lib/cube\libogc.a(irq.o)
 .text.c_irqdispatcher
                0x000000008000f430      0x278 D:/Games/Dolphin-x64/CodeMii/devkitPro/libogc/lib/cube\libogc.a(irq.o)
                0x000000008000f430                c_irqdispatcher
 .text.__UnmaskIrq
                0x000000008000f6a8       0x84 D:/Games/Dolphin-x64/CodeMii/devkitPro/libogc/lib/cube\libogc.a(irq.o)
                0x000000008000f6a8                __UnmaskIrq
 .text.__MaskIrq
                0x000000008000f72c       0x84 D:/Games/Dolphin-x64/CodeMii/devkitPro/libogc/lib/cube\libogc.a(irq.o)
                0x000000008000f72c                __MaskIrq
 .text.__irq_init
                0x000000008000f7b0       0x9c D:/Games/Dolphin-x64/CodeMii/devkitPro/libogc/lib/cube\libogc.a(irq.o)
                0x000000008000f7b0                __irq_init
 .text.IRQ_Request
                0x000000008000f84c       0x50 D:/Games/Dolphin-x64/CodeMii/devkitPro/libogc/lib/cube\libogc.a(irq.o)
                0x000000008000f84c                IRQ_Request
 .text.IRQ_GetHandler
                0x000000008000f89c       0x44 D:/Games/Dolphin-x64/CodeMii/devkitPro/libogc/lib/cube\libogc.a(irq.o)
                0x000000008000f89c                IRQ_GetHandler
 .text.__lwp_sema_init
                0x000000008000f8e0       0x14 D:/Games/Dolphin-x64/CodeMii/devkitPro/libogc/lib/cube\libogc.a(semaphore.o)
                0x000000008000f8e0                __lwp_sema_init
 .text.__exi_irq_handler
                0x000000008000f8f4       0x58 D:/Games/Dolphin-x64/CodeMii/devkitPro/libogc/lib/cube\libogc.a(exi.o)
 .text.__ext_irq_handler
                0x000000008000f94c       0xc8 D:/Games/Dolphin-x64/CodeMii/devkitPro/libogc/lib/cube\libogc.a(exi.o)
 .text.__tc_irq_handler
                0x000000008000fa14      0x174 D:/Games/Dolphin-x64/CodeMii/devkitPro/libogc/lib/cube\libogc.a(exi.o)
 .text.__exi_probe
                0x000000008000fb88      0x214 D:/Games/Dolphin-x64/CodeMii/devkitPro/libogc/lib/cube\libogc.a(exi.o)
 .text.__exi_attach
                0x000000008000fd9c      0x104 D:/Games/Dolphin-x64/CodeMii/devkitPro/libogc/lib/cube\libogc.a(exi.o)
 .text.EXI_Lock
                0x000000008000fea0      0x218 D:/Games/Dolphin-x64/CodeMii/devkitPro/libogc/lib/cube\libogc.a(exi.o)
                0x000000008000fea0                EXI_Lock
 .text.EXI_Unlock
                0x00000000800100b8      0x228 D:/Games/Dolphin-x64/CodeMii/devkitPro/libogc/lib/cube\libogc.a(exi.o)
                0x00000000800100b8                EXI_Unlock
 .text.EXI_Select
                0x00000000800102e0      0x230 D:/Games/Dolphin-x64/CodeMii/devkitPro/libogc/lib/cube\libogc.a(exi.o)
                0x00000000800102e0                EXI_Select
 .text.EXI_Deselect
                0x0000000080010510      0x174 D:/Games/Dolphin-x64/CodeMii/devkitPro/libogc/lib/cube\libogc.a(exi.o)
                0x0000000080010510                EXI_Deselect
 .text.EXI_Sync
                0x0000000080010684      0x108 D:/Games/Dolphin-x64/CodeMii/devkitPro/libogc/lib/cube\libogc.a(exi.o)
                0x0000000080010684                EXI_Sync
 .text.EXI_Imm  0x000000008001078c      0x1f4 D:/Games/Dolphin-x64/CodeMii/devkitPro/libogc/lib/cube\libogc.a(exi.o)
                0x000000008001078c                EXI_Imm
 .text.EXI_ImmEx
                0x0000000080010980       0xd8 D:/Games/Dolphin-x64/CodeMii/devkitPro/libogc/lib/cube\libogc.a(exi.o)
                0x0000000080010980                EXI_ImmEx
 .text.EXI_Dma  0x0000000080010a58      0x16c D:/Games/Dolphin-x64/CodeMii/devkitPro/libogc/lib/cube\libogc.a(exi.o)
                0x0000000080010a58                EXI_Dma
 .text.EXI_Detach
                0x0000000080010bc4       0xd4 D:/Games/Dolphin-x64/CodeMii/devkitPro/libogc/lib/cube\libogc.a(exi.o)
                0x0000000080010bc4                EXI_Detach
 .text.EXI_GetID
                0x0000000080010c98      0x338 D:/Games/Dolphin-x64/CodeMii/devkitPro/libogc/lib/cube\libogc.a(exi.o)
                0x0000000080010c98                EXI_GetID
 .text.__unlocked_handler
                0x0000000080010fd0       0x28 D:/Games/Dolphin-x64/CodeMii/devkitPro/libogc/lib/cube\libogc.a(exi.o)
 .text.EXI_ProbeReset
                0x0000000080010ff8       0x70 D:/Games/Dolphin-x64/CodeMii/devkitPro/libogc/lib/cube\libogc.a(exi.o)
                0x0000000080010ff8                EXI_ProbeReset
 .text.__exi_init
                0x0000000080011068      0x18c D:/Games/Dolphin-x64/CodeMii/devkitPro/libogc/lib/cube\libogc.a(exi.o)
                0x0000000080011068                __exi_init
 .text.__lwp_mutex_locksupp.constprop.0
                0x00000000800111f4      0x2ac D:/Games/Dolphin-x64/CodeMii/devkitPro/libogc/lib/cube\libogc.a(mutex.o)
 .text.__lwp_mutex_init
                0x00000000800114a0       0x14 D:/Games/Dolphin-x64/CodeMii/devkitPro/libogc/lib/cube\libogc.a(mutex.o)
                0x00000000800114a0                __lwp_mutex_init
 .text.LWP_MutexInit
                0x00000000800114b4       0xe4 D:/Games/Dolphin-x64/CodeMii/devkitPro/libogc/lib/cube\libogc.a(mutex.o)
                0x00000000800114b4                LWP_MutexInit
 .text.LWP_MutexDestroy
                0x0000000080011598       0xf0 D:/Games/Dolphin-x64/CodeMii/devkitPro/libogc/lib/cube\libogc.a(mutex.o)
                0x0000000080011598                LWP_MutexDestroy
 .text.LWP_MutexLock
                0x0000000080011688        0x8 D:/Games/Dolphin-x64/CodeMii/devkitPro/libogc/lib/cube\libogc.a(mutex.o)
                0x0000000080011688                LWP_MutexLock
 .text.LWP_MutexUnlock
                0x0000000080011690       0x9c D:/Games/Dolphin-x64/CodeMii/devkitPro/libogc/lib/cube\libogc.a(mutex.o)
                0x0000000080011690                LWP_MutexUnlock
 .text.GX_AbortFrame
                0x000000008001172c      0x298 D:/Games/Dolphin-x64/CodeMii/devkitPro/libogc/lib/cube\libogc.a(gx.o)
                0x000000008001172c                GX_AbortFrame
 .text.number   0x00000000800119c4      0x330 D:/Games/Dolphin-x64/CodeMii/devkitPro/libogc/lib/cube\libogc.a(kprintf.o)
 .text.kvsprintf
                0x0000000080011cf4      0x788 D:/Games/Dolphin-x64/CodeMii/devkitPro/libogc/lib/cube\libogc.a(kprintf.o)
                0x0000000080011cf4                kvsprintf
 .text.kprintf  0x000000008001247c       0xac D:/Games/Dolphin-x64/CodeMii/devkitPro/libogc/lib/cube\libogc.a(kprintf.o)
                0x000000008001247c                kprintf
 .text.__lwp_queue_initialize
                0x0000000080012528       0x98 D:/Games/Dolphin-x64/CodeMii/devkitPro/libogc/lib/cube\libogc.a(lwp_queue.o)
                0x0000000080012528                __lwp_queue_initialize
 .text.__lwp_queue_get
                0x00000000800125c0       0x74 D:/Games/Dolphin-x64/CodeMii/devkitPro/libogc/lib/cube\libogc.a(lwp_queue.o)
                0x00000000800125c0                __lwp_queue_get
 .text.__lwp_queue_append
                0x0000000080012634       0x4c D:/Games/Dolphin-x64/CodeMii/devkitPro/libogc/lib/cube\libogc.a(lwp_queue.o)
                0x0000000080012634                __lwp_queue_append
 .text.__udivdi3
                0x0000000080012680      0x3c0 d:/games/dolphin-x64/codemii/devkitpro/devkitppc/bin/../lib/gcc/powerpc-eabi/11.1.0\libgcc.a(_udivdi3.o)
                0x0000000080012680                __udivdi3
 .text.unlikely.abort
                0x0000000080012a40       0x28 d:/games/dolphin-x64/codemii/devkitpro/devkitppc/bin/../lib/gcc/powerpc-eabi/11.1.0/../../../../powerpc-eabi/lib\libsysbase.a(abort.o)
                0x0000000080012a40                abort
 .text.null_write
                0x0000000080012a68        0x8 d:/games/dolphin-x64/codemii/devkitpro/devkitppc/bin/../lib/gcc/powerpc-eabi/11.1.0/../../../../powerpc-eabi/lib\libsysbase.a(iosupport.o)
 .text._exit    0x0000000080012a70       0x28 d:/games/dolphin-x64/codemii/devkitpro/devkitppc/bin/../lib/gcc/powerpc-eabi/11.1.0/../../../../powerpc-eabi/lib\libsysbase.a(_exit.o)
                0x0000000080012a70                _exit
 .text.build_argv
                0x0000000080012a98      0x118 d:/games/dolphin-x64/codemii/devkitpro/devkitppc/bin/../lib/gcc/powerpc-eabi/11.1.0/../../../../powerpc-eabi/lib\libsysbase.a(build_argv.o)
                0x0000000080012a98                build_argv
 .text.calloc   0x0000000080012bb0       0x18 d:/games/dolphin-x64/codemii/devkitpro/devkitppc/bin/../lib/gcc/powerpc-eabi/11.1.0/../../../../powerpc-eabi/lib\libc.a(lib_a-calloc.o)
                0x0000000080012bb0                calloc
 .text._calloc_r
                0x0000000080012bc8       0xe8 d:/games/dolphin-x64/codemii/devkitpro/devkitppc/bin/../lib/gcc/powerpc-eabi/11.1.0/../../../../powerpc-eabi/lib\libc.a(lib_a-callocr.o)
                0x0000000080012bc8                _calloc_r
 .text.__errno  0x0000000080012cb0        0xc d:/games/dolphin-x64/codemii/devkitpro/devkitppc/bin/../lib/gcc/powerpc-eabi/11.1.0/../../../../powerpc-eabi/lib\libc.a(lib_a-errno.o)
                0x0000000080012cb0                __errno
 .text.exit     0x0000000080012cbc       0x40 d:/games/dolphin-x64/codemii/devkitpro/devkitppc/bin/../lib/gcc/powerpc-eabi/11.1.0/../../../../powerpc-eabi/lib\libc.a(lib_a-exit.o)
                0x0000000080012cbc                exit
 .text.memalign
                0x0000000080012cfc       0x18 d:/games/dolphin-x64/codemii/devkitpro/devkitppc/bin/../lib/gcc/powerpc-eabi/11.1.0/../../../../powerpc-eabi/lib\libc.a(lib_a-malign.o)
                0x0000000080012cfc                memalign
 .text._memalign_r
                0x0000000080012d14      0x1dc d:/games/dolphin-x64/codemii/devkitpro/devkitppc/bin/../lib/gcc/powerpc-eabi/11.1.0/../../../../powerpc-eabi/lib\libc.a(lib_a-malignr.o)
                0x0000000080012d14                _memalign_r
 .text.malloc   0x0000000080012ef0       0x10 d:/games/dolphin-x64/codemii/devkitpro/devkitppc/bin/../lib/gcc/powerpc-eabi/11.1.0/../../../../powerpc-eabi/lib\libc.a(lib_a-malloc.o)
                0x0000000080012ef0                malloc
 .text.free     0x0000000080012f00       0x10 d:/games/dolphin-x64/codemii/devkitpro/devkitppc/bin/../lib/gcc/powerpc-eabi/11.1.0/../../../../powerpc-eabi/lib\libc.a(lib_a-malloc.o)
                0x0000000080012f00                free
 .text._malloc_r
                0x0000000080012f10      0x894 d:/games/dolphin-x64/codemii/devkitpro/devkitppc/bin/../lib/gcc/powerpc-eabi/11.1.0/../../../../powerpc-eabi/lib\libc.a(lib_a-mallocr.o)
                0x0000000080012f10                _malloc_r
 .text.memcpy   0x00000000800137a4      0x13c d:/games/dolphin-x64/codemii/devkitpro/devkitppc/bin/../lib/gcc/powerpc-eabi/11.1.0/../../../../powerpc-eabi/lib\libc.a(lib_a-memcpy.o)
                0x00000000800137a4                memcpy
 .text.memmove  0x00000000800138e0      0x1ac d:/games/dolphin-x64/codemii/devkitpro/devkitppc/bin/../lib/gcc/powerpc-eabi/11.1.0/../../../../powerpc-eabi/lib\libc.a(lib_a-memmove.o)
                0x00000000800138e0                memmove
 .text.memset   0x0000000080013a8c      0x1dc d:/games/dolphin-x64/codemii/devkitpro/devkitppc/bin/../lib/gcc/powerpc-eabi/11.1.0/../../../../powerpc-eabi/lib\libc.a(lib_a-memset.o)
                0x0000000080013a8c                memset
 .text._puts_r  0x0000000080013c68      0x144 d:/games/dolphin-x64/codemii/devkitpro/devkitppc/bin/../lib/gcc/powerpc-eabi/11.1.0/../../../../powerpc-eabi/lib\libc.a(lib_a-puts.o)
                0x0000000080013c68                _puts_r
 .text.puts     0x0000000080013dac       0x10 d:/games/dolphin-x64/codemii/devkitpro/devkitppc/bin/../lib/gcc/powerpc-eabi/11.1.0/../../../../powerpc-eabi/lib\libc.a(lib_a-puts.o)
                0x0000000080013dac                puts
 .text.cleanup_glue
                0x0000000080013dbc       0xac d:/games/dolphin-x64/codemii/devkitpro/devkitppc/bin/../lib/gcc/powerpc-eabi/11.1.0/../../../../powerpc-eabi/lib\libc.a(lib_a-reent.o)
                0x0000000080013dbc                cleanup_glue
 .text._reclaim_reent
                0x0000000080013e68      0x14c d:/games/dolphin-x64/codemii/devkitpro/devkitppc/bin/../lib/gcc/powerpc-eabi/11.1.0/../../../../powerpc-eabi/lib\libc.a(lib_a-reent.o)
                0x0000000080013e68                _reclaim_reent
 .text.setvbuf  0x0000000080013fb4      0x308 d:/games/dolphin-x64/codemii/devkitpro/devkitppc/bin/../lib/gcc/powerpc-eabi/11.1.0/../../../../powerpc-eabi/lib\libc.a(lib_a-setvbuf.o)
                0x0000000080013fb4                setvbuf
 .text.strlen   0x00000000800142bc       0x80 d:/games/dolphin-x64/codemii/devkitpro/devkitppc/bin/../lib/gcc/powerpc-eabi/11.1.0/../../../../powerpc-eabi/lib\libc.a(lib_a-strlen.o)
                0x00000000800142bc                strlen
 .text.strnlen  0x000000008001433c       0xc8 d:/games/dolphin-x64/codemii/devkitpro/devkitppc/bin/../lib/gcc/powerpc-eabi/11.1.0/../../../../powerpc-eabi/lib\libc.a(lib_a-strnlen.o)
                0x000000008001433c                strnlen
 .text.write    0x0000000080014404       0x20 d:/games/dolphin-x64/codemii/devkitpro/devkitppc/bin/../lib/gcc/powerpc-eabi/11.1.0/../../../../powerpc-eabi/lib\libc.a(lib_a-syswrite.o)
                0x0000000080014404                write
 .text.__swsetup_r
                0x0000000080014424      0x1bc d:/games/dolphin-x64/codemii/devkitpro/devkitppc/bin/../lib/gcc/powerpc-eabi/11.1.0/../../../../powerpc-eabi/lib\libc.a(lib_a-wsetup.o)
                0x0000000080014424                __swsetup_r
 .text.__call_exitprocs
                0x00000000800145e0      0x1a4 d:/games/dolphin-x64/codemii/devkitpro/devkitppc/bin/../lib/gcc/powerpc-eabi/11.1.0/../../../../powerpc-eabi/lib\libc.a(lib_a-__call_atexit.o)
                0x00000000800145e0                __call_exitprocs
 .text.__sflush_r
                0x0000000080014784      0x340 d:/games/dolphin-x64/codemii/devkitpro/devkitppc/bin/../lib/gcc/powerpc-eabi/11.1.0/../../../../powerpc-eabi/lib\libc.a(lib_a-fflush.o)
                0x0000000080014784                __sflush_r
 .text._fflush_r
                0x0000000080014ac4      0x108 d:/games/dolphin-x64/codemii/devkitpro/devkitppc/bin/../lib/gcc/powerpc-eabi/11.1.0/../../../../powerpc-eabi/lib\libc.a(lib_a-fflush.o)
                0x0000000080014ac4                _fflush_r
 .text._cleanup_r
                0x0000000080014bcc        0xc d:/games/dolphin-x64/codemii/devkitpro/devkitppc/bin/../lib/gcc/powerpc-eabi/11.1.0/../../../../powerpc-eabi/lib\libc.a(lib_a-findfp.o)
                0x0000000080014bcc                _cleanup_r
 .text.__sinit  0x0000000080014bd8      0x1f8 d:/games/dolphin-x64/codemii/devkitpro/devkitppc/bin/../lib/gcc/powerpc-eabi/11.1.0/../../../../powerpc-eabi/lib\libc.a(lib_a-findfp.o)
                0x0000000080014bd8                __sinit
 .text.__sfp_lock_acquire
                0x0000000080014dd0       0x58 d:/games/dolphin-x64/codemii/devkitpro/devkitppc/bin/../lib/gcc/powerpc-eabi/11.1.0/../../../../powerpc-eabi/lib\libc.a(lib_a-findfp.o)
                0x0000000080014dd0                __sfp_lock_acquire
 .text.__sfp_lock_release
                0x0000000080014e28        0xc d:/games/dolphin-x64/codemii/devkitpro/devkitppc/bin/../lib/gcc/powerpc-eabi/11.1.0/../../../../powerpc-eabi/lib\libc.a(lib_a-findfp.o)
                0x0000000080014e28                __sfp_lock_release
 .text._malloc_trim_r
                0x0000000080014e34      0x138 d:/games/dolphin-x64/codemii/devkitpro/devkitppc/bin/../lib/gcc/powerpc-eabi/11.1.0/../../../../powerpc-eabi/lib\libc.a(lib_a-freer.o)
                0x0000000080014e34                _malloc_trim_r
 .text._free_r  0x0000000080014f6c      0x340 d:/games/dolphin-x64/codemii/devkitpro/devkitppc/bin/../lib/gcc/powerpc-eabi/11.1.0/../../../../powerpc-eabi/lib\libc.a(lib_a-freer.o)
                0x0000000080014f6c                _free_r
 .text.__sfvwrite_r
                0x00000000800152ac      0x5d0 d:/games/dolphin-x64/codemii/devkitpro/devkitppc/bin/../lib/gcc/powerpc-eabi/11.1.0/../../../../powerpc-eabi/lib\libc.a(lib_a-fvwrite.o)
                0x00000000800152ac                __sfvwrite_r
 .text._fwalk_reent
                0x000000008001587c       0xb4 d:/games/dolphin-x64/codemii/devkitpro/devkitppc/bin/../lib/gcc/powerpc-eabi/11.1.0/../../../../powerpc-eabi/lib\libc.a(lib_a-fwalk.o)
                0x000000008001587c                _fwalk_reent
 .text.__smakebuf_r
                0x0000000080015930      0x194 d:/games/dolphin-x64/codemii/devkitpro/devkitppc/bin/../lib/gcc/powerpc-eabi/11.1.0/../../../../powerpc-eabi/lib\libc.a(lib_a-makebuf.o)
                0x0000000080015930                __smakebuf_r
 .text.__swhatbuf_r
                0x0000000080015ac4       0xe0 d:/games/dolphin-x64/codemii/devkitpro/devkitppc/bin/../lib/gcc/powerpc-eabi/11.1.0/../../../../powerpc-eabi/lib\libc.a(lib_a-makebuf.o)
                0x0000000080015ac4                __swhatbuf_r
 .text.memchr   0x0000000080015ba4      0x1a8 d:/games/dolphin-x64/codemii/devkitpro/devkitppc/bin/../lib/gcc/powerpc-eabi/11.1.0/../../../../powerpc-eabi/lib\libc.a(lib_a-memchr.o)
                0x0000000080015ba4                memchr
 .text._realloc_r
                0x0000000080015d4c      0x660 d:/games/dolphin-x64/codemii/devkitpro/devkitppc/bin/../lib/gcc/powerpc-eabi/11.1.0/../../../../powerpc-eabi/lib\libc.a(lib_a-reallocr.o)
                0x0000000080015d4c                _realloc_r
 .text.__sread  0x00000000800163ac       0x74 d:/games/dolphin-x64/codemii/devkitpro/devkitppc/bin/../lib/gcc/powerpc-eabi/11.1.0/../../../../powerpc-eabi/lib\libc.a(lib_a-stdio.o)
                0x00000000800163ac                __sread
 .text.__swrite
                0x0000000080016420       0xbc d:/games/dolphin-x64/codemii/devkitpro/devkitppc/bin/../lib/gcc/powerpc-eabi/11.1.0/../../../../powerpc-eabi/lib\libc.a(lib_a-stdio.o)
                0x0000000080016420                __swrite
 .text.__sseek  0x00000000800164dc       0x70 d:/games/dolphin-x64/codemii/devkitpro/devkitppc/bin/../lib/gcc/powerpc-eabi/11.1.0/../../../../powerpc-eabi/lib\libc.a(lib_a-stdio.o)
                0x00000000800164dc                __sseek
 .text.__sclose
                0x000000008001654c        0x8 d:/games/dolphin-x64/codemii/devkitpro/devkitppc/bin/../lib/gcc/powerpc-eabi/11.1.0/../../../../powerpc-eabi/lib\libc.a(lib_a-stdio.o)
                0x000000008001654c                __sclose
 .text._fclose_r
                0x0000000080016554      0x1fc d:/games/dolphin-x64/codemii/devkitpro/devkitppc/bin/../lib/gcc/powerpc-eabi/11.1.0/../../../../powerpc-eabi/lib\libc.a(lib_a-fclose.o)
                0x0000000080016554                _fclose_r
 .text._close_r
                0x0000000080016750       0xec d:/games/dolphin-x64/codemii/devkitpro/devkitppc/bin/../lib/gcc/powerpc-eabi/11.1.0/../../../../powerpc-eabi/lib\libsysbase.a(close.o)
                0x0000000080016750                _close_r
 .text._fstat_r
                0x000000008001683c       0xb0 d:/games/dolphin-x64/codemii/devkitpro/devkitppc/bin/../lib/gcc/powerpc-eabi/11.1.0/../../../../powerpc-eabi/lib\libsysbase.a(fstat.o)
                0x000000008001683c                _fstat_r
 .text._isatty_r
                0x00000000800168ec        0x8 d:/games/dolphin-x64/codemii/devkitpro/devkitppc/bin/../lib/gcc/powerpc-eabi/11.1.0/../../../../powerpc-eabi/lib\libsysbase.a(isatty.o)
                0x00000000800168ec                _isatty_r
 .text._lseek_r
                0x00000000800168f4       0xe0 d:/games/dolphin-x64/codemii/devkitpro/devkitppc/bin/../lib/gcc/powerpc-eabi/11.1.0/../../../../powerpc-eabi/lib\libsysbase.a(lseek.o)
                0x00000000800168f4                _lseek_r
 .text._read_r  0x00000000800169d4       0xc4 d:/games/dolphin-x64/codemii/devkitpro/devkitppc/bin/../lib/gcc/powerpc-eabi/11.1.0/../../../../powerpc-eabi/lib\libsysbase.a(read.o)
                0x00000000800169d4                _read_r
 .text._sbrk_r  0x0000000080016a98       0x28 d:/games/dolphin-x64/codemii/devkitpro/devkitppc/bin/../lib/gcc/powerpc-eabi/11.1.0/../../../../powerpc-eabi/lib\libsysbase.a(sbrk.o)
                0x0000000080016a98                _sbrk_r
 .text._write_r
                0x0000000080016ac0       0xc4 d:/games/dolphin-x64/codemii/devkitpro/devkitppc/bin/../lib/gcc/powerpc-eabi/11.1.0/../../../../powerpc-eabi/lib\libsysbase.a(write.o)
                0x0000000080016ac0                _write_r
 .text.__flockfile
                0x0000000080016b84       0x54 d:/games/dolphin-x64/codemii/devkitpro/devkitppc/bin/../lib/gcc/powerpc-eabi/11.1.0/../../../../powerpc-eabi/lib\libsysbase.a(flock.o)
                0x0000000080016b84                __flockfile
 .text.__funlockfile
                0x0000000080016bd8        0x8 d:/games/dolphin-x64/codemii/devkitpro/devkitppc/bin/../lib/gcc/powerpc-eabi/11.1.0/../../../../powerpc-eabi/lib\libsysbase.a(flock.o)
                0x0000000080016bd8                __funlockfile
 .text.__release_handle
                0x0000000080016be0       0xe4 d:/games/dolphin-x64/codemii/devkitpro/devkitppc/bin/../lib/gcc/powerpc-eabi/11.1.0/../../../../powerpc-eabi/lib\libsysbase.a(handle_manager.o)
                0x0000000080016be0                __release_handle
 .text.__get_handle
                0x0000000080016cc4       0x24 d:/games/dolphin-x64/codemii/devkitpro/devkitppc/bin/../lib/gcc/powerpc-eabi/11.1.0/../../../../powerpc-eabi/lib\libsysbase.a(handle_manager.o)
                0x0000000080016cc4                __get_handle
 .text.__libc_lock_init
                0x0000000080016ce8       0x1c d:/games/dolphin-x64/codemii/devkitpro/devkitppc/bin/../lib/gcc/powerpc-eabi/11.1.0/../../../../powerpc-eabi/lib\libsysbase.a(syscall_support.o)
                0x0000000080016ce8                __libc_lock_init
 .text.__libc_lock_close
                0x0000000080016d04       0x1c d:/games/dolphin-x64/codemii/devkitpro/devkitppc/bin/../lib/gcc/powerpc-eabi/11.1.0/../../../../powerpc-eabi/lib\libsysbase.a(syscall_support.o)
                0x0000000080016d04                __libc_lock_close
 .text.__libc_lock_release
                0x0000000080016d20       0x1c d:/games/dolphin-x64/codemii/devkitpro/devkitppc/bin/../lib/gcc/powerpc-eabi/11.1.0/../../../../powerpc-eabi/lib\libsysbase.a(syscall_support.o)
                0x0000000080016d20                __libc_lock_release
 .text.__libc_lock_acquire
                0x0000000080016d3c       0x1c d:/games/dolphin-x64/codemii/devkitpro/devkitppc/bin/../lib/gcc/powerpc-eabi/11.1.0/../../../../powerpc-eabi/lib\libsysbase.a(syscall_support.o)
                0x0000000080016d3c                __libc_lock_acquire
 .text.__malloc_lock
                0x0000000080016d58       0x14 d:/games/dolphin-x64/codemii/devkitpro/devkitppc/bin/../lib/gcc/powerpc-eabi/11.1.0/../../../../powerpc-eabi/lib\libsysbase.a(syscall_support.o)
                0x0000000080016d58                __malloc_lock
 .text.__malloc_unlock
                0x0000000080016d6c       0x14 d:/games/dolphin-x64/codemii/devkitpro/devkitppc/bin/../lib/gcc/powerpc-eabi/11.1.0/../../../../powerpc-eabi/lib\libsysbase.a(syscall_support.o)
                0x0000000080016d6c                __malloc_unlock
 .text.__do_global_ctors_aux
                0x0000000080016d80       0x50 d:/games/dolphin-x64/codemii/devkitpro/devkitppc/bin/../lib/gcc/powerpc-eabi/11.1.0/crtend.o
 *(.gnu.warning)
 *(.gnu.linkonce.t.*)
                0x0000000080016de0                . = ALIGN (0x20)
 *fill*         0x0000000080016dd0       0x10 00000000

.glink          0x0000000080016de0        0x0
 .glink         0x0000000080016de0        0x0 d:/games/dolphin-x64/codemii/devkitpro/devkitppc/bin/../lib/gcc/powerpc-eabi/11.1.0/crtbegin.o

.fini           0x0000000080016de0       0x20
 *(.fini)
 .fini          0x0000000080016de0        0xc d:/games/dolphin-x64/codemii/devkitpro/devkitppc/bin/../lib/gcc/powerpc-eabi/11.1.0/ecrti.o
                0x0000000080016de0                __fini
 .fini          0x0000000080016dec        0x4 d:/games/dolphin-x64/codemii/devkitpro/devkitppc/bin/../lib/gcc/powerpc-eabi/11.1.0/crtbegin.o
 .fini          0x0000000080016df0       0x10 d:/games/dolphin-x64/codemii/devkitpro/devkitppc/bin/../lib/gcc/powerpc-eabi/11.1.0/ecrtn.o
                0x0000000080016e00                . = ALIGN (0x20)
                [!provide]                        PROVIDE (__etext = .)
                [!provide]                        PROVIDE (_etext = .)
                [!provide]                        PROVIDE (etext = .)

.rodata         0x0000000080016e00      0xbc0
 *(.rodata)
 *(.rodata.*)
 .rodata.main.str1.4
                0x0000000080016e00       0x22 template.o
 *fill*         0x0000000080016e22        0x2 
 .rodata.__console_write
                0x0000000080016e24       0xec D:/Games/Dolphin-x64/CodeMii/devkitPro/libogc/lib/cube\libogc.a(console.o)
 .rodata.str1.4
                0x0000000080016f10        0x7 D:/Games/Dolphin-x64/CodeMii/devkitPro/libogc/lib/cube\libogc.a(console.o)
 *fill*         0x0000000080016f17        0x1 
 .rodata.color_table
                0x0000000080016f18       0x40 D:/Games/Dolphin-x64/CodeMii/devkitPro/libogc/lib/cube\libogc.a(console.o)
 .rodata.dotab_stdout
                0x0000000080016f58       0x70 D:/Games/Dolphin-x64/CodeMii/devkitPro/libogc/lib/cube\libogc.a(console.o)
                0x0000000080016f58                dotab_stdout
 .rodata.CSWTCH.139
                0x0000000080016fc8       0x5c D:/Games/Dolphin-x64/CodeMii/devkitPro/libogc/lib/cube\libogc.a(video.o)
 .rodata.CSWTCH.170
                0x0000000080017024       0x18 D:/Games/Dolphin-x64/CodeMii/devkitPro/libogc/lib/cube\libogc.a(video.o)
 .rodata.CSWTCH.178
                0x000000008001703c       0x18 D:/Games/Dolphin-x64/CodeMii/devkitPro/libogc/lib/cube\libogc.a(video.o)
 .rodata.CSWTCH.179
                0x0000000080017054       0x18 D:/Games/Dolphin-x64/CodeMii/devkitPro/libogc/lib/cube\libogc.a(video.o)
 .rodata.video_timing
                0x000000008001706c      0x110 D:/Games/Dolphin-x64/CodeMii/devkitPro/libogc/lib/cube\libogc.a(video.o)
 .rodata._dsp_initcode
                0x000000008001717c       0x80 D:/Games/Dolphin-x64/CodeMii/devkitPro/libogc/lib/cube\libogc.a(system.o)
 .rodata.c_default_exceptionhandler.str1.4
                0x00000000800171fc      0x263 D:/Games/Dolphin-x64/CodeMii/devkitPro/libogc/lib/cube\libogc.a(exception.o)
                                        0x267 (size before relaxing)
 *fill*         0x000000008001745f        0x1 
 .rodata.str1.4
                0x0000000080017460       0xa0 D:/Games/Dolphin-x64/CodeMii/devkitPro/libogc/lib/cube\libogc.a(exception.o)
 .rodata.exception_location
                0x0000000080017500       0x3c D:/Games/Dolphin-x64/CodeMii/devkitPro/libogc/lib/cube\libogc.a(exception.o)
 .rodata.exception_name
                0x000000008001753c       0x3c D:/Games/Dolphin-x64/CodeMii/devkitPro/libogc/lib/cube\libogc.a(exception.o)
 .rodata.__SetInterrupts
                0x0000000080017578       0x58 D:/Games/Dolphin-x64/CodeMii/devkitPro/libogc/lib/cube\libogc.a(irq.o)
 .rodata._irqPrio
                0x00000000800175d0       0x2c D:/Games/Dolphin-x64/CodeMii/devkitPro/libogc/lib/cube\libogc.a(irq.o)
 .rodata.number.str1.4
                0x00000000800175fc       0x4d D:/Games/Dolphin-x64/CodeMii/devkitPro/libogc/lib/cube\libogc.a(kprintf.o)
 *fill*         0x0000000080017649        0x3 
 .rodata.kvsprintf.str1.4
                0x000000008001764c        0x7 D:/Games/Dolphin-x64/CodeMii/devkitPro/libogc/lib/cube\libogc.a(kprintf.o)
 *fill*         0x0000000080017653        0x1 
 .rodata.kvsprintf
                0x0000000080017654      0x2e4 D:/Games/Dolphin-x64/CodeMii/devkitPro/libogc/lib/cube\libogc.a(kprintf.o)
 .rodata.abort.str1.4
                0x0000000080017938        0xf d:/games/dolphin-x64/codemii/devkitpro/devkitppc/bin/../lib/gcc/powerpc-eabi/11.1.0/../../../../powerpc-eabi/lib\libsysbase.a(abort.o)
 *fill*         0x0000000080017947        0x1 
 .rodata.AddDevice.str1.4
                0x0000000080017948        0x8 d:/games/dolphin-x64/codemii/devkitpro/devkitppc/bin/../lib/gcc/powerpc-eabi/11.1.0/../../../../powerpc-eabi/lib\libsysbase.a(iosupport.o)
 .rodata.dotab_stdnull
                0x0000000080017950       0x70 d:/games/dolphin-x64/codemii/devkitpro/devkitppc/bin/../lib/gcc/powerpc-eabi/11.1.0/../../../../powerpc-eabi/lib\libsysbase.a(iosupport.o)
                0x0000000080017950                dotab_stdnull
 .rodata._puts_r.str1.4
                0x00000000800179c0        0x8 d:/games/dolphin-x64/codemii/devkitpro/devkitppc/bin/../lib/gcc/powerpc-eabi/11.1.0/../../../../powerpc-eabi/lib\libc.a(lib_a-puts.o)
                                          0x2 (size before relaxing)
 *(.gnu.linkonce.r.*)

.eh_frame_hdr   0x00000000800179c0      0x92c
 .eh_frame_hdr  0x00000000800179c0      0x92c d:/games/dolphin-x64/codemii/devkitpro/devkitppc/bin/../lib/gcc/powerpc-eabi/11.1.0/../../../../powerpc-eabi/lib/crtmain.o
                0x00000000800179c0                __GNU_EH_FRAME_HDR

.rodata1
 *(.rodata1)

.sdata2         0x00000000800182ec        0x4
                0x00000000800182ec                PROVIDE (_SDA2_BASE_ = .)
 *(.sdata2)
 .sdata2        0x00000000800182ec        0x0 d:/games/dolphin-x64/codemii/devkitpro/devkitppc/bin/../lib/gcc/powerpc-eabi/11.1.0/ecrti.o
                0x00000000800182ec                __SDATA2_START__
 .sdata2        0x00000000800182ec        0x0 d:/games/dolphin-x64/codemii/devkitpro/devkitppc/bin/../lib/gcc/powerpc-eabi/11.1.0/crtbegin.o
 *(.sdata2.*)
 .sdata2.__sys_inIPL
                0x00000000800182ec        0x4 D:/Games/Dolphin-x64/CodeMii/devkitPro/libogc/lib/cube\libogc.a(system.o)
 *(.gnu.linkonce.s2.*)

.sbss2          0x00000000800182f0        0x0
 *(.sbss2)
 .sbss2         0x00000000800182f0        0x0 d:/games/dolphin-x64/codemii/devkitpro/devkitppc/bin/../lib/gcc/powerpc-eabi/11.1.0/ecrtn.o
 *(.sbss2.*)
 *(.gnu.linkonce.sb2.*)
                0x00000000800182f0                . = ALIGN (0x4)
                [!provide]                        PROVIDE (__preinit_array_start = .)

.preinit_array
 *(.preinit_array)
                [!provide]                        PROVIDE (__preinit_array_end = .)
                [!provide]                        PROVIDE (__init_array_start = .)

.init_array
 *(.init_array)
                [!provide]                        PROVIDE (__init_array_end = .)
                [!provide]                        PROVIDE (__fini_array_start = .)

.fini_array
 *(.fini_array)
                [!provide]                        PROVIDE (__fini_array_end = .)

.data           0x00000000800182f0     0x2b50
 *(.data)
 .data          0x00000000800182f0       0x10 D:/Games/Dolphin-x64/CodeMii/devkitPro/libogc/lib/cube\libogc.a(system_asm.o)
 .data          0x0000000080018300        0x4 d:/games/dolphin-x64/codemii/devkitpro/devkitppc/bin/../lib/gcc/powerpc-eabi/11.1.0\libgcc.a(eabi.o)
 *(.data.*)
 .data.TVEurgb60Hz480IntDf
                0x0000000080018304       0x3c D:/Games/Dolphin-x64/CodeMii/devkitPro/libogc/lib/cube\libogc.a(video.o)
                0x0000000080018304                TVEurgb60Hz480IntDf
 .data.TVEurgb60Hz480Prog
                0x0000000080018340       0x3c D:/Games/Dolphin-x64/CodeMii/devkitPro/libogc/lib/cube\libogc.a(video.o)
                0x0000000080018340                TVEurgb60Hz480Prog
 .data.TVMpal480IntDf
                0x000000008001837c       0x3c D:/Games/Dolphin-x64/CodeMii/devkitPro/libogc/lib/cube\libogc.a(video.o)
                0x000000008001837c                TVMpal480IntDf
 .data.TVMpal480Prog
                0x00000000800183b8       0x3c D:/Games/Dolphin-x64/CodeMii/devkitPro/libogc/lib/cube\libogc.a(video.o)
                0x00000000800183b8                TVMpal480Prog
 .data.TVNtsc480IntDf
                0x00000000800183f4       0x3c D:/Games/Dolphin-x64/CodeMii/devkitPro/libogc/lib/cube\libogc.a(video.o)
                0x00000000800183f4                TVNtsc480IntDf
 .data.TVNtsc480Prog
                0x0000000080018430       0x3c D:/Games/Dolphin-x64/CodeMii/devkitPro/libogc/lib/cube\libogc.a(video.o)
                0x0000000080018430                TVNtsc480Prog
 .data.TVPal576IntDfScale
                0x000000008001846c       0x3c D:/Games/Dolphin-x64/CodeMii/devkitPro/libogc/lib/cube\libogc.a(video.o)
                0x000000008001846c                TVPal576IntDfScale
 .data.TVPal576ProgScale
                0x00000000800184a8       0x3c D:/Games/Dolphin-x64/CodeMii/devkitPro/libogc/lib/cube\libogc.a(video.o)
                0x00000000800184a8                TVPal576ProgScale
 .data.pad_resetinfo
                0x00000000800184e4       0x10 D:/Games/Dolphin-x64/CodeMii/devkitPro/libogc/lib/cube\libogc.a(pad.o)
 .data.mem_resetinfo
                0x00000000800184f4       0x10 D:/Games/Dolphin-x64/CodeMii/devkitPro/libogc/lib/cube\libogc.a(system.o)
 .data.si_type  0x0000000080018504       0x10 D:/Games/Dolphin-x64/CodeMii/devkitPro/libogc/lib/cube\libogc.a(si.o)
 .data.sicntrl  0x0000000080018514       0x14 D:/Games/Dolphin-x64/CodeMii/devkitPro/libogc/lib/cube\libogc.a(si.o)
 .data.xy       0x0000000080018528       0x60 D:/Games/Dolphin-x64/CodeMii/devkitPro/libogc/lib/cube\libogc.a(si.o)
 .data.console_font_8x16
                0x0000000080018588     0x1000 D:/Games/Dolphin-x64/CodeMii/devkitPro/libogc/lib/cube\libogc.a(console_font_8x16.o)
                0x0000000080018588                console_font_8x16
 .data.devoptab_list
                0x0000000080019588       0x40 d:/games/dolphin-x64/codemii/devkitpro/devkitppc/bin/../lib/gcc/powerpc-eabi/11.1.0/../../../../powerpc-eabi/lib\libsysbase.a(iosupport.o)
                0x0000000080019588                devoptab_list
 .data.impure_data
                0x00000000800195c8      0x448 d:/games/dolphin-x64/codemii/devkitpro/devkitppc/bin/../lib/gcc/powerpc-eabi/11.1.0/../../../../powerpc-eabi/lib\libc.a(lib_a-impure.o)
 .data.__malloc_av_
                0x0000000080019a10      0x408 d:/games/dolphin-x64/codemii/devkitpro/devkitppc/bin/../lib/gcc/powerpc-eabi/11.1.0/../../../../powerpc-eabi/lib\libc.a(lib_a-mallocr.o)
                0x0000000080019a10                __malloc_av_
 .data.__stderr_handle
                0x0000000080019e18        0xc d:/games/dolphin-x64/codemii/devkitpro/devkitppc/bin/../lib/gcc/powerpc-eabi/11.1.0/../../../../powerpc-eabi/lib\libsysbase.a(handle_manager.o)
 .data.__stdin_handle
                0x0000000080019e24        0xc d:/games/dolphin-x64/codemii/devkitpro/devkitppc/bin/../lib/gcc/powerpc-eabi/11.1.0/../../../../powerpc-eabi/lib\libsysbase.a(handle_manager.o)
 .data.__stdout_handle
                0x0000000080019e30        0xc d:/games/dolphin-x64/codemii/devkitpro/devkitppc/bin/../lib/gcc/powerpc-eabi/11.1.0/../../../../powerpc-eabi/lib\libsysbase.a(handle_manager.o)
 .data.handles  0x0000000080019e3c     0x1000 d:/games/dolphin-x64/codemii/devkitpro/devkitppc/bin/../lib/gcc/powerpc-eabi/11.1.0/../../../../powerpc-eabi/lib\libsysbase.a(handle_manager.o)
 *(.gnu.linkonce.d.*)
                0x000000008001ae40                . = ALIGN (0x20)
 *fill*         0x000000008001ae3c        0x4 

.branch_lt      0x000000008001ae40        0x0
 .branch_lt     0x000000008001ae40        0x0 d:/games/dolphin-x64/codemii/devkitpro/devkitppc/bin/../lib/gcc/powerpc-eabi/11.1.0/crtbegin.o

.data1
 *(.data1)

.tdata
 *(.tdata .tdata.* .gnu.linkonce.td.*)

.tbss
 *(.tbss .tbss.* .gnu.linkonce.tb.*)
 *(.tcommon)

.eh_frame       0x000000008001ae40     0x357c
 *(.eh_frame)
 .eh_frame      0x000000008001ae40        0x0 d:/games/dolphin-x64/codemii/devkitpro/devkitppc/bin/../lib/gcc/powerpc-eabi/11.1.0/ecrti.o
                0x000000008001ae40                __EH_FRAME_BEGIN__
 .eh_frame      0x000000008001ae40        0x0 d:/games/dolphin-x64/codemii/devkitpro/devkitppc/bin/../lib/gcc/powerpc-eabi/11.1.0/crtbegin.o
 .eh_frame      0x000000008001ae40        0x0 d:/games/dolphin-x64/codemii/devkitpro/devkitppc/bin/../lib/gcc/powerpc-eabi/11.1.0/crtbegin.o
 .eh_frame      0x000000008001ae40       0x34 d:/games/dolphin-x64/codemii/devkitpro/devkitppc/bin/../lib/gcc/powerpc-eabi/11.1.0/../../../../powerpc-eabi/lib/crtmain.o
 .eh_frame      0x000000008001ae74       0x50 template.o
                                         0x64 (size before relaxing)
 .eh_frame      0x000000008001aec4      0x184 D:/Games/Dolphin-x64/CodeMii/devkitPro/libogc/lib/cube\libogc.a(console.o)
                                        0x248 (size before relaxing)
 .eh_frame      0x000000008001b048      0x1f8 D:/Games/Dolphin-x64/CodeMii/devkitPro/libogc/lib/cube\libogc.a(video.o)
                                        0x2c0 (size before relaxing)
 .eh_frame      0x000000008001b240      0x338 D:/Games/Dolphin-x64/CodeMii/devkitPro/libogc/lib/cube\libogc.a(pad.o)
                                        0x504 (size before relaxing)
 .eh_frame      0x000000008001b578      0x510 D:/Games/Dolphin-x64/CodeMii/devkitPro/libogc/lib/cube\libogc.a(system.o)
                                        0xb60 (size before relaxing)
 .eh_frame      0x000000008001ba88       0x14 D:/Games/Dolphin-x64/CodeMii/devkitPro/libogc/lib/cube\libogc.a(cond.o)
                                        0x204 (size before relaxing)
 .eh_frame      0x000000008001ba9c       0x28 D:/Games/Dolphin-x64/CodeMii/devkitPro/libogc/lib/cube\libogc.a(decrementer.o)
                                         0x3c (size before relaxing)
 .eh_frame      0x000000008001bac4       0x14 D:/Games/Dolphin-x64/CodeMii/devkitPro/libogc/lib/cube\libogc.a(message.o)
                                        0x178 (size before relaxing)
 .eh_frame      0x000000008001bad8      0x444 D:/Games/Dolphin-x64/CodeMii/devkitPro/libogc/lib/cube\libogc.a(si.o)
                                        0x520 (size before relaxing)
 .eh_frame      0x000000008001bf1c       0x90 D:/Games/Dolphin-x64/CodeMii/devkitPro/libogc/lib/cube\libogc.a(timesupp.o)
                                        0x1ec (size before relaxing)
 .eh_frame      0x000000008001bfac       0xa0 D:/Games/Dolphin-x64/CodeMii/devkitPro/libogc/lib/cube\libogc.a(lock_supp.o)
                                         0xb4 (size before relaxing)
 .eh_frame      0x000000008001c04c       0xc0 D:/Games/Dolphin-x64/CodeMii/devkitPro/libogc/lib/cube\libogc.a(newlibc.o)
                                         0xd4 (size before relaxing)
 .eh_frame      0x000000008001c10c      0x154 D:/Games/Dolphin-x64/CodeMii/devkitPro/libogc/lib/cube\libogc.a(usbgecko.o)
                                        0x3d8 (size before relaxing)
 .eh_frame      0x000000008001c260       0x3c D:/Games/Dolphin-x64/CodeMii/devkitPro/libogc/lib/cube\libogc.a(sbrk.o)
                                         0x50 (size before relaxing)
 .eh_frame      0x000000008001c29c       0x74 D:/Games/Dolphin-x64/CodeMii/devkitPro/libogc/lib/cube\libogc.a(malloc_lock.o)
                                         0x88 (size before relaxing)
 .eh_frame      0x000000008001c310       0x20 D:/Games/Dolphin-x64/CodeMii/devkitPro/libogc/lib/cube\libogc.a(argv.o)
                                         0x34 (size before relaxing)
 .eh_frame      0x000000008001c330       0x14 D:/Games/Dolphin-x64/CodeMii/devkitPro/libogc/lib/cube\libogc.a(lwp_priority.o)
                                         0x28 (size before relaxing)
 .eh_frame      0x000000008001c344      0x28c D:/Games/Dolphin-x64/CodeMii/devkitPro/libogc/lib/cube\libogc.a(lwp_threadq.o)
                                        0x2f0 (size before relaxing)
 .eh_frame      0x000000008001c5d0      0x290 D:/Games/Dolphin-x64/CodeMii/devkitPro/libogc/lib/cube\libogc.a(lwp_threads.o)
                                        0x378 (size before relaxing)
 .eh_frame      0x000000008001c860        0x0 D:/Games/Dolphin-x64/CodeMii/devkitPro/libogc/lib/cube\libogc.a(lwp_messages.o)
                                        0x28c (size before relaxing)
 .eh_frame      0x000000008001c860      0x104 D:/Games/Dolphin-x64/CodeMii/devkitPro/libogc/lib/cube\libogc.a(lwp.o)
                                        0x434 (size before relaxing)
 .eh_frame      0x000000008001c964       0x3c D:/Games/Dolphin-x64/CodeMii/devkitPro/libogc/lib/cube\libogc.a(lwp_stack.o)
                                         0x50 (size before relaxing)
 .eh_frame      0x000000008001c9a0       0xac D:/Games/Dolphin-x64/CodeMii/devkitPro/libogc/lib/cube\libogc.a(lwp_mutex.o)
                                         0xc0 (size before relaxing)
 .eh_frame      0x000000008001ca4c      0x124 D:/Games/Dolphin-x64/CodeMii/devkitPro/libogc/lib/cube\libogc.a(lwp_watchdog.o)
                                        0x1a0 (size before relaxing)
 .eh_frame      0x000000008001cb70       0x30 D:/Games/Dolphin-x64/CodeMii/devkitPro/libogc/lib/cube\libogc.a(lwp_wkspace.o)
                                         0xa8 (size before relaxing)
 .eh_frame      0x000000008001cba0       0xb8 D:/Games/Dolphin-x64/CodeMii/devkitPro/libogc/lib/cube\libogc.a(lwp_objmgr.o)
                                         0xe0 (size before relaxing)
 .eh_frame      0x000000008001cc58       0x3c D:/Games/Dolphin-x64/CodeMii/devkitPro/libogc/lib/cube\libogc.a(lwp_heap.o)
                                         0x64 (size before relaxing)
 .eh_frame      0x000000008001cc94       0xf0 D:/Games/Dolphin-x64/CodeMii/devkitPro/libogc/lib/cube\libogc.a(exception.o)
                                        0x164 (size before relaxing)
 .eh_frame      0x000000008001cd84       0xc8 D:/Games/Dolphin-x64/CodeMii/devkitPro/libogc/lib/cube\libogc.a(irq.o)
                                        0x118 (size before relaxing)
 .eh_frame      0x000000008001ce4c       0x14 D:/Games/Dolphin-x64/CodeMii/devkitPro/libogc/lib/cube\libogc.a(semaphore.o)
                                        0x160 (size before relaxing)
 .eh_frame      0x000000008001ce60      0x51c D:/Games/Dolphin-x64/CodeMii/devkitPro/libogc/lib/cube\libogc.a(exi.o)
                                        0x860 (size before relaxing)
 .eh_frame      0x000000008001d37c      0x128 D:/Games/Dolphin-x64/CodeMii/devkitPro/libogc/lib/cube\libogc.a(mutex.o)
                                        0x150 (size before relaxing)
 .eh_frame      0x000000008001d4a4       0x30 D:/Games/Dolphin-x64/CodeMii/devkitPro/libogc/lib/cube\libogc.a(gx.o)
                                       0x1604 (size before relaxing)
 .eh_frame      0x000000008001d4d4      0x118 D:/Games/Dolphin-x64/CodeMii/devkitPro/libogc/lib/cube\libogc.a(kprintf.o)
                                        0x12c (size before relaxing)
 .eh_frame      0x000000008001d5ec       0x3c D:/Games/Dolphin-x64/CodeMii/devkitPro/libogc/lib/cube\libogc.a(lwp_queue.o)
                                         0x78 (size before relaxing)
 .eh_frame      0x000000008001d628        0x0 D:/Games/Dolphin-x64/CodeMii/devkitPro/libogc/lib/cube\libogc.a(lwp_sema.o)
                                         0xa4 (size before relaxing)
 .eh_frame      0x000000008001d628        0x0 d:/games/dolphin-x64/codemii/devkitpro/devkitppc/bin/../lib/gcc/powerpc-eabi/11.1.0/../../../../powerpc-eabi/lib\libm.a(lib_a-sf_cos.o)
                                         0x54 (size before relaxing)
 .eh_frame      0x000000008001d628        0x0 d:/games/dolphin-x64/codemii/devkitpro/devkitppc/bin/../lib/gcc/powerpc-eabi/11.1.0/../../../../powerpc-eabi/lib\libm.a(lib_a-wf_sqrt.o)
                                         0x54 (size before relaxing)
 .eh_frame      0x000000008001d628        0x0 d:/games/dolphin-x64/codemii/devkitpro/devkitppc/bin/../lib/gcc/powerpc-eabi/11.1.0/../../../../powerpc-eabi/lib\libm.a(lib_a-ef_rem_pio2.o)
                                         0x8c (size before relaxing)
 .eh_frame      0x000000008001d628        0x0 d:/games/dolphin-x64/codemii/devkitpro/devkitppc/bin/../lib/gcc/powerpc-eabi/11.1.0/../../../../powerpc-eabi/lib\libm.a(lib_a-ef_sqrt.o)
                                         0x3c (size before relaxing)
 .eh_frame      0x000000008001d628        0x0 d:/games/dolphin-x64/codemii/devkitpro/devkitppc/bin/../lib/gcc/powerpc-eabi/11.1.0/../../../../powerpc-eabi/lib\libm.a(lib_a-kf_cos.o)
                                         0x38 (size before relaxing)
 .eh_frame      0x000000008001d628        0x0 d:/games/dolphin-x64/codemii/devkitpro/devkitppc/bin/../lib/gcc/powerpc-eabi/11.1.0/../../../../powerpc-eabi/lib\libm.a(lib_a-kf_rem_pio2.o)
                                         0x84 (size before relaxing)
 .eh_frame      0x000000008001d628        0x0 d:/games/dolphin-x64/codemii/devkitpro/devkitppc/bin/../lib/gcc/powerpc-eabi/11.1.0/../../../../powerpc-eabi/lib\libm.a(lib_a-kf_sin.o)
                                         0x34 (size before relaxing)
 .eh_frame      0x000000008001d628        0x0 d:/games/dolphin-x64/codemii/devkitpro/devkitppc/bin/../lib/gcc/powerpc-eabi/11.1.0/../../../../powerpc-eabi/lib\libm.a(lib_a-sf_fabs.o)
                                         0x2c (size before relaxing)
 .eh_frame      0x000000008001d628        0x0 d:/games/dolphin-x64/codemii/devkitpro/devkitppc/bin/../lib/gcc/powerpc-eabi/11.1.0/../../../../powerpc-eabi/lib\libm.a(lib_a-sf_floor.o)
                                         0x34 (size before relaxing)
 .eh_frame      0x000000008001d628        0x0 d:/games/dolphin-x64/codemii/devkitpro/devkitppc/bin/../lib/gcc/powerpc-eabi/11.1.0/../../../../powerpc-eabi/lib\libm.a(lib_a-sf_scalbn.o)
                                         0x3c (size before relaxing)
 .eh_frame      0x000000008001d628        0x0 d:/games/dolphin-x64/codemii/devkitpro/devkitppc/bin/../lib/gcc/powerpc-eabi/11.1.0\libgcc.a(_moddi3.o)
                                         0x40 (size before relaxing)
 .eh_frame      0x000000008001d628       0x34 d:/games/dolphin-x64/codemii/devkitpro/devkitppc/bin/../lib/gcc/powerpc-eabi/11.1.0\libgcc.a(_udivdi3.o)
                                         0x48 (size before relaxing)
 .eh_frame      0x000000008001d65c        0x0 d:/games/dolphin-x64/codemii/devkitpro/devkitppc/bin/../lib/gcc/powerpc-eabi/11.1.0\libgcc.a(_umoddi3.o)
                                         0x50 (size before relaxing)
 .eh_frame      0x000000008001d65c       0x18 d:/games/dolphin-x64/codemii/devkitpro/devkitppc/bin/../lib/gcc/powerpc-eabi/11.1.0/../../../../powerpc-eabi/lib\libsysbase.a(abort.o)
                                         0x2c (size before relaxing)