Archive member included to satisfy reference by file (symbol)

D:/Games/Dolphin-x64/CodeMii/devkitPro/libogc/lib/wii\libwiiuse.a(wpad.o)
                              test2.o (WPAD_Init)
D:/Games/Dolphin-x64/CodeMii/devkitPro/libogc/lib/wii\libwiiuse.a(motion_plus.o)
                              D:/Games/Dolphin-x64/CodeMii/devkitPro/libogc/lib/wii\libwiiuse.a(wpad.o) (wiiuse_set_motion_plus)
D:/Games/Dolphin-x64/CodeMii/devkitPro/libogc/lib/wii\libwiiuse.a(dynamics.o)
                              D:/Games/Dolphin-x64/CodeMii/devkitPro/libogc/lib/wii\libwiiuse.a(wpad.o) (calculate_gforce)
D:/Games/Dolphin-x64/CodeMii/devkitPro/libogc/lib/wii\libwiiuse.a(io.o)
                              D:/Games/Dolphin-x64/CodeMii/devkitPro/libogc/lib/wii\libwiiuse.a(motion_plus.o) (wiiuse_disable_expansion)
D:/Games/Dolphin-x64/CodeMii/devkitPro/libogc/lib/wii\libwiiuse.a(io_wii.o)
                              D:/Games/Dolphin-x64/CodeMii/devkitPro/libogc/lib/wii\libwiiuse.a(wpad.o) (__wiiuse_sensorbar_enable)
D:/Games/Dolphin-x64/CodeMii/devkitPro/libogc/lib/wii\libwiiuse.a(ir.o)
                              D:/Games/Dolphin-x64/CodeMii/devkitPro/libogc/lib/wii\libwiiuse.a(motion_plus.o) (wiiuse_set_ir_mode)
D:/Games/Dolphin-x64/CodeMii/devkitPro/libogc/lib/wii\libwiiuse.a(nunchuk.o)
                              D:/Games/Dolphin-x64/CodeMii/devkitPro/libogc/lib/wii\libwiiuse.a(io.o) (nunchuk_handshake)
D:/Games/Dolphin-x64/CodeMii/devkitPro/libogc/lib/wii\libwiiuse.a(wiiboard.o)
                              D:/Games/Dolphin-x64/CodeMii/devkitPro/libogc/lib/wii\libwiiuse.a(io.o) (wii_board_handshake)
D:/Games/Dolphin-x64/CodeMii/devkitPro/libogc/lib/wii\libwiiuse.a(wiiuse.o)
                              D:/Games/Dolphin-x64/CodeMii/devkitPro/libogc/lib/wii\libwiiuse.a(wpad.o) (wiiuse_init)
D:/Games/Dolphin-x64/CodeMii/devkitPro/libogc/lib/wii\libwiiuse.a(speaker.o)
                              D:/Games/Dolphin-x64/CodeMii/devkitPro/libogc/lib/wii\libwiiuse.a(wpad.o) (wencdata)
D:/Games/Dolphin-x64/CodeMii/devkitPro/libogc/lib/wii\libwiiuse.a(classic.o)
                              D:/Games/Dolphin-x64/CodeMii/devkitPro/libogc/lib/wii\libwiiuse.a(io.o) (classic_ctrl_handshake)
D:/Games/Dolphin-x64/CodeMii/devkitPro/libogc/lib/wii\libwiiuse.a(events.o)
                              D:/Games/Dolphin-x64/CodeMii/devkitPro/libogc/lib/wii\libwiiuse.a(io_wii.o) (parse_event)
D:/Games/Dolphin-x64/CodeMii/devkitPro/libogc/lib/wii\libwiiuse.a(guitar_hero_3.o)
                              D:/Games/Dolphin-x64/CodeMii/devkitPro/libogc/lib/wii\libwiiuse.a(io.o) (guitar_hero_3_handshake)
D:/Games/Dolphin-x64/CodeMii/devkitPro/libogc/lib/wii\libbte.a(bte.o)
                              D:/Games/Dolphin-x64/CodeMii/devkitPro/libogc/lib/wii\libwiiuse.a(wpad.o) (BTE_Init)
D:/Games/Dolphin-x64/CodeMii/devkitPro/libogc/lib/wii\libbte.a(hci.o)
                              D:/Games/Dolphin-x64/CodeMii/devkitPro/libogc/lib/wii\libbte.a(bte.o) (hci_init)
D:/Games/Dolphin-x64/CodeMii/devkitPro/libogc/lib/wii\libbte.a(l2cap.o)
                              D:/Games/Dolphin-x64/CodeMii/devkitPro/libogc/lib/wii\libbte.a(bte.o) (l2cap_init)
D:/Games/Dolphin-x64/CodeMii/devkitPro/libogc/lib/wii\libbte.a(btmemb.o)
                              D:/Games/Dolphin-x64/CodeMii/devkitPro/libogc/lib/wii\libbte.a(bte.o) (btmemb_init)
D:/Games/Dolphin-x64/CodeMii/devkitPro/libogc/lib/wii\libbte.a(btmemr.o)
                              D:/Games/Dolphin-x64/CodeMii/devkitPro/libogc/lib/wii\libbte.a(hci.o) (btmemr_init)
D:/Games/Dolphin-x64/CodeMii/devkitPro/libogc/lib/wii\libbte.a(btpbuf.o)
                              D:/Games/Dolphin-x64/CodeMii/devkitPro/libogc/lib/wii\libbte.a(hci.o) (btpbuf_init)
D:/Games/Dolphin-x64/CodeMii/devkitPro/libogc/lib/wii\libbte.a(physbusif.o)
                              D:/Games/Dolphin-x64/CodeMii/devkitPro/libogc/lib/wii\libbte.a(bte.o) (physbusif_init)
D:/Games/Dolphin-x64/CodeMii/devkitPro/libogc/lib/wii\libogc.a(console.o)
                              test2.o (CON_Init)
D:/Games/Dolphin-x64/CodeMii/devkitPro/libogc/lib/wii\libogc.a(lwp_queue.o)
                              D:/Games/Dolphin-x64/CodeMii/devkitPro/libogc/lib/wii\libwiiuse.a(io_wii.o) (__lwp_queue_initialize)
D:/Games/Dolphin-x64/CodeMii/devkitPro/libogc/lib/wii\libogc.a(lwp_threads.o)
                              D:/Games/Dolphin-x64/CodeMii/devkitPro/libogc/lib/wii\libwiiuse.a(wpad.o) (_thread_dispatch_disable_level)
D:/Games/Dolphin-x64/CodeMii/devkitPro/libogc/lib/wii\libogc.a(lwp.o)
                              D:/Games/Dolphin-x64/CodeMii/devkitPro/libogc/lib/wii\libbte.a(bte.o) (LWP_InitQueue)
D:/Games/Dolphin-x64/CodeMii/devkitPro/libogc/lib/wii\libogc.a(lwp_handler.o)
                              D:/Games/Dolphin-x64/CodeMii/devkitPro/libogc/lib/wii\libogc.a(lwp_threads.o) (_cpu_context_save_fp)
D:/Games/Dolphin-x64/CodeMii/devkitPro/libogc/lib/wii\libogc.a(lwp_stack.o)
[...]
Memory Configuration

Name             Origin             Length             Attributes
*default*        0x0000000000000000 0xffffffffffffffff

Linker script and memory map

                0x0000000000003400                . = 0x3400

.stub
 *(.stub)
                0x0000000080004000                . = 0x80004000

.init           0x0000000080004000      0x194
 *crt0.o(*.init)
 .init          0x0000000080004000      0x170 D:/Games/Dolphin-x64/CodeMii/devkitPro/libogc/lib/wii\libogc.a(ogc_crt0.o)
                0x0000000080004000                _start
                0x0000000080004140                _memset
 *(.init)
 .init          0x0000000080004170        0xc d:/games/dolphin-x64/codemii/devkitpro/devkitppc/bin/../lib/gcc/powerpc-eabi/11.1.0/ecrti.o
                0x0000000080004170                __init
 .init          0x000000008000417c        0x4 d:/games/dolphin-x64/codemii/devkitpro/devkitppc/bin/../lib/gcc/powerpc-eabi/11.1.0/crtbegin.o
 .init          0x0000000080004180        0x4 d:/games/dolphin-x64/codemii/devkitpro/devkitppc/bin/../lib/gcc/powerpc-eabi/11.1.0/crtend.o
 .init          0x0000000080004184       0x10 d:/games/dolphin-x64/codemii/devkitpro/devkitppc/bin/../lib/gcc/powerpc-eabi/11.1.0/ecrtn.o

.rela.dyn       0x0000000080004194        0x0
 .rela.iplt     0x0000000080004194        0x0 d:/games/dolphin-x64/codemii/devkitpro/devkitppc/bin/../lib/gcc/powerpc-eabi/11.1.0/crtbegin.o

.plt
 *(.plt)

.interp
 *(.interp)

.hash
 *(.hash)

.dynsym
 *(.dynsym)

.dynstr
 *(.dynstr)

.gnu.version
 *(.gnu.version)

.gnu.version_d
 *(.gnu.version_d)

.gnu.version_r
 *(.gnu.version_r)

.rel.init
 *(.rel.init)

.rela.init      0x0000000080004194        0x0
 *(.rela.init)
 .rela.init     0x0000000080004194        0x0 d:/games/dolphin-x64/codemii/devkitpro/devkitppc/bin/../lib/gcc/powerpc-eabi/11.1.0/crtbegin.o

.rel.text
 *(.rel.text .rel.text.* .rel.gnu.linkonce.t.*)

.rela.text      0x0000000080004194        0x0
 *(.rela.text .rela.text.* .rela.gnu.linkonce.t.*)
 .rela.text.__do_global_dtors_aux
                0x0000000080004194        0x0 d:/games/dolphin-x64/codemii/devkitpro/devkitppc/bin/../lib/gcc/powerpc-eabi/11.1.0/crtbegin.o
 .rela.text.frame_dummy
                0x0000000080004194        0x0 d:/games/dolphin-x64/codemii/devkitpro/devkitppc/bin/../lib/gcc/powerpc-eabi/11.1.0/crtbegin.o
 .rela.text.__lwp_sysinit
                0x0000000080004194        0x0 d:/games/dolphin-x64/codemii/devkitpro/devkitppc/bin/../lib/gcc/powerpc-eabi/11.1.0/crtbegin.o
 .rela.text.__irq_init
                0x0000000080004194        0x0 d:/games/dolphin-x64/codemii/devkitpro/devkitppc/bin/../lib/gcc/powerpc-eabi/11.1.0/crtbegin.o
 .rela.text.SYS_Init
                0x0000000080004194        0x0 d:/games/dolphin-x64/codemii/devkitpro/devkitppc/bin/../lib/gcc/powerpc-eabi/11.1.0/crtbegin.o
 .rela.text.__CheckARGV
                0x0000000080004194        0x0 d:/games/dolphin-x64/codemii/devkitpro/devkitppc/bin/../lib/gcc/powerpc-eabi/11.1.0/crtbegin.o
 .rela.text.__GX_InitRevBits
                0x0000000080004194        0x0 d:/games/dolphin-x64/codemii/devkitpro/devkitppc/bin/../lib/gcc/powerpc-eabi/11.1.0/crtbegin.o
 .rela.text.GX_AbortFrame
                0x0000000080004194        0x0 d:/games/dolphin-x64/codemii/devkitpro/devkitppc/bin/../lib/gcc/powerpc-eabi/11.1.0/crtbegin.o

.rel.fini
 *(.rel.fini)

.rela.fini
 *(.rela.fini)

.rel.rodata
 *(.rel.rodata .rel.rodata.* .rel.gnu.linkonce.r.*)

.rela.rodata
 *(.rela.rodata .rela.rodata.* .rela.gnu.linkonce.r.*)

.rel.data
 *(.rel.data .rel.data.* .rel.gnu.linkonce.d.*)

.rela.data
 *(.rela.data .rela.data.* .rela.gnu.linkonce.d.*)

.rel.tdata
 *(.rel.tdata .rel.tdata.* .rel.gnu.linkonce.td.*)

.rela.tdata
 *(.rela.tdata .rela.tdata.* .rela.gnu.linkonce.td.*)

.rel.tbss
 *(.rel.tbss .rel.tbss.* .rel.gnu.linkonce.tb.*)

.rela.tbss
 *(.rela.tbss .rela.tbss.* .rela.gnu.linkonce.tb.*)

.rel.ctors
 *(.rel.ctors)

.rela.ctors
 *(.rela.ctors)

.rel.dtors
 *(.rel.dtors)

.rela.dtors
 *(.rela.dtors)

.rel.got
 *(.rel.got)

.rela.got
 *(.rela.got)

.rela.got1
 *(.rela.got1)

.rela.got2
 *(.rela.got2)

.rel.sdata
 *(.rel.sdata .rel.sdata.* .rel.gnu.linkonce.s.*)

.rela.sdata
 *(.rela.sdata .rela.sdata.* .rela.gnu.linkonce.s.*)

.rel.sbss
 *(.rel.sbss .rel.sbss.* .rel.gnu.linkonce.sb.*)

.rela.sbss
 *(.rela.sbss .rela.sbss.* .rel.gnu.linkonce.sb.*)

.rel.sdata2
 *(.rel.sdata2 .rel.sdata2.* .rel.gnu.linkonce.s2.*)

.rela.sdata2    0x0000000080004194        0x0
 *(.rela.sdata2 .rela.sdata2.* .rela.gnu.linkonce.s2.*)
 .rela.sdata2.__sys_inIPL
                0x0000000080004194        0x0 d:/games/dolphin-x64/codemii/devkitpro/devkitppc/bin/../lib/gcc/powerpc-eabi/11.1.0/crtbegin.o

.rel.sbss2
 *(.rel.sbss2 .rel.sbss2.* .rel.gnu.linkonce.sb2.*)

.rela.sbss2
 *(.rela.sbss2 .rela.sbss2.* .rela.gnu.linkonce.sb2.*)

.rel.bss
 *(.rel.bss .rel.bss.* .rel.gnu.linkonce.b.*)

.rela.bss
 *(.rela.bss .rela.bss.* .rela.gnu.linkonce.b.*)

.rel.plt
 *(.rel.plt)

.rela.plt
 *(.rela.plt)

.text           0x00000000800041a0    0x3b280
 *(.text)
 .text          0x00000000800041a0      0x44c D:/Games/Dolphin-x64/CodeMii/devkitPro/libogc/lib/wii\libogc.a(lwp_handler.o)
                0x00000000800041a0                _cpu_context_save_fp
                0x00000000800042e0                _cpu_context_restore_fp
                0x0000000080004420                _cpu_context_switch
                0x0000000080004500                _cpu_context_save
                0x0000000080004580                _cpu_context_restore
 .text          0x00000000800045ec      0x4a0 D:/Games/Dolphin-x64/CodeMii/devkitPro/libogc/lib/wii\libogc.a(system_asm.o)
                0x00000000800045ec                __realmode
                0x0000000080004604                __configBATS
                0x0000000080004734                __InitFPRS
                0x0000000080004860                __InitPS
                0x00000000800048bc                __InitCache
                0x0000000080004914                __InitSystem
                0x000000008000499c                __flush_cache
                0x00000000800049d0                __reset
                0x0000000080004a40                __InitBATS
                0x0000000080004a5c                SYS_SwitchFiber
 .text          0x0000000080004a8c      0x1ac D:/Games/Dolphin-x64/CodeMii/devkitPro/libogc/lib/wii\libogc.a(irq_handler.o)
                0x0000000080004a8c                irq_exceptionhandler
 .text          0x0000000080004c38      0x4f4 D:/Games/Dolphin-x64/CodeMii/devkitPro/libogc/lib/wii\libogc.a(cache_asm.o)
                0x0000000080004c38                DCFlashInvalidate
                0x0000000080004c4c                DCEnable
                0x0000000080004c60                DCDisable
                0x0000000080004c74                DCFreeze
                0x0000000080004c88                DCUnfreeze
                0x0000000080004c9c                DCTouchLoad
                0x0000000080004ca4                DCBlockZero
                0x0000000080004cac                DCBlockStore
                0x0000000080004cb4                DCBlockFlush
                0x0000000080004cbc                DCBlockInvalidate
                0x0000000080004cc4                DCInvalidateRange
                0x0000000080004cf4                DCFlushRange
                0x0000000080004d28                DCStoreRange
                0x0000000080004d5c                DCFlushRangeNoSync
                0x0000000080004d8c                DCStoreRangeNoSync
                0x0000000080004dbc                DCZeroRange
                0x0000000080004dec                DCTouchRange
                0x0000000080004e1c                ICInvalidateRange
                0x0000000080004e54                ICFlashInvalidate
                0x0000000080004e68                ICEnable
                0x0000000080004e7c                ICDisable
                0x0000000080004e90                ICFreeze
                0x0000000080004ea4                ICUnfreeze
                0x0000000080004eb8                ICBlockInvalidate
                0x0000000080004ec0                ICSync
                0x0000000080004ec8                L2Init
                0x0000000080004f10                L2Enable
                0x0000000080004f2c                L2Disable
                0x0000000080004f44                L2GlobalInvalidate
                0x0000000080004f9c                __LCEnable
                0x0000000080005068                LCDisable
                0x0000000080005090                LCAllocOneTag
                0x00000000800050a4                LCAllocTags
                0x00000000800050e4                LCLoadBlocks
                0x0000000080005108                LCStoreBlocks
 .text          0x000000008000512c      0x1ac D:/Games/Dolphin-x64/CodeMii/devkitPro/libogc/lib/wii\libogc.a(decrementer_handler.o)
                0x000000008000512c                dec_exceptionhandler
 .text          0x00000000800052d8      0x35c D:/Games/Dolphin-x64/CodeMii/devkitPro/libogc/lib/wii\libogc.a(exception_handler.o)
                0x00000000800052d8                exceptionhandler_start
                0x0000000080005354                exceptionhandler_patch
                0x0000000080005388                exceptionhandler_end
                0x000000008000538c                default_exceptionhandler
                0x00000000800054bc                fpu_exceptionhandler
                0x0000000080005604                systemcallhandler_start
                0x0000000080005630                systemcallhandler_end
 .text          0x0000000080005634       0x48 d:/games/dolphin-x64/codemii/devkitpro/devkitppc/bin/../lib/gcc/powerpc-eabi/11.1.0\libgcc.a(eabi.o)
                0x0000000080005634                __eabi
 *(.text.*)
 .text.__do_global_dtors_aux
                0x000000008000567c       0xcc d:/games/dolphin-x64/codemii/devkitpro/devkitppc/bin/../lib/gcc/powerpc-eabi/11.1.0/crtbegin.o
 .text.frame_dummy
                0x0000000080005748       0x24 d:/games/dolphin-x64/codemii/devkitpro/devkitppc/bin/../lib/gcc/powerpc-eabi/11.1.0/crtbegin.o
 .text.__crtmain
                0x000000008000576c       0x44 d:/games/dolphin-x64/codemii/devkitpro/devkitppc/bin/../lib/gcc/powerpc-eabi/11.1.0/../../../../powerpc-eabi/lib/crtmain.o
                0x0000000080005770                __crtmain
 .text.startup.main
                0x00000000800057b0       0xe8 test2.o
                0x00000000800057b0                main
 .text.__wpad_assign_slot
                0x0000000080005898      0x244 D:/Games/Dolphin-x64/CodeMii/devkitPro/libogc/lib/wii\libwiiuse.a(wpad.o)
                0x0000000080005898                __wpad_assign_slot
 .text.__wpad_def_powcb
                0x0000000080005adc        0x4 D:/Games/Dolphin-x64/CodeMii/devkitPro/libogc/lib/wii\libwiiuse.a(wpad.o)
 .text.__readlinkkey_finished
                0x0000000080005ae0       0x34 D:/Games/Dolphin-x64/CodeMii/devkitPro/libogc/lib/wii\libwiiuse.a(wpad.o)
 .text.__wpad_patch_finished
                0x0000000080005b14       0x2c D:/Games/Dolphin-x64/CodeMii/devkitPro/libogc/lib/wii\libwiiuse.a(wpad.o)
 .text.__wpad_setfmt
                0x0000000080005b40      0x158 D:/Games/Dolphin-x64/CodeMii/devkitPro/libogc/lib/wii\libwiiuse.a(wpad.o)
 .text.__wpad_eventCB
                0x0000000080005c98      0xae4 D:/Games/Dolphin-x64/CodeMii/devkitPro/libogc/lib/wii\libwiiuse.a(wpad.o)
 .text.__wpad_disconnectCB
                0x000000008000677c       0xd4 D:/Games/Dolphin-x64/CodeMii/devkitPro/libogc/lib/wii\libwiiuse.a(wpad.o)
                0x000000008000677c                __wpad_disconnectCB
 .text.__wpad_timeouthandler
                0x0000000080006850       0xb0 D:/Games/Dolphin-x64/CodeMii/devkitPro/libogc/lib/wii\libwiiuse.a(wpad.o)
 .text.__initcore_finished
                0x0000000080006900       0x48 D:/Games/Dolphin-x64/CodeMii/devkitPro/libogc/lib/wii\libwiiuse.a(wpad.o)
 .text.__wpad_init_finished
                0x0000000080006948      0x18c D:/Games/Dolphin-x64/CodeMii/devkitPro/libogc/lib/wii\libwiiuse.a(wpad.o)
 .text.WPAD_ReadEvent
                0x0000000080006ad4      0x690 D:/Games/Dolphin-x64/CodeMii/devkitPro/libogc/lib/wii\libwiiuse.a(wpad.o)
                0x0000000080006ad4                WPAD_ReadEvent
 .text.WPAD_ReadPending
                0x0000000080007164      0x1c4 D:/Games/Dolphin-x64/CodeMii/devkitPro/libogc/lib/wii\libwiiuse.a(wpad.o)
                0x0000000080007164                WPAD_ReadPending
 .text.WPAD_Shutdown
                0x0000000080007328      0x108 D:/Games/Dolphin-x64/CodeMii/devkitPro/libogc/lib/wii\libwiiuse.a(wpad.o)
                0x0000000080007328                WPAD_Shutdown
 .text.WPAD_Init
                0x0000000080007430      0x2c4 D:/Games/Dolphin-x64/CodeMii/devkitPro/libogc/lib/wii\libwiiuse.a(wpad.o)
                0x0000000080007430                WPAD_Init
 .text.__wpad_onreset
                0x00000000800076f4       0x34 D:/Games/Dolphin-x64/CodeMii/devkitPro/libogc/lib/wii\libwiiuse.a(wpad.o)
 .text.WPAD_ScanPads
                0x0000000080007728       0x94 D:/Games/Dolphin-x64/CodeMii/devkitPro/libogc/lib/wii\libwiiuse.a(wpad.o)
                0x0000000080007728                WPAD_ScanPads
 .text.WPAD_ButtonsDown
                0x00000000800077bc       0x28 D:/Games/Dolphin-x64/CodeMii/devkitPro/libogc/lib/wii\libwiiuse.a(wpad.o)
                0x00000000800077bc                WPAD_ButtonsDown
 .text.motion_plus_disconnected
                0x00000000800077e4       0x10 D:/Games/Dolphin-x64/CodeMii/devkitPro/libogc/lib/wii\libwiiuse.a(motion_plus.o)
                0x00000000800077e4                motion_plus_disconnected
 .text.motion_plus_event
                0x00000000800077f4       0x64 D:/Games/Dolphin-x64/CodeMii/devkitPro/libogc/lib/wii\libwiiuse.a(motion_plus.o)
                0x00000000800077f4                motion_plus_event
 .text.calculate_gforce
                0x0000000080007858      0x114 D:/Games/Dolphin-x64/CodeMii/devkitPro/libogc/lib/wii\libwiiuse.a(dynamics.o)
                0x0000000080007858                calculate_gforce
 .text.calc_joystick_state
                0x000000008000796c      0x210 D:/Games/Dolphin-x64/CodeMii/devkitPro/libogc/lib/wii\libwiiuse.a(dynamics.o)
                0x000000008000796c                calc_joystick_state
 .text.apply_smoothing
                0x0000000080007b7c      0x120 D:/Games/Dolphin-x64/CodeMii/devkitPro/libogc/lib/wii\libwiiuse.a(dynamics.o)
                0x0000000080007b7c                apply_smoothing
 .text.calculate_orientation
                0x0000000080007c9c      0x340 D:/Games/Dolphin-x64/CodeMii/devkitPro/libogc/lib/wii\libwiiuse.a(dynamics.o)
                0x0000000080007c9c                calculate_orientation
 .text.calc_balanceboard_state
                0x0000000080007fdc      0x3a4 D:/Games/Dolphin-x64/CodeMii/devkitPro/libogc/lib/wii\libwiiuse.a(dynamics.o)
                0x0000000080007fdc                calc_balanceboard_state
 .text.wiiuse_handshake
                0x0000000080008380      0x26c D:/Games/Dolphin-x64/CodeMii/devkitPro/libogc/lib/wii\libwiiuse.a(io.o)
                0x0000000080008380                wiiuse_handshake
 .text.wiiuse_handshake_expansion
                0x00000000800085ec      0x1fc D:/Games/Dolphin-x64/CodeMii/devkitPro/libogc/lib/wii\libwiiuse.a(io.o)
                0x00000000800085ec                wiiuse_handshake_expansion
 .text.wiiuse_handshake_expansion_start
                0x00000000800087e8       0x5c D:/Games/Dolphin-x64/CodeMii/devkitPro/libogc/lib/wii\libwiiuse.a(io.o)
                0x00000000800087e8                wiiuse_handshake_expansion_start
 .text.wiiuse_disable_expansion
                0x0000000080008844      0x1b0 D:/Games/Dolphin-x64/CodeMii/devkitPro/libogc/lib/wii\libwiiuse.a(io.o)
                0x0000000080008844                wiiuse_disable_expansion
 .text.__wiiuse_connected
                0x00000000800089f4       0x9c D:/Games/Dolphin-x64/CodeMii/devkitPro/libogc/lib/wii\libwiiuse.a(io_wii.o)
 .text.__wiiuse_disconnected
                0x0000000080008a90       0xb4 D:/Games/Dolphin-x64/CodeMii/devkitPro/libogc/lib/wii\libwiiuse.a(io_wii.o)
 .text.__wiiuse_receive
                0x0000000080008b44       0xd0 D:/Games/Dolphin-x64/CodeMii/devkitPro/libogc/lib/wii\libwiiuse.a(io_wii.o)
 .text.__wiiuse_sensorbar_enable
                0x0000000080008c14       0x54 D:/Games/Dolphin-x64/CodeMii/devkitPro/libogc/lib/wii\libwiiuse.a(io_wii.o)
                0x0000000080008c14                __wiiuse_sensorbar_enable
 .text.wiiuse_register
                0x0000000080008c68       0xf0 D:/Games/Dolphin-x64/CodeMii/devkitPro/libogc/lib/wii\libwiiuse.a(io_wii.o)
                0x0000000080008c68                wiiuse_register
 .text.wiiuse_disconnect
                0x0000000080008d58       0x24 D:/Games/Dolphin-x64/CodeMii/devkitPro/libogc/lib/wii\libwiiuse.a(io_wii.o)
                0x0000000080008d58                wiiuse_disconnect
 .text.wiiuse_init_cmd_queue
                0x0000000080008d7c       0x9c D:/Games/Dolphin-x64/CodeMii/devkitPro/libogc/lib/wii\libwiiuse.a(io_wii.o)
                0x0000000080008d7c                wiiuse_init_cmd_queue
 .text.wiiuse_io_write
                0x0000000080008e18       0x1c D:/Games/Dolphin-x64/CodeMii/devkitPro/libogc/lib/wii\libwiiuse.a(io_wii.o)
                0x0000000080008e18                wiiuse_io_write
 .text.rotate_dots
                0x0000000080008e34      0x13c D:/Games/Dolphin-x64/CodeMii/devkitPro/libogc/lib/wii\libwiiuse.a(ir.o)
 .text.get_ir_sens.constprop.0.isra.0
                0x0000000080008f70       0xdc D:/Games/Dolphin-x64/CodeMii/devkitPro/libogc/lib/wii\libwiiuse.a(ir.o)
 .text.wiiuse_set_ir_mode
                0x000000008000904c       0x88 D:/Games/Dolphin-x64/CodeMii/devkitPro/libogc/lib/wii\libwiiuse.a(ir.o)
                0x000000008000904c                wiiuse_set_ir_mode
 .text.wiiuse_set_ir
                0x00000000800090d4      0x208 D:/Games/Dolphin-x64/CodeMii/devkitPro/libogc/lib/wii\libwiiuse.a(ir.o)
                0x00000000800090d4                wiiuse_set_ir
 .text.wiiuse_set_ir_position
                0x00000000800092dc       0x80 D:/Games/Dolphin-x64/CodeMii/devkitPro/libogc/lib/wii\libwiiuse.a(ir.o)
                0x00000000800092dc                wiiuse_set_ir_position
 .text.wiiuse_set_aspect_ratio
                0x000000008000935c       0xac D:/Games/Dolphin-x64/CodeMii/devkitPro/libogc/lib/wii\libwiiuse.a(ir.o)
                0x000000008000935c                wiiuse_set_aspect_ratio
 .text.wiiuse_set_ir_sensitivity
                0x0000000080009408       0xd0 D:/Games/Dolphin-x64/CodeMii/devkitPro/libogc/lib/wii\libwiiuse.a(ir.o)
                0x0000000080009408                wiiuse_set_ir_sensitivity
 .text.calculate_basic_ir
                0x00000000800094d8       0xf8 D:/Games/Dolphin-x64/CodeMii/devkitPro/libogc/lib/wii\libwiiuse.a(ir.o)
                0x00000000800094d8                calculate_basic_ir
 .text.calculate_extended_ir
                0x00000000800095d0       0x64 D:/Games/Dolphin-x64/CodeMii/devkitPro/libogc/lib/wii\libwiiuse.a(ir.o)
                0x00000000800095d0                calculate_extended_ir
 .text.find_sensorbar
                0x0000000080009634      0xa20 D:/Games/Dolphin-x64/CodeMii/devkitPro/libogc/lib/wii\libwiiuse.a(ir.o)
                0x0000000080009634                find_sensorbar
 .text.apply_ir_smoothing
                0x000000008000a054      0x124 D:/Games/Dolphin-x64/CodeMii/devkitPro/libogc/lib/wii\libwiiuse.a(ir.o)
                0x000000008000a054                apply_ir_smoothing
 .text.interpret_ir_data
                0x000000008000a178      0x3e0 D:/Games/Dolphin-x64/CodeMii/devkitPro/libogc/lib/wii\libwiiuse.a(ir.o)
                0x000000008000a178                interpret_ir_data
 .text.nunchuk_handshake
                0x000000008000a558      0x308 D:/Games/Dolphin-x64/CodeMii/devkitPro/libogc/lib/wii\libwiiuse.a(nunchuk.o)
                0x000000008000a558                nunchuk_handshake
 .text.nunchuk_disconnected
                0x000000008000a860        0xc D:/Games/Dolphin-x64/CodeMii/devkitPro/libogc/lib/wii\libwiiuse.a(nunchuk.o)
                0x000000008000a860                nunchuk_disconnected
 .text.nunchuk_event
                0x000000008000a86c       0xe0 D:/Games/Dolphin-x64/CodeMii/devkitPro/libogc/lib/wii\libwiiuse.a(nunchuk.o)
                0x000000008000a86c                nunchuk_event
 .text.wii_board_handshake
                0x000000008000a94c      0x284 D:/Games/Dolphin-x64/CodeMii/devkitPro/libogc/lib/wii\libwiiuse.a(wiiboard.o)
                0x000000008000a94c                wii_board_handshake
 .text.wii_board_disconnected
                0x000000008000abd0        0xc D:/Games/Dolphin-x64/CodeMii/devkitPro/libogc/lib/wii\libwiiuse.a(wiiboard.o)
                0x000000008000abd0                wii_board_disconnected
 .text.wii_board_event
                0x000000008000abdc       0x24 D:/Games/Dolphin-x64/CodeMii/devkitPro/libogc/lib/wii\libwiiuse.a(wiiboard.o)
                0x000000008000abdc                wii_board_event
 .text.wiiuse_send_next_command
                0x000000008000ac00       0x58 D:/Games/Dolphin-x64/CodeMii/devkitPro/libogc/lib/wii\libwiiuse.a(wiiuse.o)
                0x000000008000ac00                wiiuse_send_next_command
 .text.wiiuse_init
                0x000000008000ac58      0x210 D:/Games/Dolphin-x64/CodeMii/devkitPro/libogc/lib/wii\libwiiuse.a(wiiuse.o)
                0x000000008000ac58                wiiuse_init
 .text.wiiuse_set_flags
                0x000000008000ae68       0x28 D:/Games/Dolphin-x64/CodeMii/devkitPro/libogc/lib/wii\libwiiuse.a(wiiuse.o)
                0x000000008000ae68                wiiuse_set_flags
 .text.wiiuse_read_data
                0x000000008000ae90      0x128 D:/Games/Dolphin-x64/CodeMii/devkitPro/libogc/lib/wii\libwiiuse.a(wiiuse.o)
                0x000000008000ae90                wiiuse_read_data
 .text.wiiuse_write_data
                0x000000008000afb8      0x164 D:/Games/Dolphin-x64/CodeMii/devkitPro/libogc/lib/wii\libwiiuse.a(wiiuse.o)
                0x000000008000afb8                wiiuse_write_data
 .text.wiiuse_sendcmd
                0x000000008000b11c      0x170 D:/Games/Dolphin-x64/CodeMii/devkitPro/libogc/lib/wii\libwiiuse.a(wiiuse.o)
                0x000000008000b11c                wiiuse_sendcmd
 .text.wiiuse_set_leds
                0x000000008000b28c       0x50 D:/Games/Dolphin-x64/CodeMii/devkitPro/libogc/lib/wii\libwiiuse.a(wiiuse.o)
                0x000000008000b28c                wiiuse_set_leds
 .text.wiiuse_set_report_type
                0x000000008000b2dc       0xfc D:/Games/Dolphin-x64/CodeMii/devkitPro/libogc/lib/wii\libwiiuse.a(wiiuse.o)
                0x000000008000b2dc                wiiuse_set_report_type
 .text.wiiuse_status
                0x000000008000b3d8       0x4c D:/Games/Dolphin-x64/CodeMii/devkitPro/libogc/lib/wii\libwiiuse.a(wiiuse.o)
                0x000000008000b3d8                wiiuse_status
 .text.wiiuse_motion_sensing
                0x000000008000b424       0x84 D:/Games/Dolphin-x64/CodeMii/devkitPro/libogc/lib/wii\libwiiuse.a(wiiuse.o)
                0x000000008000b424                wiiuse_motion_sensing
 .text.wiiuse_set_speaker
                0x000000008000b4a8      0x240 D:/Games/Dolphin-x64/CodeMii/devkitPro/libogc/lib/wii\libwiiuse.a(speaker.o)
                0x000000008000b4a8                wiiuse_set_speaker
 .text.classic_ctrl_handshake
                0x000000008000b6e8      0x3b8 D:/Games/Dolphin-x64/CodeMii/devkitPro/libogc/lib/wii\libwiiuse.a(classic.o)
                0x000000008000b6e8                classic_ctrl_handshake
 .text.classic_ctrl_disconnected
                0x000000008000baa0        0xc D:/Games/Dolphin-x64/CodeMii/devkitPro/libogc/lib/wii\libwiiuse.a(classic.o)
                0x000000008000baa0                classic_ctrl_disconnected
 .text.classic_ctrl_event
                0x000000008000baac      0x168 D:/Games/Dolphin-x64/CodeMii/devkitPro/libogc/lib/wii\libwiiuse.a(classic.o)
                0x000000008000baac                classic_ctrl_event
 .text.handle_expansion
                0x000000008000bc14       0x54 D:/Games/Dolphin-x64/CodeMii/devkitPro/libogc/lib/wii\libwiiuse.a(events.o)
 .text.parse_event
                0x000000008000bc68      0x748 D:/Games/Dolphin-x64/CodeMii/devkitPro/libogc/lib/wii\libwiiuse.a(events.o)
                0x000000008000bc68                parse_event
 .text.guitar_hero_3_handshake
                0x000000008000c3b0       0x5c D:/Games/Dolphin-x64/CodeMii/devkitPro/libogc/lib/wii\libwiiuse.a(guitar_hero_3.o)
                0x000000008000c3b0                guitar_hero_3_handshake
 .text.guitar_hero_3_disconnected
                0x000000008000c40c        0xc D:/Games/Dolphin-x64/CodeMii/devkitPro/libogc/lib/wii\libwiiuse.a(guitar_hero_3.o)
                0x000000008000c40c                guitar_hero_3_disconnected
 .text.guitar_hero_3_event
                0x000000008000c418       0x6c D:/Games/Dolphin-x64/CodeMii/devkitPro/libogc/lib/wii\libwiiuse.a(guitar_hero_3.o)
                0x000000008000c418                guitar_hero_3_event
 .text.acl_wlp_completed
                0x000000008000c484        0x8 D:/Games/Dolphin-x64/CodeMii/devkitPro/libogc/lib/wii\libbte.a(bte.o)
                0x000000008000c484                acl_wlp_completed
 .text.bt_alarmhandler
                0x000000008000c48c       0x60 D:/Games/Dolphin-x64/CodeMii/devkitPro/libogc/lib/wii\libbte.a(bte.o)
 .text.__bte_send_pending_request
                0x000000008000c4ec      0x108 D:/Games/Dolphin-x64/CodeMii/devkitPro/libogc/lib/wii\libbte.a(bte.o)
 .text.acl_conn_complete
                0x000000008000c5f4       0x2c D:/Games/Dolphin-x64/CodeMii/devkitPro/libogc/lib/wii\libbte.a(bte.o)
                0x000000008000c5f4                acl_conn_complete
 .text.l2cap_accepted
                0x000000008000c620      0x128 D:/Games/Dolphin-x64/CodeMii/devkitPro/libogc/lib/wii\libbte.a(bte.o)
                0x000000008000c620                l2cap_accepted
 .text.bte_process_input
                0x000000008000c748      0x148 D:/Games/Dolphin-x64/CodeMii/devkitPro/libogc/lib/wii\libbte.a(bte.o)
 .text.l2cap_disconnect_cfm
                0x000000008000c890      0x19c D:/Games/Dolphin-x64/CodeMii/devkitPro/libogc/lib/wii\libbte.a(bte.o)
                0x000000008000c890                l2cap_disconnect_cfm
 .text.l2cap_disconnected_ind
                0x000000008000ca2c      0x1a4 D:/Games/Dolphin-x64/CodeMii/devkitPro/libogc/lib/wii\libbte.a(bte.o)
                0x000000008000ca2c                l2cap_disconnected_ind
 .text.__bte_shutdown_finished
                0x000000008000cbd0       0xd0 D:/Games/Dolphin-x64/CodeMii/devkitPro/libogc/lib/wii\libbte.a(bte.o)
 .text.bte_hci_apply_patch_complete
                0x000000008000cca0      0x160 D:/Games/Dolphin-x64/CodeMii/devkitPro/libogc/lib/wii\libbte.a(bte.o)
                0x000000008000cca0                bte_hci_apply_patch_complete
 .text.bte_hci_patch_complete
                0x000000008000ce00      0x380 D:/Games/Dolphin-x64/CodeMii/devkitPro/libogc/lib/wii\libbte.a(bte.o)
                0x000000008000ce00                bte_hci_patch_complete
 .text.bte_hci_initcore_complete
                0x000000008000d180      0x294 D:/Games/Dolphin-x64/CodeMii/devkitPro/libogc/lib/wii\libbte.a(bte.o)
                0x000000008000d180                bte_hci_initcore_complete
 .text.bte_read_stored_link_key_complete
                0x000000008000d414      0x26c D:/Games/Dolphin-x64/CodeMii/devkitPro/libogc/lib/wii\libbte.a(bte.o)
                0x000000008000d414                bte_read_stored_link_key_complete
 .text.bte_hci_initcore_complete2
                0x000000008000d680      0x24c D:/Games/Dolphin-x64/CodeMii/devkitPro/libogc/lib/wii\libbte.a(bte.o)
 .text.bte_hci_initsub_complete
                0x000000008000d8cc      0x2c8 D:/Games/Dolphin-x64/CodeMii/devkitPro/libogc/lib/wii\libbte.a(bte.o)
                0x000000008000d8cc                bte_hci_initsub_complete
 .text.BTE_Init
                0x000000008000db94      0x138 D:/Games/Dolphin-x64/CodeMii/devkitPro/libogc/lib/wii\libbte.a(bte.o)
                0x000000008000db94                BTE_Init
 .text.BTE_Shutdown
                0x000000008000dccc      0x100 D:/Games/Dolphin-x64/CodeMii/devkitPro/libogc/lib/wii\libbte.a(bte.o)
                0x000000008000dccc                BTE_Shutdown
 .text.BTE_InitCore
                0x000000008000ddcc       0x8c D:/Games/Dolphin-x64/CodeMii/devkitPro/libogc/lib/wii\libbte.a(bte.o)
                0x000000008000ddcc                BTE_InitCore
 .text.BTE_ApplyPatch
                0x000000008000de58       0xa4 D:/Games/Dolphin-x64/CodeMii/devkitPro/libogc/lib/wii\libbte.a(bte.o)
                0x000000008000de58                BTE_ApplyPatch
 .text.BTE_InitSub
                0x000000008000defc       0x90 D:/Games/Dolphin-x64/CodeMii/devkitPro/libogc/lib/wii\libbte.a(bte.o)
                0x000000008000defc                BTE_InitSub
 .text.BTE_ReadStoredLinkKey
                0x000000008000df8c       0x90 D:/Games/Dolphin-x64/CodeMii/devkitPro/libogc/lib/wii\libbte.a(bte.o)
                0x000000008000df8c                BTE_ReadStoredLinkKey
 .text.BTE_SetDisconnectCallback
                0x000000008000e01c        0x4 D:/Games/Dolphin-x64/CodeMii/devkitPro/libogc/lib/wii\libbte.a(bte.o)
                0x000000008000e01c                BTE_SetDisconnectCallback
 .text.bte_new  0x000000008000e020       0x54 D:/Games/Dolphin-x64/CodeMii/devkitPro/libogc/lib/wii\libbte.a(bte.o)
                0x000000008000e020                bte_new
 .text.bte_registerdeviceasync
                0x000000008000e074      0x158 D:/Games/Dolphin-x64/CodeMii/devkitPro/libogc/lib/wii\libbte.a(bte.o)
                0x000000008000e074                bte_registerdeviceasync
 .text.bte_disconnect
                0x000000008000e1cc       0xd8 D:/Games/Dolphin-x64/CodeMii/devkitPro/libogc/lib/wii\libbte.a(bte.o)
                0x000000008000e1cc                bte_disconnect
 .text.bte_senddata
                0x000000008000e2a4      0x100 D:/Games/Dolphin-x64/CodeMii/devkitPro/libogc/lib/wii\libbte.a(bte.o)
                0x000000008000e2a4                bte_senddata
 .text.bte_arg  0x000000008000e3a4       0x38 D:/Games/Dolphin-x64/CodeMii/devkitPro/libogc/lib/wii\libbte.a(bte.o)
                0x000000008000e3a4                bte_arg
 .text.bte_received
                0x000000008000e3dc       0x38 D:/Games/Dolphin-x64/CodeMii/devkitPro/libogc/lib/wii\libbte.a(bte.o)
                0x000000008000e3dc                bte_received
 .text.bte_disconnected
                0x000000008000e414       0x38 D:/Games/Dolphin-x64/CodeMii/devkitPro/libogc/lib/wii\libbte.a(bte.o)
                0x000000008000e414                bte_disconnected
 .text.hci_get_link
                0x000000008000e44c       0x84 D:/Games/Dolphin-x64/CodeMii/devkitPro/libogc/lib/wii\libbte.a(hci.o)
 .text.hci_init
                0x000000008000e4d0       0x7c D:/Games/Dolphin-x64/CodeMii/devkitPro/libogc/lib/wii\libbte.a(hci.o)
                0x000000008000e4d0                hci_init
 .text.hci_close
                0x000000008000e54c       0xd0 D:/Games/Dolphin-x64/CodeMii/devkitPro/libogc/lib/wii\libbte.a(hci.o)
                0x000000008000e54c                hci_close
 .text.hci_reset_all
                0x000000008000e61c       0xb8 D:/Games/Dolphin-x64/CodeMii/devkitPro/libogc/lib/wii\libbte.a(hci.o)
                0x000000008000e61c                hci_reset_all
 .text.hci_arg  0x000000008000e6d4        0xc D:/Games/Dolphin-x64/CodeMii/devkitPro/libogc/lib/wii\libbte.a(hci.o)
                0x000000008000e6d4                hci_arg
 .text.hci_cmd_complete
                0x000000008000e6e0        0xc D:/Games/Dolphin-x64/CodeMii/devkitPro/libogc/lib/wii\libbte.a(hci.o)
                0x000000008000e6e0                hci_cmd_complete
 .text.hci_connection_complete
                0x000000008000e6ec        0xc D:/Games/Dolphin-x64/CodeMii/devkitPro/libogc/lib/wii\libbte.a(hci.o)
                0x000000008000e6ec                hci_connection_complete
 .text.hci_wlp_complete
                0x000000008000e6f8        0xc D:/Games/Dolphin-x64/CodeMii/devkitPro/libogc/lib/wii\libbte.a(hci.o)
                0x000000008000e6f8                hci_wlp_complete
 .text.hci_reset
                0x000000008000e704       0xa8 D:/Games/Dolphin-x64/CodeMii/devkitPro/libogc/lib/wii\libbte.a(hci.o)
                0x000000008000e704                hci_reset
 .text.hci_read_buffer_size
                0x000000008000e7ac       0xa8 D:/Games/Dolphin-x64/CodeMii/devkitPro/libogc/lib/wii\libbte.a(hci.o)
                0x000000008000e7ac                hci_read_buffer_size
 .text.hci_read_bd_addr
                0x000000008000e854       0xa8 D:/Games/Dolphin-x64/CodeMii/devkitPro/libogc/lib/wii\libbte.a(hci.o)
                0x000000008000e854                hci_read_bd_addr
 .text.hci_read_local_version
                0x000000008000e8fc       0xa4 D:/Games/Dolphin-x64/CodeMii/devkitPro/libogc/lib/wii\libbte.a(hci.o)
                0x000000008000e8fc                hci_read_local_version
 .text.hci_read_local_features
                0x000000008000e9a0       0xa8 D:/Games/Dolphin-x64/CodeMii/devkitPro/libogc/lib/wii\libbte.a(hci.o)
                0x000000008000e9a0                hci_read_local_features
 .text.hci_read_stored_link_key
                0x000000008000ea48       0xfc D:/Games/Dolphin-x64/CodeMii/devkitPro/libogc/lib/wii\libbte.a(hci.o)
                0x000000008000ea48                hci_read_stored_link_key
 .text.hci_write_page_timeout
                0x000000008000eb44       0xcc D:/Games/Dolphin-x64/CodeMii/devkitPro/libogc/lib/wii\libbte.a(hci.o)
                0x000000008000eb44                hci_write_page_timeout
 .text.hci_write_scan_enable
                0x000000008000ec10       0xb8 D:/Games/Dolphin-x64/CodeMii/devkitPro/libogc/lib/wii\libbte.a(hci.o)
                0x000000008000ec10                hci_write_scan_enable
 .text.hci_accecpt_conn_request
                0x000000008000ecc8       0xdc D:/Games/Dolphin-x64/CodeMii/devkitPro/libogc/lib/wii\libbte.a(hci.o)
                0x000000008000ecc8                hci_accecpt_conn_request
 .text.hci_write_local_name
                0x000000008000eda4       0xd4 D:/Games/Dolphin-x64/CodeMii/devkitPro/libogc/lib/wii\libbte.a(hci.o)
                0x000000008000eda4                hci_write_local_name
 .text.hci_write_pin_type
                0x000000008000ee78       0xb8 D:/Games/Dolphin-x64/CodeMii/devkitPro/libogc/lib/wii\libbte.a(hci.o)
                0x000000008000ee78                hci_write_pin_type
 .text.hci_write_inquiry_mode
                0x000000008000ef30       0xb8 D:/Games/Dolphin-x64/CodeMii/devkitPro/libogc/lib/wii\libbte.a(hci.o)
                0x000000008000ef30                hci_write_inquiry_mode
 .text.hci_write_page_scan_type
                0x000000008000efe8       0xb8 D:/Games/Dolphin-x64/CodeMii/devkitPro/libogc/lib/wii\libbte.a(hci.o)
                0x000000008000efe8                hci_write_page_scan_type
 .text.hci_write_inquiry_scan_type
                0x000000008000f0a0       0xb8 D:/Games/Dolphin-x64/CodeMii/devkitPro/libogc/lib/wii\libbte.a(hci.o)
                0x000000008000f0a0                hci_write_inquiry_scan_type
 .text.hci_vendor_specific_command
                0x000000008000f158       0xe4 D:/Games/Dolphin-x64/CodeMii/devkitPro/libogc/lib/wii\libbte.a(hci.o)
                0x000000008000f158                hci_vendor_specific_command
 .text.hci_write_link_policy_settings
                0x000000008000f23c      0x100 D:/Games/Dolphin-x64/CodeMii/devkitPro/libogc/lib/wii\libbte.a(hci.o)
                0x000000008000f23c                hci_write_link_policy_settings
 .text.hci_pin_code_request_neg_reply
                0x000000008000f33c       0xc8 D:/Games/Dolphin-x64/CodeMii/devkitPro/libogc/lib/wii\libbte.a(hci.o)
                0x000000008000f33c                hci_pin_code_request_neg_reply
 .text.hci_link_key_req_neg_reply
                0x000000008000f404       0xc8 D:/Games/Dolphin-x64/CodeMii/devkitPro/libogc/lib/wii\libbte.a(hci.o)
                0x000000008000f404                hci_link_key_req_neg_reply
 .text.hci_disconnect
                0x000000008000f4cc       0xf8 D:/Games/Dolphin-x64/CodeMii/devkitPro/libogc/lib/wii\libbte.a(hci.o)
                0x000000008000f4cc                hci_disconnect
 .text.hci_write_cod
                0x000000008000f5c4       0xc8 D:/Games/Dolphin-x64/CodeMii/devkitPro/libogc/lib/wii\libbte.a(hci.o)
                0x000000008000f5c4                hci_write_cod
 .text.hci_host_buffer_size
                0x000000008000f68c      0x108 D:/Games/Dolphin-x64/CodeMii/devkitPro/libogc/lib/wii\libbte.a(hci.o)
                0x000000008000f68c                hci_host_buffer_size
 .text.hci_host_num_comp_packets
                0x000000008000f794      0x104 D:/Games/Dolphin-x64/CodeMii/devkitPro/libogc/lib/wii\libbte.a(hci.o)
                0x000000008000f794                hci_host_num_comp_packets
 .text.lp_pdu_maxsize
                0x000000008000f898        0xc D:/Games/Dolphin-x64/CodeMii/devkitPro/libogc/lib/wii\libbte.a(hci.o)
                0x000000008000f898                lp_pdu_maxsize
 .text.lp_acl_write
                0x000000008000f8a4      0x154 D:/Games/Dolphin-x64/CodeMii/devkitPro/libogc/lib/wii\libbte.a(hci.o)
                0x000000008000f8a4                lp_acl_write
 .text.lp_write_flush_timeout
                0x000000008000f9f8      0x100 D:/Games/Dolphin-x64/CodeMii/devkitPro/libogc/lib/wii\libbte.a(hci.o)
                0x000000008000f9f8                lp_write_flush_timeout
 .text.hci_event_handler
                0x000000008000faf8      0xc70 D:/Games/Dolphin-x64/CodeMii/devkitPro/libogc/lib/wii\libbte.a(hci.o)
                0x000000008000faf8                hci_event_handler
 .text.hci_acldata_handler
                0x0000000080010768      0x118 D:/Games/Dolphin-x64/CodeMii/devkitPro/libogc/lib/wii\libbte.a(hci.o)
                0x0000000080010768                hci_acldata_handler
 .text.l2cap_init
                0x0000000080010880       0x60 D:/Games/Dolphin-x64/CodeMii/devkitPro/libogc/lib/wii\libbte.a(l2cap.o)
                0x0000000080010880                l2cap_init
 .text.l2cap_write
                0x00000000800108e0      0x1a8 D:/Games/Dolphin-x64/CodeMii/devkitPro/libogc/lib/wii\libbte.a(l2cap.o)
                0x00000000800108e0                l2cap_write
 .text.l2cap_new
                0x0000000080010a88       0x60 D:/Games/Dolphin-x64/CodeMii/devkitPro/libogc/lib/wii\libbte.a(l2cap.o)
                0x0000000080010a88                l2cap_new
 .text.l2cap_close
                0x0000000080010ae8      0x1d4 D:/Games/Dolphin-x64/CodeMii/devkitPro/libogc/lib/wii\libbte.a(l2cap.o)
                0x0000000080010ae8                l2cap_close
 .text.l2cap_reset_all
                0x0000000080010cbc      0x154 D:/Games/Dolphin-x64/CodeMii/devkitPro/libogc/lib/wii\libbte.a(l2cap.o)
                0x0000000080010cbc                l2cap_reset_all
 .text.l2cap_signal
                0x0000000080010e10      0x214 D:/Games/Dolphin-x64/CodeMii/devkitPro/libogc/lib/wii\libbte.a(l2cap.o)
                0x0000000080010e10                l2cap_signal
 .text.l2ca_config_req
                0x0000000080011024      0x168 D:/Games/Dolphin-x64/CodeMii/devkitPro/libogc/lib/wii\libbte.a(l2cap.o)
                0x0000000080011024                l2ca_config_req
 .text.l2ca_disconnect_req
                0x000000008001118c       0xc4 D:/Games/Dolphin-x64/CodeMii/devkitPro/libogc/lib/wii\libbte.a(l2cap.o)
                0x000000008001118c                l2ca_disconnect_req
 .text.l2cap_tmr
                0x0000000080011250      0x280 D:/Games/Dolphin-x64/CodeMii/devkitPro/libogc/lib/wii\libbte.a(l2cap.o)
                0x0000000080011250                l2cap_tmr
 .text.l2cap_process_sig
                0x00000000800114d0     0x127c D:/Games/Dolphin-x64/CodeMii/devkitPro/libogc/lib/wii\libbte.a(l2cap.o)
                0x00000000800114d0                l2cap_process_sig
 .text.l2cap_input
                0x000000008001274c      0x578 D:/Games/Dolphin-x64/CodeMii/devkitPro/libogc/lib/wii\libbte.a(l2cap.o)
                0x000000008001274c                l2cap_input
 .text.l2ca_datawrite
                0x0000000080012cc4      0x118 D:/Games/Dolphin-x64/CodeMii/devkitPro/libogc/lib/wii\libbte.a(l2cap.o)
                0x0000000080012cc4                l2ca_datawrite
 .text.lp_connect_cfm
                0x0000000080012ddc      0x184 D:/Games/Dolphin-x64/CodeMii/devkitPro/libogc/lib/wii\libbte.a(l2cap.o)
                0x0000000080012ddc                lp_connect_cfm
 .text.lp_connect_ind
                0x0000000080012f60        0x4 D:/Games/Dolphin-x64/CodeMii/devkitPro/libogc/lib/wii\libbte.a(l2cap.o)
                0x0000000080012f60                lp_connect_ind
 .text.lp_disconnect_ind
                0x0000000080012f64      0x12c D:/Games/Dolphin-x64/CodeMii/devkitPro/libogc/lib/wii\libbte.a(l2cap.o)
                0x0000000080012f64                lp_disconnect_ind
 .text.l2cap_disconnect_bb
                0x0000000080013090       0x10 D:/Games/Dolphin-x64/CodeMii/devkitPro/libogc/lib/wii\libbte.a(l2cap.o)
                0x0000000080013090                l2cap_disconnect_bb
 .text.l2cap_arg
                0x00000000800130a0        0x8 D:/Games/Dolphin-x64/CodeMii/devkitPro/libogc/lib/wii\libbte.a(l2cap.o)
                0x00000000800130a0                l2cap_arg
 .text.l2cap_connect_ind
                0x00000000800130a8      0x100 D:/Games/Dolphin-x64/CodeMii/devkitPro/libogc/lib/wii\libbte.a(l2cap.o)
                0x00000000800130a8                l2cap_connect_ind
 .text.l2cap_disconnect_ind
                0x00000000800131a8        0x8 D:/Games/Dolphin-x64/CodeMii/devkitPro/libogc/lib/wii\libbte.a(l2cap.o)
                0x00000000800131a8                l2cap_disconnect_ind
 .text.l2cap_recv
                0x00000000800131b0        0x8 D:/Games/Dolphin-x64/CodeMii/devkitPro/libogc/lib/wii\libbte.a(l2cap.o)
                0x00000000800131b0                l2cap_recv
 .text.btmemb_init
                0x00000000800131b8       0x24 D:/Games/Dolphin-x64/CodeMii/devkitPro/libogc/lib/wii\libbte.a(btmemb.o)
                0x00000000800131b8                btmemb_init
 .text.btmemb_alloc
                0x00000000800131dc       0x98 D:/Games/Dolphin-x64/CodeMii/devkitPro/libogc/lib/wii\libbte.a(btmemb.o)
                0x00000000800131dc                btmemb_alloc
 .text.btmemb_free
                0x0000000080013274      0x110 D:/Games/Dolphin-x64/CodeMii/devkitPro/libogc/lib/wii\libbte.a(btmemb.o)
                0x0000000080013274                btmemb_free
 .text.plug_holes
                0x0000000080013384       0xb8 D:/Games/Dolphin-x64/CodeMii/devkitPro/libogc/lib/wii\libbte.a(btmemr.o)
 .text.btmemr_init
                0x000000008001343c       0xa4 D:/Games/Dolphin-x64/CodeMii/devkitPro/libogc/lib/wii\libbte.a(btmemr.o)
                0x000000008001343c                btmemr_init
 .text.btmemr_malloc
                0x00000000800134e0      0x18c D:/Games/Dolphin-x64/CodeMii/devkitPro/libogc/lib/wii\libbte.a(btmemr.o)
                0x00000000800134e0                btmemr_malloc
 .text.btmemr_free
                0x000000008001366c       0x98 D:/Games/Dolphin-x64/CodeMii/devkitPro/libogc/lib/wii\libbte.a(btmemr.o)
                0x000000008001366c                btmemr_free
 .text.btmemr_realloc
                0x0000000080013704      0x10c D:/Games/Dolphin-x64/CodeMii/devkitPro/libogc/lib/wii\libbte.a(btmemr.o)
                0x0000000080013704                btmemr_realloc
 .text.btpbuf_init
                0x0000000080013810       0x28 D:/Games/Dolphin-x64/CodeMii/devkitPro/libogc/lib/wii\libbte.a(btpbuf.o)
                0x0000000080013810                btpbuf_init
 .text.btpbuf_free
                0x0000000080013838      0x124 D:/Games/Dolphin-x64/CodeMii/devkitPro/libogc/lib/wii\libbte.a(btpbuf.o)
                0x0000000080013838                btpbuf_free
 .text.btpbuf_alloc
                0x000000008001395c      0x238 D:/Games/Dolphin-x64/CodeMii/devkitPro/libogc/lib/wii\libbte.a(btpbuf.o)
                0x000000008001395c                btpbuf_alloc
 .text.btpbuf_realloc
                0x0000000080013b94       0xec D:/Games/Dolphin-x64/CodeMii/devkitPro/libogc/lib/wii\libbte.a(btpbuf.o)
                0x0000000080013b94                btpbuf_realloc
 .text.btpbuf_header
                0x0000000080013c80       0x8c D:/Games/Dolphin-x64/CodeMii/devkitPro/libogc/lib/wii\libbte.a(btpbuf.o)
                0x0000000080013c80                btpbuf_header
 .text.btpbuf_ref
                0x0000000080013d0c       0x48 D:/Games/Dolphin-x64/CodeMii/devkitPro/libogc/lib/wii\libbte.a(btpbuf.o)
                0x0000000080013d0c                btpbuf_ref
 .text.btpbuf_chain
                0x0000000080013d54       0x9c D:/Games/Dolphin-x64/CodeMii/devkitPro/libogc/lib/wii\libbte.a(btpbuf.o)
                0x0000000080013d54                btpbuf_chain
 .text.btpbuf_dechain
                0x0000000080013df0       0x7c D:/Games/Dolphin-x64/CodeMii/devkitPro/libogc/lib/wii\libbte.a(btpbuf.o)
                0x0000000080013df0                btpbuf_dechain
 .text.btpbuf_take
                0x0000000080013e6c      0x13c D:/Games/Dolphin-x64/CodeMii/devkitPro/libogc/lib/wii\libbte.a(btpbuf.o)
                0x0000000080013e6c                btpbuf_take
 .text.__usb_closeCB
                0x0000000080013fa8       0x10 D:/Games/Dolphin-x64/CodeMii/devkitPro/libogc/lib/wii\libbte.a(physbusif.o)
 .text.__writebulkmsgCB
                0x0000000080013fb8       0x3c D:/Games/Dolphin-x64/CodeMii/devkitPro/libogc/lib/wii\libbte.a(physbusif.o)
 .text.__writectrlmsgCB
                0x0000000080013ff4       0x3c D:/Games/Dolphin-x64/CodeMii/devkitPro/libogc/lib/wii\libbte.a(physbusif.o)
 .text.__issue_intrread.part.0
                0x0000000080014030       0x80 D:/Games/Dolphin-x64/CodeMii/devkitPro/libogc/lib/wii\libbte.a(physbusif.o)
 .text.__readintrdataCB
                0x00000000800140b0      0x150 D:/Games/Dolphin-x64/CodeMii/devkitPro/libogc/lib/wii\libbte.a(physbusif.o)
 .text.__issue_bulkread.part.0
                0x0000000080014200       0x80 D:/Games/Dolphin-x64/CodeMii/devkitPro/libogc/lib/wii\libbte.a(physbusif.o)
 .text.__readbulkdataCB
                0x0000000080014280      0x150 D:/Games/Dolphin-x64/CodeMii/devkitPro/libogc/lib/wii\libbte.a(physbusif.o)
 .text.physbusif_init
                0x00000000800143d0      0x1dc D:/Games/Dolphin-x64/CodeMii/devkitPro/libogc/lib/wii\libbte.a(physbusif.o)
                0x00000000800143d0                physbusif_init
 .text.physbusif_close
                0x00000000800145ac       0x20 D:/Games/Dolphin-x64/CodeMii/devkitPro/libogc/lib/wii\libbte.a(physbusif.o)
                0x00000000800145ac                physbusif_close
 .text.physbusif_shutdown
                0x00000000800145cc       0x24 D:/Games/Dolphin-x64/CodeMii/devkitPro/libogc/lib/wii\libbte.a(physbusif.o)
                0x00000000800145cc                physbusif_shutdown
 .text.physbusif_reset_all
                0x00000000800145f0        0x4 D:/Games/Dolphin-x64/CodeMii/devkitPro/libogc/lib/wii\libbte.a(physbusif.o)
                0x00000000800145f0                physbusif_reset_all
 .text.physbusif_output
                0x00000000800145f4      0x1e0 D:/Games/Dolphin-x64/CodeMii/devkitPro/libogc/lib/wii\libbte.a(physbusif.o)
                0x00000000800145f4                physbusif_output
 .text.__console_clear_line
                0x00000000800147d4       0x98 D:/Games/Dolphin-x64/CodeMii/devkitPro/libogc/lib/wii\libogc.a(console.o)
 .text.__console_clear
                0x000000008001486c       0xbc D:/Games/Dolphin-x64/CodeMii/devkitPro/libogc/lib/wii\libogc.a(console.o)
 .text.__console_write
                0x0000000080014928      0x7e0 D:/Games/Dolphin-x64/CodeMii/devkitPro/libogc/lib/wii\libogc.a(console.o)
                0x0000000080014928                __console_write
 .text.__console_init
                0x0000000080015108      0x108 D:/Games/Dolphin-x64/CodeMii/devkitPro/libogc/lib/wii\libogc.a(console.o)
                0x0000000080015108                __console_init
 .text.CON_Init
                0x0000000080015210        0x4 D:/Games/Dolphin-x64/CodeMii/devkitPro/libogc/lib/wii\libogc.a(console.o)
                0x0000000080015210                CON_Init
 .text.CON_EnableGecko
                0x0000000080015214      0x100 D:/Games/Dolphin-x64/CodeMii/devkitPro/libogc/lib/wii\libogc.a(console.o)
                0x0000000080015214                CON_EnableGecko
 .text.__lwp_queue_initialize
                0x0000000080015314       0x98 D:/Games/Dolphin-x64/CodeMii/devkitPro/libogc/lib/wii\libogc.a(lwp_queue.o)
                0x0000000080015314                __lwp_queue_initialize
 .text.__lwp_queue_get
                0x00000000800153ac       0x74 D:/Games/Dolphin-x64/CodeMii/devkitPro/libogc/lib/wii\libogc.a(lwp_queue.o)
                0x00000000800153ac                __lwp_queue_get
 .text.__lwp_queue_append
                0x0000000080015420       0x4c D:/Games/Dolphin-x64/CodeMii/devkitPro/libogc/lib/wii\libogc.a(lwp_queue.o)
                0x0000000080015420                __lwp_queue_append
 .text.__lwp_isr_in_progress
                0x000000008001546c        0x8 D:/Games/Dolphin-x64/CodeMii/devkitPro/libogc/lib/wii\libogc.a(lwp_threads.o)
                0x000000008001546c                __lwp_isr_in_progress
 .text.__thread_dispatch_fp
                0x0000000080015474       0x88 D:/Games/Dolphin-x64/CodeMii/devkitPro/libogc/lib/wii\libogc.a(lwp_threads.o)
                0x0000000080015474                __thread_dispatch_fp
 .text.__thread_dispatch
                0x00000000800154fc      0x110 D:/Games/Dolphin-x64/CodeMii/devkitPro/libogc/lib/wii\libogc.a(lwp_threads.o)
                0x00000000800154fc                __thread_dispatch
 .text.__lwp_thread_resettimeslice
                0x000000008001560c       0xb4 D:/Games/Dolphin-x64/CodeMii/devkitPro/libogc/lib/wii\libogc.a(lwp_threads.o)
                0x000000008001560c                __lwp_thread_resettimeslice
 .text.__lwp_thread_tickle_timeslice
                0x00000000800156c0       0xc8 D:/Games/Dolphin-x64/CodeMii/devkitPro/libogc/lib/wii\libogc.a(lwp_threads.o)
                0x00000000800156c0                __lwp_thread_tickle_timeslice
 .text.__lwp_thread_setstate
                0x0000000080015788      0x16c D:/Games/Dolphin-x64/CodeMii/devkitPro/libogc/lib/wii\libogc.a(lwp_threads.o)
                0x0000000080015788                __lwp_thread_setstate
 .text.__lwp_thread_clearstate
                0x00000000800158f4       0xe4 D:/Games/Dolphin-x64/CodeMii/devkitPro/libogc/lib/wii\libogc.a(lwp_threads.o)
                0x00000000800158f4                __lwp_thread_clearstate
 .text.__lwp_thread_delayended
                0x00000000800159d8       0x48 D:/Games/Dolphin-x64/CodeMii/devkitPro/libogc/lib/wii\libogc.a(lwp_threads.o)
                0x00000000800159d8                __lwp_thread_delayended
 .text.__lwp_thread_settransient
                0x0000000080015a20       0xb4 D:/Games/Dolphin-x64/CodeMii/devkitPro/libogc/lib/wii\libogc.a(lwp_threads.o)
                0x0000000080015a20                __lwp_thread_settransient
 .text.__lwp_thread_changepriority
                0x0000000080015ad4      0x1f8 D:/Games/Dolphin-x64/CodeMii/devkitPro/libogc/lib/wii\libogc.a(lwp_threads.o)
                0x0000000080015ad4                __lwp_thread_changepriority
 .text.__lwp_thread_ready
                0x0000000080015ccc       0xf0 D:/Games/Dolphin-x64/CodeMii/devkitPro/libogc/lib/wii\libogc.a(lwp_threads.o)
                0x0000000080015ccc                __lwp_thread_ready
 .text.__lwp_thread_init
                0x0000000080015dbc      0x168 D:/Games/Dolphin-x64/CodeMii/devkitPro/libogc/lib/wii\libogc.a(lwp_threads.o)
                0x0000000080015dbc                __lwp_thread_init
 .text.__lwp_thread_close
                0x0000000080015f24      0x138 D:/Games/Dolphin-x64/CodeMii/devkitPro/libogc/lib/wii\libogc.a(lwp_threads.o)
                0x0000000080015f24                __lwp_thread_close
 .text.__lwp_thread_handler
                0x000000008001605c       0xd8 D:/Games/Dolphin-x64/CodeMii/devkitPro/libogc/lib/wii\libogc.a(lwp_threads.o)
 .text.__lwp_thread_closeall
                0x0000000080016134       0xb4 D:/Games/Dolphin-x64/CodeMii/devkitPro/libogc/lib/wii\libogc.a(lwp_threads.o)
                0x0000000080016134                __lwp_thread_closeall
 .text.__lwp_thread_start
                0x00000000800161e8       0xe8 D:/Games/Dolphin-x64/CodeMii/devkitPro/libogc/lib/wii\libogc.a(lwp_threads.o)
                0x00000000800161e8                __lwp_thread_start
 .text.__lwp_thread_startmultitasking
                0x00000000800162d0       0xac D:/Games/Dolphin-x64/CodeMii/devkitPro/libogc/lib/wii\libogc.a(lwp_threads.o)
                0x00000000800162d0                __lwp_thread_startmultitasking
 .text.__lwp_thread_stopmultitasking
                0x000000008001637c       0x58 D:/Games/Dolphin-x64/CodeMii/devkitPro/libogc/lib/wii\libogc.a(lwp_threads.o)
                0x000000008001637c                __lwp_thread_stopmultitasking
 .text.__lwp_thread_coreinit
                0x00000000800163d4       0xc8 D:/Games/Dolphin-x64/CodeMii/devkitPro/libogc/lib/wii\libogc.a(lwp_threads.o)
                0x00000000800163d4                __lwp_thread_coreinit
 .text.idle_func
                0x000000008001649c        0x4 D:/Games/Dolphin-x64/CodeMii/devkitPro/libogc/lib/wii\libogc.a(lwp.o)
 .text.__lwp_sysinit
                0x00000000800164a0      0x114 D:/Games/Dolphin-x64/CodeMii/devkitPro/libogc/lib/wii\libogc.a(lwp.o)
                0x00000000800164a0                __lwp_sysinit
 .text.LWP_InitQueue
                0x00000000800165b4      0x148 D:/Games/Dolphin-x64/CodeMii/devkitPro/libogc/lib/wii\libogc.a(lwp.o)
                0x00000000800165b4                LWP_InitQueue
 .text.LWP_CloseQueue
                0x00000000800166fc       0xd4 D:/Games/Dolphin-x64/CodeMii/devkitPro/libogc/lib/wii\libogc.a(lwp.o)
                0x00000000800166fc                LWP_CloseQueue
 .text.LWP_ThreadSleep
                0x00000000800167d0      0x110 D:/Games/Dolphin-x64/CodeMii/devkitPro/libogc/lib/wii\libogc.a(lwp.o)
                0x00000000800167d0                LWP_ThreadSleep
 .text.LWP_ThreadBroadcast
                0x00000000800168e0       0x88 D:/Games/Dolphin-x64/CodeMii/devkitPro/libogc/lib/wii\libogc.a(lwp.o)
                0x00000000800168e0                LWP_ThreadBroadcast
 .text.LWP_ThreadSignal
                0x0000000080016968       0x74 D:/Games/Dolphin-x64/CodeMii/devkitPro/libogc/lib/wii\libogc.a(lwp.o)
                0x0000000080016968                LWP_ThreadSignal
 .text.__lwp_stack_allocate
                0x00000000800169dc       0x60 D:/Games/Dolphin-x64/CodeMii/devkitPro/libogc/lib/wii\libogc.a(lwp_stack.o)
                0x00000000800169dc                __lwp_stack_allocate
 .text.__lwp_stack_free
                0x0000000080016a3c       0x1c D:/Games/Dolphin-x64/CodeMii/devkitPro/libogc/lib/wii\libogc.a(lwp_stack.o)
                0x0000000080016a3c                __lwp_stack_free
 .text.__lwp_wd_settimer
                0x0000000080016a58       0xe0 D:/Games/Dolphin-x64/CodeMii/devkitPro/libogc/lib/wii\libogc.a(lwp_watchdog.o)
 .text.__lwp_watchdog_init
                0x0000000080016b38       0x2c D:/Games/Dolphin-x64/CodeMii/devkitPro/libogc/lib/wii\libogc.a(lwp_watchdog.o)
                0x0000000080016b38                __lwp_watchdog_init
 .text.__lwp_wd_insert
                0x0000000080016b64      0x194 D:/Games/Dolphin-x64/CodeMii/devkitPro/libogc/lib/wii\libogc.a(lwp_watchdog.o)
                0x0000000080016b64                __lwp_wd_insert
 .text.__lwp_wd_remove
                0x0000000080016cf8      0x138 D:/Games/Dolphin-x64/CodeMii/devkitPro/libogc/lib/wii\libogc.a(lwp_watchdog.o)
                0x0000000080016cf8                __lwp_wd_remove
 .text.__lwp_wd_tickle
                0x0000000080016e30      0x120 D:/Games/Dolphin-x64/CodeMii/devkitPro/libogc/lib/wii\libogc.a(lwp_watchdog.o)
                0x0000000080016e30                __lwp_wd_tickle
 .text.__lwp_wkspace_init
                0x0000000080016f50       0xc0 D:/Games/Dolphin-x64/CodeMii/devkitPro/libogc/lib/wii\libogc.a(lwp_wkspace.o)
                0x0000000080016f50                __lwp_wkspace_init
 .text.__lwp_objmgr_initinfo
                0x0000000080017010      0x1a0 D:/Games/Dolphin-x64/CodeMii/devkitPro/libogc/lib/wii\libogc.a(lwp_objmgr.o)
                0x0000000080017010                __lwp_objmgr_initinfo
 .text.__lwp_objmgr_getisrdisable
                0x00000000800171b0       0x60 D:/Games/Dolphin-x64/CodeMii/devkitPro/libogc/lib/wii\libogc.a(lwp_objmgr.o)
                0x00000000800171b0                __lwp_objmgr_getisrdisable
 .text.__lwp_objmgr_getnoprotection
                0x0000000080017210       0x24 D:/Games/Dolphin-x64/CodeMii/devkitPro/libogc/lib/wii\libogc.a(lwp_objmgr.o)
                0x0000000080017210                __lwp_objmgr_getnoprotection
 .text.__lwp_objmgr_get
                0x0000000080017234       0x70 D:/Games/Dolphin-x64/CodeMii/devkitPro/libogc/lib/wii\libogc.a(lwp_objmgr.o)
                0x0000000080017234                __lwp_objmgr_get
 .text.__lwp_objmgr_allocate
                0x00000000800172a4       0x88 D:/Games/Dolphin-x64/CodeMii/devkitPro/libogc/lib/wii\libogc.a(lwp_objmgr.o)
                0x00000000800172a4                __lwp_objmgr_allocate
 .text.__lwp_objmgr_free
                0x000000008001732c       0x60 D:/Games/Dolphin-x64/CodeMii/devkitPro/libogc/lib/wii\libogc.a(lwp_objmgr.o)
                0x000000008001732c                __lwp_objmgr_free
 .text.__lwp_heap_init
                0x000000008001738c       0xa4 D:/Games/Dolphin-x64/CodeMii/devkitPro/libogc/lib/wii\libogc.a(lwp_heap.o)
                0x000000008001738c                __lwp_heap_init
 .text.__lwp_heap_allocate
                0x0000000080017430      0x16c D:/Games/Dolphin-x64/CodeMii/devkitPro/libogc/lib/wii\libogc.a(lwp_heap.o)
                0x0000000080017430                __lwp_heap_allocate
 .text.__lwp_heap_free
                0x000000008001759c      0x188 D:/Games/Dolphin-x64/CodeMii/devkitPro/libogc/lib/wii\libogc.a(lwp_heap.o)
                0x000000008001759c                __lwp_heap_free
 .text.__SetInterrupts
                0x0000000080017724      0x27c D:/Games/Dolphin-x64/CodeMii/devkitPro/libogc/lib/wii\libogc.a(irq.o)
 .text.c_irqdispatcher
                0x00000000800179a0      0x28c D:/Games/Dolphin-x64/CodeMii/devkitPro/libogc/lib/wii\libogc.a(irq.o)
                0x00000000800179a0                c_irqdispatcher
 .text.__UnmaskIrq
                0x0000000080017c2c       0x84 D:/Games/Dolphin-x64/CodeMii/devkitPro/libogc/lib/wii\libogc.a(irq.o)
                0x0000000080017c2c                __UnmaskIrq
 .text.__MaskIrq
                0x0000000080017cb0       0x84 D:/Games/Dolphin-x64/CodeMii/devkitPro/libogc/lib/wii\libogc.a(irq.o)
                0x0000000080017cb0                __MaskIrq
 .text.__irq_init
                0x0000000080017d34       0x9c D:/Games/Dolphin-x64/CodeMii/devkitPro/libogc/lib/wii\libogc.a(irq.o)
                0x0000000080017d34                __irq_init
 .text.IRQ_Request
                0x0000000080017dd0       0x50 D:/Games/Dolphin-x64/CodeMii/devkitPro/libogc/lib/wii\libogc.a(irq.o)
                0x0000000080017dd0                IRQ_Request
 .text.IRQ_GetHandler
                0x0000000080017e20       0x44 D:/Games/Dolphin-x64/CodeMii/devkitPro/libogc/lib/wii\libogc.a(irq.o)
                0x0000000080017e20                IRQ_GetHandler
 .text.IRQ_Disable
                0x0000000080017e64       0x1c D:/Games/Dolphin-x64/CodeMii/devkitPro/libogc/lib/wii\libogc.a(irq.o)
                0x0000000080017e64                IRQ_Disable
 .text.IRQ_Restore
                0x0000000080017e80       0x1c D:/Games/Dolphin-x64/CodeMii/devkitPro/libogc/lib/wii\libogc.a(irq.o)
                0x0000000080017e80                IRQ_Restore
 .text.__VISendI2CData.constprop.0.isra.0
                0x0000000080017e9c      0x450 D:/Games/Dolphin-x64/CodeMii/devkitPro/libogc/lib/wii\libogc.a(video.o)
 .text.__setFbbRegs.constprop.0
                0x00000000800182ec      0x188 D:/Games/Dolphin-x64/CodeMii/devkitPro/libogc/lib/wii\libogc.a(video.o)
 .text.__VISetYUVSEL
                0x0000000080018474       0xc0 D:/Games/Dolphin-x64/CodeMii/devkitPro/libogc/lib/wii\libogc.a(video.o)
 .text.VIDEO_Configure
                0x0000000080018534      0x5e0 D:/Games/Dolphin-x64/CodeMii/devkitPro/libogc/lib/wii\libogc.a(video.o)
                0x0000000080018534                VIDEO_Configure
 .text.VIDEO_WaitVSync
                0x0000000080018b14       0x74 D:/Games/Dolphin-x64/CodeMii/devkitPro/libogc/lib/wii\libogc.a(video.o)
                0x0000000080018b14                VIDEO_WaitVSync
 .text.VIDEO_SetFramebuffer
                0x0000000080018b88      0x108 D:/Games/Dolphin-x64/CodeMii/devkitPro/libogc/lib/wii\libogc.a(video.o)
                0x0000000080018b88                VIDEO_SetFramebuffer
 .text.VIDEO_SetNextFramebuffer
                0x0000000080018c90       0x70 D:/Games/Dolphin-x64/CodeMii/devkitPro/libogc/lib/wii\libogc.a(video.o)
                0x0000000080018c90                VIDEO_SetNextFramebuffer
 .text.VIDEO_Flush
                0x0000000080018d00       0xf4 D:/Games/Dolphin-x64/CodeMii/devkitPro/libogc/lib/wii\libogc.a(video.o)
                0x0000000080018d00                VIDEO_Flush
 .text.VIDEO_SetBlack
                0x0000000080018df4      0x144 D:/Games/Dolphin-x64/CodeMii/devkitPro/libogc/lib/wii\libogc.a(video.o)
                0x0000000080018df4                VIDEO_SetBlack
 .text.VIDEO_GetCurrentTvMode
                0x0000000080018f38       0x7c D:/Games/Dolphin-x64/CodeMii/devkitPro/libogc/lib/wii\libogc.a(video.o)
                0x0000000080018f38                VIDEO_GetCurrentTvMode
 .text.__VIRetraceHandler
                0x0000000080018fb4      0x294 D:/Games/Dolphin-x64/CodeMii/devkitPro/libogc/lib/wii\libogc.a(video.o)
 .text.__VISetupEncoder
                0x0000000080019248      0x2cc D:/Games/Dolphin-x64/CodeMii/devkitPro/libogc/lib/wii\libogc.a(video.o)
 .text.VIDEO_Init
                0x0000000080019514      0x4cc D:/Games/Dolphin-x64/CodeMii/devkitPro/libogc/lib/wii\libogc.a(video.o)
                0x0000000080019514                VIDEO_Init
 .text.VIDEO_GetPreferredMode
                0x00000000800199e0      0x100 D:/Games/Dolphin-x64/CodeMii/devkitPro/libogc/lib/wii\libogc.a(video.o)
                0x00000000800199e0                VIDEO_GetPreferredMode
 .text.VIDEO_GetCurrentLine
                0x0000000080019ae0       0x9c D:/Games/Dolphin-x64/CodeMii/devkitPro/libogc/lib/wii\libogc.a(video.o)
                0x0000000080019ae0                VIDEO_GetCurrentLine
 .text.VIDEO_GetFrameBufferSize
                0x0000000080019b7c       0x30 D:/Games/Dolphin-x64/CodeMii/devkitPro/libogc/lib/wii\libogc.a(video.o)
                0x0000000080019b7c                VIDEO_GetFrameBufferSize
 .text.__call_resetfuncs
                0x0000000080019bac       0xbc D:/Games/Dolphin-x64/CodeMii/devkitPro/libogc/lib/wii\libogc.a(system.o)
 .text.__MEMInterruptHandler
                0x0000000080019c68       0x14 D:/Games/Dolphin-x64/CodeMii/devkitPro/libogc/lib/wii\libogc.a(system.o)
 .text.__RSWDefaultHandler
                0x0000000080019c7c        0x4 D:/Games/Dolphin-x64/CodeMii/devkitPro/libogc/lib/wii\libogc.a(system.o)
 .text.__POWDefaultHandler
                0x0000000080019c80        0x4 D:/Games/Dolphin-x64/CodeMii/devkitPro/libogc/lib/wii\libogc.a(system.o)
 .text.__STMEventHandler
                0x0000000080019c84      0x104 D:/Games/Dolphin-x64/CodeMii/devkitPro/libogc/lib/wii\libogc.a(system.o)
 .text.__sys_alarmhandler
                0x0000000080019d88       0xfc D:/Games/Dolphin-x64/CodeMii/devkitPro/libogc/lib/wii\libogc.a(system.o)
 .text.__getrtc
                0x0000000080019e84      0x150 D:/Games/Dolphin-x64/CodeMii/devkitPro/libogc/lib/wii\libogc.a(system.o)
 .text.__sram_write
                0x0000000080019fd4      0x148 D:/Games/Dolphin-x64/CodeMii/devkitPro/libogc/lib/wii\libogc.a(system.o)
 .text.__sram_writecallback
                0x000000008001a11c       0x54 D:/Games/Dolphin-x64/CodeMii/devkitPro/libogc/lib/wii\libogc.a(system.o)
 .text.__mem_onreset
                0x000000008001a170       0x48 D:/Games/Dolphin-x64/CodeMii/devkitPro/libogc/lib/wii\libogc.a(system.o)
 .text.__unlocksram
                0x000000008001a1b8      0x180 D:/Games/Dolphin-x64/CodeMii/devkitPro/libogc/lib/wii\libogc.a(system.o)
 .text.__syscall_sbrk_r
                0x000000008001a338        0x4 D:/Games/Dolphin-x64/CodeMii/devkitPro/libogc/lib/wii\libogc.a(system.o)
                0x000000008001a338                __syscall_sbrk_r
 .text.__syscall_lock_init
                0x000000008001a33c        0x4 D:/Games/Dolphin-x64/CodeMii/devkitPro/libogc/lib/wii\libogc.a(system.o)
                0x000000008001a33c                __syscall_lock_init
 .text.__syscall_lock_close
                0x000000008001a340        0x4 D:/Games/Dolphin-x64/CodeMii/devkitPro/libogc/lib/wii\libogc.a(system.o)
                0x000000008001a340                __syscall_lock_close
 .text.__syscall_lock_release
                0x000000008001a344        0x4 D:/Games/Dolphin-x64/CodeMii/devkitPro/libogc/lib/wii\libogc.a(system.o)
                0x000000008001a344                __syscall_lock_release
 .text.__syscall_lock_acquire
                0x000000008001a348        0x4 D:/Games/Dolphin-x64/CodeMii/devkitPro/libogc/lib/wii\libogc.a(system.o)
                0x000000008001a348                __syscall_lock_acquire
 .text.__syscall_malloc_lock
                0x000000008001a34c        0x4 D:/Games/Dolphin-x64/CodeMii/devkitPro/libogc/lib/wii\libogc.a(system.o)
                0x000000008001a34c                __syscall_malloc_lock
 .text.__syscall_malloc_unlock
                0x000000008001a350        0x4 D:/Games/Dolphin-x64/CodeMii/devkitPro/libogc/lib/wii\libogc.a(system.o)
                0x000000008001a350                __syscall_malloc_unlock
 .text.__syscall_nanosleep
                0x000000008001a354        0x4 D:/Games/Dolphin-x64/CodeMii/devkitPro/libogc/lib/wii\libogc.a(system.o)
                0x000000008001a354                __syscall_nanosleep
 .text.__SYS_GetRTC
                0x000000008001a358       0xd4 D:/Games/Dolphin-x64/CodeMii/devkitPro/libogc/lib/wii\libogc.a(system.o)
                0x000000008001a358                __SYS_GetRTC
 .text.__SYS_GetIPCBufferLo
                0x000000008001a42c        0x8 D:/Games/Dolphin-x64/CodeMii/devkitPro/libogc/lib/wii\libogc.a(system.o)
                0x000000008001a42c                __SYS_GetIPCBufferLo
 .text.__SYS_GetIPCBufferHi
                0x000000008001a434        0x8 D:/Games/Dolphin-x64/CodeMii/devkitPro/libogc/lib/wii\libogc.a(system.o)
                0x000000008001a434                __SYS_GetIPCBufferHi
 .text.__SYS_DoPowerCB
                0x000000008001a43c       0x74 D:/Games/Dolphin-x64/CodeMii/devkitPro/libogc/lib/wii\libogc.a(system.o)
                0x000000008001a43c                __SYS_DoPowerCB
 .text.__SYS_PreInit
                0x000000008001a4b0        0x4 D:/Games/Dolphin-x64/CodeMii/devkitPro/libogc/lib/wii\libogc.a(system.o)
                0x000000008001a4b0                __SYS_PreInit
 .text.SYS_PreMain
                0x000000008001a4b4       0xc8 D:/Games/Dolphin-x64/CodeMii/devkitPro/libogc/lib/wii\libogc.a(system.o)
                0x000000008001a4b4                SYS_PreMain
 .text.SYS_ResetButtonDown
                0x000000008001a57c       0x18 D:/Games/Dolphin-x64/CodeMii/devkitPro/libogc/lib/wii\libogc.a(system.o)
                0x000000008001a57c                SYS_ResetButtonDown
 .text.SYS_ResetSystem
                0x000000008001a594      0x210 D:/Games/Dolphin-x64/CodeMii/devkitPro/libogc/lib/wii\libogc.a(system.o)
                0x000000008001a594                SYS_ResetSystem
 .text.__reload
                0x000000008001a7a4       0x80 D:/Games/Dolphin-x64/CodeMii/devkitPro/libogc/lib/wii\libogc.a(system.o)
                0x000000008001a7a4                __reload
 .text.__syscall_exit
                0x000000008001a824       0x88 D:/Games/Dolphin-x64/CodeMii/devkitPro/libogc/lib/wii\libogc.a(system.o)
                0x000000008001a824                __syscall_exit
 .text.SYS_RegisterResetFunc
                0x000000008001a8ac       0x78 D:/Games/Dolphin-x64/CodeMii/devkitPro/libogc/lib/wii\libogc.a(system.o)
                0x000000008001a8ac                SYS_RegisterResetFunc
 .text.SYS_SetArena1Lo
                0x000000008001a924       0x38 D:/Games/Dolphin-x64/CodeMii/devkitPro/libogc/lib/wii\libogc.a(system.o)
                0x000000008001a924                SYS_SetArena1Lo
 .text.SYS_GetArena1Lo
                0x000000008001a95c       0x38 D:/Games/Dolphin-x64/CodeMii/devkitPro/libogc/lib/wii\libogc.a(system.o)
                0x000000008001a95c                SYS_GetArena1Lo
 .text.SYS_GetArena1Hi
                0x000000008001a994       0x38 D:/Games/Dolphin-x64/CodeMii/devkitPro/libogc/lib/wii\libogc.a(system.o)
                0x000000008001a994                SYS_GetArena1Hi
 .text.SYS_SetArena2Lo
                0x000000008001a9cc       0x38 D:/Games/Dolphin-x64/CodeMii/devkitPro/libogc/lib/wii\libogc.a(system.o)
                0x000000008001a9cc                SYS_SetArena2Lo
 .text.SYS_GetArena2Lo
                0x000000008001aa04       0x38 D:/Games/Dolphin-x64/CodeMii/devkitPro/libogc/lib/wii\libogc.a(system.o)
                0x000000008001aa04                SYS_GetArena2Lo
 .text.SYS_SetArena2Hi
                0x000000008001aa3c       0x38 D:/Games/Dolphin-x64/CodeMii/devkitPro/libogc/lib/wii\libogc.a(system.o)
                0x000000008001aa3c                SYS_SetArena2Hi
 .text.SYS_GetArena2Hi
                0x000000008001aa74       0x38 D:/Games/Dolphin-x64/CodeMii/devkitPro/libogc/lib/wii\libogc.a(system.o)
                0x000000008001aa74                SYS_GetArena2Hi
 .text.SYS_AllocateFramebuffer
                0x000000008001aaac       0x28 D:/Games/Dolphin-x64/CodeMii/devkitPro/libogc/lib/wii\libogc.a(system.o)
                0x000000008001aaac                SYS_AllocateFramebuffer
 .text.SYS_CreateAlarm
                0x000000008001aad4      0x10c D:/Games/Dolphin-x64/CodeMii/devkitPro/libogc/lib/wii\libogc.a(system.o)
                0x000000008001aad4                SYS_CreateAlarm
 .text.SYS_SetAlarm
                0x000000008001abe0      0x1b0 D:/Games/Dolphin-x64/CodeMii/devkitPro/libogc/lib/wii\libogc.a(system.o)
                0x000000008001abe0                SYS_SetAlarm
 .text.SYS_SetPeriodicAlarm
                0x000000008001ad90      0x228 D:/Games/Dolphin-x64/CodeMii/devkitPro/libogc/lib/wii\libogc.a(system.o)
                0x000000008001ad90                SYS_SetPeriodicAlarm
 .text.SYS_RemoveAlarm
                0x000000008001afb8      0x12c D:/Games/Dolphin-x64/CodeMii/devkitPro/libogc/lib/wii\libogc.a(system.o)
                0x000000008001afb8                SYS_RemoveAlarm
 .text.SYS_CancelAlarm
                0x000000008001b0e4       0xdc D:/Games/Dolphin-x64/CodeMii/devkitPro/libogc/lib/wii\libogc.a(system.o)
                0x000000008001b0e4                SYS_CancelAlarm
 .text.SYS_GetWirelessID
                0x000000008001b1c0       0x90 D:/Games/Dolphin-x64/CodeMii/devkitPro/libogc/lib/wii\libogc.a(system.o)
                0x000000008001b1c0                SYS_GetWirelessID
 .text.SYS_SetWirelessID
                0x000000008001b250       0x90 D:/Games/Dolphin-x64/CodeMii/devkitPro/libogc/lib/wii\libogc.a(system.o)
                0x000000008001b250                SYS_SetWirelessID
 .text.SYS_SetGBSMode
                0x000000008001b2e0       0xa8 D:/Games/Dolphin-x64/CodeMii/devkitPro/libogc/lib/wii\libogc.a(system.o)
                0x000000008001b2e0                SYS_SetGBSMode
 .text.__sram_init
                0x000000008001b388      0x1b4 D:/Games/Dolphin-x64/CodeMii/devkitPro/libogc/lib/wii\libogc.a(system.o)
                0x000000008001b388                __sram_init
 .text.SYS_Init
                0x000000008001b53c      0x5f0 D:/Games/Dolphin-x64/CodeMii/devkitPro/libogc/lib/wii\libogc.a(system.o)
                0x000000008001b53c                SYS_Init
 .text.SYS_GetHollywoodRevision
                0x000000008001bb2c       0x3c D:/Games/Dolphin-x64/CodeMii/devkitPro/libogc/lib/wii\libogc.a(system.o)
                0x000000008001bb2c                SYS_GetHollywoodRevision
 .text.__lwp_cond_init
                0x000000008001bb68       0x14 D:/Games/Dolphin-x64/CodeMii/devkitPro/libogc/lib/wii\libogc.a(cond.o)
                0x000000008001bb68                __lwp_cond_init
 .text.__decrementer_init
                0x000000008001bb7c        0x4 D:/Games/Dolphin-x64/CodeMii/devkitPro/libogc/lib/wii\libogc.a(decrementer.o)
                0x000000008001bb7c                __decrementer_init
 .text.c_decrementer_handler
                0x000000008001bb80        0xc D:/Games/Dolphin-x64/CodeMii/devkitPro/libogc/lib/wii\libogc.a(decrementer.o)
                0x000000008001bb80                c_decrementer_handler
 .text.__lwp_mqbox_init
                0x000000008001bb8c       0x14 D:/Games/Dolphin-x64/CodeMii/devkitPro/libogc/lib/wii\libogc.a(message.o)
                0x000000008001bb8c                __lwp_mqbox_init
 .text.__si_transfer
                0x000000008001bba0      0x188 D:/Games/Dolphin-x64/CodeMii/devkitPro/libogc/lib/wii\libogc.a(si.o)
 .text.__si_alarmhandler
                0x000000008001bd28       0xe0 D:/Games/Dolphin-x64/CodeMii/devkitPro/libogc/lib/wii\libogc.a(si.o)
 .text.__si_completetransfer
                0x000000008001be08      0x1f4 D:/Games/Dolphin-x64/CodeMii/devkitPro/libogc/lib/wii\libogc.a(si.o)
 .text.__si_transfernext
                0x000000008001bffc       0xe8 D:/Games/Dolphin-x64/CodeMii/devkitPro/libogc/lib/wii\libogc.a(si.o)
 .text.SI_Busy  0x000000008001c0e4       0x18 D:/Games/Dolphin-x64/CodeMii/devkitPro/libogc/lib/wii\libogc.a(si.o)
                0x000000008001c0e4                SI_Busy
 .text.SI_IsChanBusy
                0x000000008001c0fc       0x38 D:/Games/Dolphin-x64/CodeMii/devkitPro/libogc/lib/wii\libogc.a(si.o)
                0x000000008001c0fc                SI_IsChanBusy
 .text.SI_SetXY
                0x000000008001c134       0x64 D:/Games/Dolphin-x64/CodeMii/devkitPro/libogc/lib/wii\libogc.a(si.o)
                0x000000008001c134                SI_SetXY
 .text.SI_EnablePolling
                0x000000008001c198       0x80 D:/Games/Dolphin-x64/CodeMii/devkitPro/libogc/lib/wii\libogc.a(si.o)
                0x000000008001c198                SI_EnablePolling
 .text.SI_DisablePolling
                0x000000008001c218       0x58 D:/Games/Dolphin-x64/CodeMii/devkitPro/libogc/lib/wii\libogc.a(si.o)
                0x000000008001c218                SI_DisablePolling
 .text.SI_SetSamplingRate
                0x000000008001c270       0xdc D:/Games/Dolphin-x64/CodeMii/devkitPro/libogc/lib/wii\libogc.a(si.o)
                0x000000008001c270                SI_SetSamplingRate
 .text.SI_RefreshSamplingRate
                0x000000008001c34c        0x8 D:/Games/Dolphin-x64/CodeMii/devkitPro/libogc/lib/wii\libogc.a(si.o)
                0x000000008001c34c                SI_RefreshSamplingRate
 .text.SI_GetStatus
                0x000000008001c354       0x78 D:/Games/Dolphin-x64/CodeMii/devkitPro/libogc/lib/wii\libogc.a(si.o)
                0x000000008001c354                SI_GetStatus
 .text.SI_GetResponseRaw
                0x000000008001c3cc       0xe8 D:/Games/Dolphin-x64/CodeMii/devkitPro/libogc/lib/wii\libogc.a(si.o)
                0x000000008001c3cc                SI_GetResponseRaw
 .text.SI_GetResponse
                0x000000008001c4b4       0xb8 D:/Games/Dolphin-x64/CodeMii/devkitPro/libogc/lib/wii\libogc.a(si.o)
                0x000000008001c4b4                SI_GetResponse
 .text.SI_SetCommand
                0x000000008001c56c       0x10 D:/Games/Dolphin-x64/CodeMii/devkitPro/libogc/lib/wii\libogc.a(si.o)
                0x000000008001c56c                SI_SetCommand
 .text.SI_Transfer
                0x000000008001c57c      0x250 D:/Games/Dolphin-x64/CodeMii/devkitPro/libogc/lib/wii\libogc.a(si.o)
                0x000000008001c57c                SI_Transfer
 .text.__si_gettypecallback
                0x000000008001c7cc      0x2c0 D:/Games/Dolphin-x64/CodeMii/devkitPro/libogc/lib/wii\libogc.a(si.o)
 .text.__si_interrupthandler
                0x000000008001ca8c      0x26c D:/Games/Dolphin-x64/CodeMii/devkitPro/libogc/lib/wii\libogc.a(si.o)
 .text.SI_GetType
                0x000000008001ccf8      0x1f4 D:/Games/Dolphin-x64/CodeMii/devkitPro/libogc/lib/wii\libogc.a(si.o)
                0x000000008001ccf8                SI_GetType
 .text.SI_GetTypeAsync
                0x000000008001ceec      0x138 D:/Games/Dolphin-x64/CodeMii/devkitPro/libogc/lib/wii\libogc.a(si.o)
                0x000000008001ceec                SI_GetTypeAsync
 .text.SI_EnablePollingInterrupt
                0x000000008001d024       0x80 D:/Games/Dolphin-x64/CodeMii/devkitPro/libogc/lib/wii\libogc.a(si.o)
                0x000000008001d024                SI_EnablePollingInterrupt
 .text.SI_UnregisterPollingHandler
                0x000000008001d0a4       0xdc D:/Games/Dolphin-x64/CodeMii/devkitPro/libogc/lib/wii\libogc.a(si.o)
                0x000000008001d0a4                SI_UnregisterPollingHandler
 .text.__si_init
                0x000000008001d180       0xe8 D:/Games/Dolphin-x64/CodeMii/devkitPro/libogc/lib/wii\libogc.a(si.o)
                0x000000008001d180                __si_init
 .text.__ipc_sendrequest
                0x000000008001d268      0x104 D:/Games/Dolphin-x64/CodeMii/devkitPro/libogc/lib/wii\libogc.a(ipc.o)
 .text.__ipc_syncrequest
                0x000000008001d36c       0xe4 D:/Games/Dolphin-x64/CodeMii/devkitPro/libogc/lib/wii\libogc.a(ipc.o)
 .text.__ioctlvfmtCB
                0x000000008001d450      0x158 D:/Games/Dolphin-x64/CodeMii/devkitPro/libogc/lib/wii\libogc.a(ipc.o)
 .text.__ios_ioctlvformat_parse
                0x000000008001d5a8      0x80c D:/Games/Dolphin-x64/CodeMii/devkitPro/libogc/lib/wii\libogc.a(ipc.o)
 .text.__ipc_asyncrequest
                0x000000008001ddb4      0x144 D:/Games/Dolphin-x64/CodeMii/devkitPro/libogc/lib/wii\libogc.a(ipc.o)
 .text.__ipc_interrupthandler
                0x000000008001def8      0x33c D:/Games/Dolphin-x64/CodeMii/devkitPro/libogc/lib/wii\libogc.a(ipc.o)
 .text.iosCreateHeap
                0x000000008001e234      0x12c D:/Games/Dolphin-x64/CodeMii/devkitPro/libogc/lib/wii\libogc.a(ipc.o)
                0x000000008001e234                iosCreateHeap
 .text.iosAlloc
                0x000000008001e360       0x30 D:/Games/Dolphin-x64/CodeMii/devkitPro/libogc/lib/wii\libogc.a(ipc.o)
                0x000000008001e360                iosAlloc
 .text.iosFree  0x000000008001e390       0x28 D:/Games/Dolphin-x64/CodeMii/devkitPro/libogc/lib/wii\libogc.a(ipc.o)
                0x000000008001e390                iosFree
 .text.__IPC_ClntInit
                0x000000008001e3b8       0xc8 D:/Games/Dolphin-x64/CodeMii/devkitPro/libogc/lib/wii\libogc.a(ipc.o)
                0x000000008001e3b8                __IPC_ClntInit
 .text.IOS_Open
                0x000000008001e480      0x110 D:/Games/Dolphin-x64/CodeMii/devkitPro/libogc/lib/wii\libogc.a(ipc.o)
                0x000000008001e480                IOS_Open
 .text.IOS_Close
                0x000000008001e590       0xf0 D:/Games/Dolphin-x64/CodeMii/devkitPro/libogc/lib/wii\libogc.a(ipc.o)
                0x000000008001e590                IOS_Close
 .text.IOS_CloseAsync
                0x000000008001e680       0xb4 D:/Games/Dolphin-x64/CodeMii/devkitPro/libogc/lib/wii\libogc.a(ipc.o)
                0x000000008001e680                IOS_CloseAsync
 .text.IOS_Read
                0x000000008001e734      0x10c D:/Games/Dolphin-x64/CodeMii/devkitPro/libogc/lib/wii\libogc.a(ipc.o)
                0x000000008001e734                IOS_Read
 .text.IOS_Write
                0x000000008001e840      0x10c D:/Games/Dolphin-x64/CodeMii/devkitPro/libogc/lib/wii\libogc.a(ipc.o)
                0x000000008001e840                IOS_Write
 .text.IOS_Ioctl
                0x000000008001e94c      0x158 D:/Games/Dolphin-x64/CodeMii/devkitPro/libogc/lib/wii\libogc.a(ipc.o)
                0x000000008001e94c                IOS_Ioctl
 .text.IOS_IoctlAsync
                0x000000008001eaa4      0x148 D:/Games/Dolphin-x64/CodeMii/devkitPro/libogc/lib/wii\libogc.a(ipc.o)
                0x000000008001eaa4                IOS_IoctlAsync
 .text.IOS_Ioctlv
                0x000000008001ebec      0x1f0 D:/Games/Dolphin-x64/CodeMii/devkitPro/libogc/lib/wii\libogc.a(ipc.o)
                0x000000008001ebec                IOS_Ioctlv
 .text.IOS_IoctlvAsync
                0x000000008001eddc      0x1d4 D:/Games/Dolphin-x64/CodeMii/devkitPro/libogc/lib/wii\libogc.a(ipc.o)
                0x000000008001eddc                IOS_IoctlvAsync
 .text.IOS_IoctlvFormat
                0x000000008001efb0      0x16c D:/Games/Dolphin-x64/CodeMii/devkitPro/libogc/lib/wii\libogc.a(ipc.o)
                0x000000008001efb0                IOS_IoctlvFormat
 .text.IOS_IoctlvReboot
                0x000000008001f11c      0x1f4 D:/Games/Dolphin-x64/CodeMii/devkitPro/libogc/lib/wii\libogc.a(ipc.o)
                0x000000008001f11c                IOS_IoctlvReboot
 .text.gettick  0x000000008001f310        0x8 D:/Games/Dolphin-x64/CodeMii/devkitPro/libogc/lib/wii\libogc.a(timesupp.o)
                0x000000008001f310                gettick
 .text.gettime  0x000000008001f318       0x18 D:/Games/Dolphin-x64/CodeMii/devkitPro/libogc/lib/wii\libogc.a(timesupp.o)
                0x000000008001f318                gettime
 .text.settime  0x000000008001f330       0x14 D:/Games/Dolphin-x64/CodeMii/devkitPro/libogc/lib/wii\libogc.a(timesupp.o)
                0x000000008001f330                settime
 .text.diff_usec
                0x000000008001f344       0x88 D:/Games/Dolphin-x64/CodeMii/devkitPro/libogc/lib/wii\libogc.a(timesupp.o)
                0x000000008001f344                diff_usec
 .text.__timesystem_init
                0x000000008001f3cc       0x1c D:/Games/Dolphin-x64/CodeMii/devkitPro/libogc/lib/wii\libogc.a(timesupp.o)
                0x000000008001f3cc                __timesystem_init
 .text.udelay   0x000000008001f3e8       0xac D:/Games/Dolphin-x64/CodeMii/devkitPro/libogc/lib/wii\libogc.a(timesupp.o)
                0x000000008001f3e8                udelay
 .text.__libogc_nanosleep
                0x000000008001f494      0x154 D:/Games/Dolphin-x64/CodeMii/devkitPro/libogc/lib/wii\libogc.a(timesupp.o)
                0x000000008001f494                __libogc_nanosleep
 .text.__libogc_lock_init
                0x000000008001f5e8       0x78 D:/Games/Dolphin-x64/CodeMii/devkitPro/libogc/lib/wii\libogc.a(lock_supp.o)
                0x000000008001f5e8                __libogc_lock_init
 .text.__libogc_lock_close
                0x000000008001f660       0x64 D:/Games/Dolphin-x64/CodeMii/devkitPro/libogc/lib/wii\libogc.a(lock_supp.o)
                0x000000008001f660                __libogc_lock_close
 .text.__libogc_lock_acquire
                0x000000008001f6c4       0x20 D:/Games/Dolphin-x64/CodeMii/devkitPro/libogc/lib/wii\libogc.a(lock_supp.o)
                0x000000008001f6c4                __libogc_lock_acquire
 .text.__libogc_lock_release
                0x000000008001f6e4       0x20 D:/Games/Dolphin-x64/CodeMii/devkitPro/libogc/lib/wii\libogc.a(lock_supp.o)
                0x000000008001f6e4                __libogc_lock_release
 .text.__libc_create_hook
                0x000000008001f704       0x10 D:/Games/Dolphin-x64/CodeMii/devkitPro/libogc/lib/wii\libogc.a(newlibc.o)
                0x000000008001f704                __libc_create_hook
 .text.__libc_start_hook
                0x000000008001f714       0x9c D:/Games/Dolphin-x64/CodeMii/devkitPro/libogc/lib/wii\libogc.a(newlibc.o)
                0x000000008001f714                __libc_start_hook
 .text.__libc_delete_hook
                0x000000008001f7b0      0x108 D:/Games/Dolphin-x64/CodeMii/devkitPro/libogc/lib/wii\libogc.a(newlibc.o)
                0x000000008001f7b0                __libc_delete_hook
 .text.__libc_init
                0x000000008001f8b8       0xb0 D:/Games/Dolphin-x64/CodeMii/devkitPro/libogc/lib/wii\libogc.a(newlibc.o)
                0x000000008001f8b8                __libc_init
 .text.__usbgecko_exi_unlock
                0x000000008001f968       0x34 D:/Games/Dolphin-x64/CodeMii/devkitPro/libogc/lib/wii\libogc.a(usbgecko.o)
 .text.usb_isgeckoalive
                0x000000008001f99c      0x1c0 D:/Games/Dolphin-x64/CodeMii/devkitPro/libogc/lib/wii\libogc.a(usbgecko.o)
                0x000000008001f99c                usb_isgeckoalive
 .text.usb_sendbuffer_ex
                0x000000008001fb5c      0x214 D:/Games/Dolphin-x64/CodeMii/devkitPro/libogc/lib/wii\libogc.a(usbgecko.o)
                0x000000008001fb5c                usb_sendbuffer_ex
 .text.usb_sendbuffer
                0x000000008001fd70        0x8 D:/Games/Dolphin-x64/CodeMii/devkitPro/libogc/lib/wii\libogc.a(usbgecko.o)
                0x000000008001fd70                usb_sendbuffer
 .text.usb_sendbuffer_safe_ex
                0x000000008001fd78      0x29c D:/Games/Dolphin-x64/CodeMii/devkitPro/libogc/lib/wii\libogc.a(usbgecko.o)
                0x000000008001fd78                usb_sendbuffer_safe_ex
 .text.usb_sendbuffer_safe
                0x0000000080020014        0x8 D:/Games/Dolphin-x64/CodeMii/devkitPro/libogc/lib/wii\libogc.a(usbgecko.o)
                0x0000000080020014                usb_sendbuffer_safe
 .text.__libogc_sbrk_r
                0x000000008002001c      0x29c D:/Games/Dolphin-x64/CodeMii/devkitPro/libogc/lib/wii\libogc.a(sbrk.o)
                0x000000008002001c                __libogc_sbrk_r
 .text.__memlock_init
                0x00000000800202b8       0x7c D:/Games/Dolphin-x64/CodeMii/devkitPro/libogc/lib/wii\libogc.a(malloc_lock.o)
                0x00000000800202b8                __memlock_init
 .text.__libogc_malloc_lock
                0x0000000080020334      0x1fc D:/Games/Dolphin-x64/CodeMii/devkitPro/libogc/lib/wii\libogc.a(malloc_lock.o)
                0x0000000080020334                __libogc_malloc_lock
 .text.__libogc_malloc_unlock
                0x0000000080020530       0x64 D:/Games/Dolphin-x64/CodeMii/devkitPro/libogc/lib/wii\libogc.a(malloc_lock.o)
                0x0000000080020530                __libogc_malloc_unlock
 .text.__STM_SetEventHook
                0x0000000080020594       0xb0 D:/Games/Dolphin-x64/CodeMii/devkitPro/libogc/lib/wii\libogc.a(stm.o)
                0x0000000080020594                __STM_SetEventHook
 .text.__STM_Init
                0x0000000080020644       0x94 D:/Games/Dolphin-x64/CodeMii/devkitPro/libogc/lib/wii\libogc.a(stm.o)
                0x0000000080020644                __STM_Init
 .text.__STMEventHandler
                0x00000000800206d8       0x60 D:/Games/Dolphin-x64/CodeMii/devkitPro/libogc/lib/wii\libogc.a(stm.o)
 .text.__STM_ReleaseEventHook
                0x0000000080020738       0x80 D:/Games/Dolphin-x64/CodeMii/devkitPro/libogc/lib/wii\libogc.a(stm.o)
                0x0000000080020738                __STM_ReleaseEventHook
 .text.__STM_Close
                0x00000000800207b8       0xac D:/Games/Dolphin-x64/CodeMii/devkitPro/libogc/lib/wii\libogc.a(stm.o)
                0x00000000800207b8                __STM_Close
 .text.STM_RegisterEventHandler
                0x0000000080020864       0x10 D:/Games/Dolphin-x64/CodeMii/devkitPro/libogc/lib/wii\libogc.a(stm.o)
                0x0000000080020864                STM_RegisterEventHandler
 .text.STM_ShutdownToStandby
                0x0000000080020874       0x50 D:/Games/Dolphin-x64/CodeMii/devkitPro/libogc/lib/wii\libogc.a(stm.o)
                0x0000000080020874                STM_ShutdownToStandby
 .text.STM_ShutdownToIdle
                0x00000000800208c4       0x70 D:/Games/Dolphin-x64/CodeMii/devkitPro/libogc/lib/wii\libogc.a(stm.o)
                0x00000000800208c4                STM_ShutdownToIdle
 .text.STM_SetLedMode
                0x0000000080020934       0x40 D:/Games/Dolphin-x64/CodeMii/devkitPro/libogc/lib/wii\libogc.a(stm.o)
                0x0000000080020934                STM_SetLedMode
 .text.STM_RebootSystem
                0x0000000080020974       0x50 D:/Games/Dolphin-x64/CodeMii/devkitPro/libogc/lib/wii\libogc.a(stm.o)
                0x0000000080020974                STM_RebootSystem
 .text.__IOS_InitializeSubsystems
                0x00000000800209c4       0x44 D:/Games/Dolphin-x64/CodeMii/devkitPro/libogc/lib/wii\libogc.a(ios.o)
                0x00000000800209c4                __IOS_InitializeSubsystems
 .text.__IOS_ShutdownSubsystems
                0x0000000080020a08       0x44 D:/Games/Dolphin-x64/CodeMii/devkitPro/libogc/lib/wii\libogc.a(ios.o)
                0x0000000080020a08                __IOS_ShutdownSubsystems
 .text.__IOS_LoadStartupIOS
                0x0000000080020a4c        0x8 D:/Games/Dolphin-x64/CodeMii/devkitPro/libogc/lib/wii\libogc.a(ios.o)
                0x0000000080020a4c                __IOS_LoadStartupIOS
 .text._ES_fstat_r
                0x0000000080020a54      0x11c D:/Games/Dolphin-x64/CodeMii/devkitPro/libogc/lib/wii\libogc.a(es.o)
 .text._ES_seek_r
                0x0000000080020b70       0xe4 D:/Games/Dolphin-x64/CodeMii/devkitPro/libogc/lib/wii\libogc.a(es.o)
 .text._ES_close_r
                0x0000000080020c54       0xac D:/Games/Dolphin-x64/CodeMii/devkitPro/libogc/lib/wii\libogc.a(es.o)
 .text.__ES_Init
                0x0000000080020d00       0x78 D:/Games/Dolphin-x64/CodeMii/devkitPro/libogc/lib/wii\libogc.a(es.o)
                0x0000000080020d00                __ES_Init
 .text.__ES_Close
                0x0000000080020d78       0x54 D:/Games/Dolphin-x64/CodeMii/devkitPro/libogc/lib/wii\libogc.a(es.o)
                0x0000000080020d78                __ES_Close
 .text.ES_GetTitleID
                0x0000000080020dcc       0x94 D:/Games/Dolphin-x64/CodeMii/devkitPro/libogc/lib/wii\libogc.a(es.o)
                0x0000000080020dcc                ES_GetTitleID
 .text.ES_LaunchTitle
                0x0000000080020e60       0xa4 D:/Games/Dolphin-x64/CodeMii/devkitPro/libogc/lib/wii\libogc.a(es.o)
                0x0000000080020e60                ES_LaunchTitle
 .text.ES_GetNumTicketViews
                0x0000000080020f04       0x98 D:/Games/Dolphin-x64/CodeMii/devkitPro/libogc/lib/wii\libogc.a(es.o)
                0x0000000080020f04                ES_GetNumTicketViews
 .text.ES_GetTicketViews
                0x0000000080020f9c       0x8c D:/Games/Dolphin-x64/CodeMii/devkitPro/libogc/lib/wii\libogc.a(es.o)
                0x0000000080020f9c                ES_GetTicketViews
 .text.ES_GetStoredTMD
                0x0000000080021028       0x90 D:/Games/Dolphin-x64/CodeMii/devkitPro/libogc/lib/wii\libogc.a(es.o)
                0x0000000080021028                ES_GetStoredTMD
 .text._ES_decodepath
                0x00000000800210b8      0x384 D:/Games/Dolphin-x64/CodeMii/devkitPro/libogc/lib/wii\libogc.a(es.o)
 .text._ES_stat_r
                0x000000008002143c       0xe8 D:/Games/Dolphin-x64/CodeMii/devkitPro/libogc/lib/wii\libogc.a(es.o)
 .text._ES_open_r
                0x0000000080021524      0x1c8 D:/Games/Dolphin-x64/CodeMii/devkitPro/libogc/lib/wii\libogc.a(es.o)
 .text.ES_ReadContent
                0x00000000800216ec       0x6c D:/Games/Dolphin-x64/CodeMii/devkitPro/libogc/lib/wii\libogc.a(es.o)
                0x00000000800216ec                ES_ReadContent
 .text._ES_read_r
                0x0000000080021758      0x1bc D:/Games/Dolphin-x64/CodeMii/devkitPro/libogc/lib/wii\libogc.a(es.o)
 .text.__usbv5_messageCB
                0x0000000080021914       0x5c D:/Games/Dolphin-x64/CodeMii/devkitPro/libogc/lib/wii\libogc.a(usb.o)
 .text.__usbv0_messageCB
                0x0000000080021970       0xa8 D:/Games/Dolphin-x64/CodeMii/devkitPro/libogc/lib/wii\libogc.a(usb.o)
 .text.__usb_control_message
                0x0000000080021a18      0x478 D:/Games/Dolphin-x64/CodeMii/devkitPro/libogc/lib/wii\libogc.a(usb.o)
 .text.__usb_interrupt_bulk_message
                0x0000000080021e90      0x2c4 D:/Games/Dolphin-x64/CodeMii/devkitPro/libogc/lib/wii\libogc.a(usb.o)
 .text.__usbv5_devicechangeCB
                0x0000000080022154      0x180 D:/Games/Dolphin-x64/CodeMii/devkitPro/libogc/lib/wii\libogc.a(usb.o)
 .text.__usbv5_attachfinishCB
                0x00000000800222d4       0xec D:/Games/Dolphin-x64/CodeMii/devkitPro/libogc/lib/wii\libogc.a(usb.o)
 .text.USB_FreeDescriptors.part.0
                0x00000000800223c0       0xfc D:/Games/Dolphin-x64/CodeMii/devkitPro/libogc/lib/wii\libogc.a(usb.o)
 .text.USB_GetDescriptors.part.0
                0x00000000800224bc      0x69c D:/Games/Dolphin-x64/CodeMii/devkitPro/libogc/lib/wii\libogc.a(usb.o)
 .text.USBV5_SuspendResume
                0x0000000080022b58      0x138 D:/Games/Dolphin-x64/CodeMii/devkitPro/libogc/lib/wii\libogc.a(usb.o)
 .text.USBV5_GetDescriptors
                0x0000000080022c90      0x518 D:/Games/Dolphin-x64/CodeMii/devkitPro/libogc/lib/wii\libogc.a(usb.o)
 .text.USB_Deinitialize
                0x00000000800231a8       0xc8 D:/Games/Dolphin-x64/CodeMii/devkitPro/libogc/lib/wii\libogc.a(usb.o)
                0x00000000800231a8                USB_Deinitialize
 .text.USB_Initialize
                0x0000000080023270      0x2f0 D:/Games/Dolphin-x64/CodeMii/devkitPro/libogc/lib/wii\libogc.a(usb.o)
                0x0000000080023270                USB_Initialize
 .text.USB_OpenDevice
                0x0000000080023560      0x2b4 D:/Games/Dolphin-x64/CodeMii/devkitPro/libogc/lib/wii\libogc.a(usb.o)
                0x0000000080023560                USB_OpenDevice
 .text.USBV5_CloseDevice